Archive member included to satisfy reference by file (symbol)

../talib1//libtalib1.a(params.o)
                              ./ta2_main.o (SM9Params_init)
../talib1//libtalib1.a(sm4.o)
                              ./ta2_main.o (sm4_ecb_encryption)
../talib1//libtalib1.a(sm9.o)
                              ./ta2_main.o (sm9_set_para)
../talib1//libtalib1.a(sm2.o)
                              ./ta2_main.o (sm2_en)
../talib1//libtalib1.a(otp.o)
                              ./ta2_main.o (msg_context_init)
../talib1//libtalib1.a(pkey.o)
                              ./ta2_main.o (Cnode_init)
../talib1//libtalib1.a(bn.o)  ../talib1//libtalib1.a(sm9.o) (CBigIntInit)
../talib1//libtalib1.a(bn_field2.o)
                              ../talib1//libtalib1.a(sm9.o) (F2_construct)
../talib1//libtalib1.a(bn_field12.o)
                              ../talib1//libtalib1.a(sm9.o) (BNField12_init)
../talib1//libtalib1.a(bn_point.o)
                              ../talib1//libtalib1.a(sm9.o) (BNPoint_init)
../talib1//libtalib1.a(bn_point2.o)
                              ../talib1//libtalib1.a(sm9.o) (P2_construct_xy)
../talib1//libtalib1.a(bn_pairing.o)
                              ../talib1//libtalib1.a(sm9.o) (Pairing_opt)
../talib1//libtalib1.a(sm3.o)
                              ../talib1//libtalib1.a(sm9.o) (sm3)
../talib1//libtalib1.a(utility.o)
                              ../talib1//libtalib1.a(sm2.o) (Bytes_XOR)
../talib1//libtalib1.a(mtwister.o)
                              ../talib1//libtalib1.a(otp.o) (RandomGen)
../talib1//libtalib1.a(bn_field4.o)
                              ../talib1//libtalib1.a(bn_field12.o) (BNField4_init)
../talib1//libtalib1.a(libmath.o)
                              ../talib1//libtalib1.a(utility.o) (Ceil)
/home/kidds/testedoptee/optee_os/out/arm/export-ta_arm32/lib/libutils.a(memcpy.o)
                              ./ta2_main.o (memcpy)
/home/kidds/testedoptee/optee_os/out/arm/export-ta_arm32/lib/libutils.a(memmove.o)
                              ../talib1//libtalib1.a(pkey.o) (memmove)
/home/kidds/testedoptee/optee_os/out/arm/export-ta_arm32/lib/libutils.a(memset.o)
                              ../talib1//libtalib1.a(sm4.o) (memset)
/home/kidds/testedoptee/optee_os/out/arm/export-ta_arm32/lib/libutils.a(strcpy.o)
                              ../talib1//libtalib1.a(bn.o) (strcpy)
/home/kidds/testedoptee/optee_os/out/arm/export-ta_arm32/lib/libutils.a(strlen.o)
                              ../talib1//libtalib1.a(bn.o) (strlen)
/home/kidds/testedoptee/optee_os/out/arm/export-ta_arm32/lib/libutils.a(arm32_aeabi_ldivmod_a32.o)
                              ../talib1//libtalib1.a(bn.o) (__aeabi_uldivmod)
/home/kidds/testedoptee/optee_os/out/arm/export-ta_arm32/lib/libutils.a(arm32_aeabi_ldivmod.o)
                              /home/kidds/testedoptee/optee_os/out/arm/export-ta_arm32/lib/libutils.a(arm32_aeabi_ldivmod_a32.o) (__ul_divmod)
/home/kidds/testedoptee/optee_os/out/arm/export-ta_arm32/lib/libutils.a(memzero_explicit.o)
                              ../talib1//libtalib1.a(sm3.o) (memzero_explicit)
/home/kidds/testedoptee/optee_os/out/arm/export-ta_arm32/lib/libutils.a(aeabi_unwind.o)
                              ./ta2_main.o (__aeabi_unwind_cpp_pr0)
/home/kidds/testedoptee/optee_os/out/arm/export-ta_arm32/lib/libutee.a(assert.o)
                              ../talib1//libtalib1.a(sm4.o) (_assert_log)
/home/kidds/testedoptee/optee_os/out/arm/export-ta_arm32/lib/libutee.a(trace_ext.o)
                              ./ta2_main.o (printf)
/home/kidds/testedoptee/optee_os/out/arm/export-ta_arm32/lib/libutee.a(tee_api.o)
                              ./ta2_main.o (TEE_CloseTASession)
/home/kidds/testedoptee/optee_os/out/arm/export-ta_arm32/lib/libutee.a(tee_api_operations.o)
                              ../talib1//libtalib1.a(sm9.o) (TEE_GenerateRandom)
/home/kidds/testedoptee/optee_os/out/arm/export-ta_arm32/lib/libutee.a(tee_api_panic.o)
                              /home/kidds/testedoptee/optee_os/out/arm/export-ta_arm32/lib/libutee.a(tee_api.o) (TEE_Panic)
/home/kidds/testedoptee/optee_os/out/arm/export-ta_arm32/lib/libutee.a(tee_system_pta.o)
                              /home/kidds/testedoptee/optee_os/out/arm/export-ta_arm32/lib/libutee.a(tee_api.o) (tee_map_zi)
/home/kidds/testedoptee/optee_os/out/arm/export-ta_arm32/lib/libutee.a(utee_syscalls_a32.o)
                              /home/kidds/testedoptee/optee_os/out/arm/export-ta_arm32/lib/libutee.a(assert.o) (_utee_panic)
/home/kidds/testedoptee/optee_os/out/arm/export-ta_arm32/lib/libutee.a(user_ta_entry.o)
                              ./user_ta_header.o (__utee_entry)
/home/kidds/testedoptee/optee_os/out/arm/export-ta_arm32/lib/libutee.a(abort.o)
                              /home/kidds/testedoptee/optee_os/out/arm/export-ta_arm32/lib/libutee.a(user_ta_entry.o) (abort)
/home/kidds/testedoptee/optee_os/out/arm/export-ta_arm32/lib/libutee.a(tee_api_arith_mpi.o)
[...]
Memory Configuration

Name             Origin             Length             Attributes
*default*        0x0000000000000000 0xffffffffffffffff

Linker script and memory map


.ta_head        0x0000000000000000       0x20
 *(SORT_BY_ALIGNMENT(.ta_head))
 .ta_head       0x0000000000000000       0x20 ./user_ta_header.o
                0x0000000000000000                ta_head

.text           0x0000000000000020    0x13690
                0x0000000000000020                __text_start = .
 *(SORT_BY_ALIGNMENT(.text) SORT_BY_ALIGNMENT(.text.*))
 .text          0x0000000000000020      0x1c4 ../talib1//libtalib1.a(mtwister.o)
                0x0000000000000020                seedRand
                0x000000000000005e                genRandLong
                0x0000000000000170                genRand
                0x0000000000000190                RandomGen
 .text          0x00000000000001e4      0xbac ./ta2_main.o
                0x0000000000000548                secure_read
                0x0000000000000618                secure_delete
                0x0000000000000690                TA_CreateEntryPoint
                0x00000000000006a4                TA_DestroyEntryPoint
                0x00000000000006b0                TA_OpenSessionEntryPoint
                0x0000000000000700                ta2_Context_Hmac
                0x00000000000008f4                ta2_Secure_Read
                0x0000000000000930                ta2_Context_Update
                0x0000000000000a14                ta2_Context_DeHmac
                0x0000000000000d30                TA_CloseSessionEntryPoint
                0x0000000000000d3c                TA_InvokeCommandEntryPoint
 .text.__ta_entry
                0x0000000000000d90        0x4 ./ta_entry_a32.o
                0x0000000000000d90                __ta_entry
 .text          0x0000000000000d94       0xf0 ../talib1//libtalib1.a(params.o)
                0x0000000000000d94                SM9Params_init
 .text          0x0000000000000e84      0x450 ../talib1//libtalib1.a(sm4.o)
                0x00000000000010a4                sm4_setkey_enc
                0x00000000000010ac                sm4_setkey_dec
                0x00000000000010d6                sm4_crypt_ecb
                0x0000000000001120                sm4_crypt_cbc
                0x00000000000011f0                sm4_crypt_ctr
                0x000000000000128c                sm4_ecb_encryption
                0x00000000000012b0                sm4_ecb_decryption
 .text          0x00000000000012d4      0xd88 ../talib1//libtalib1.a(sm9.o)
                0x00000000000012d4                sm9_set_para
                0x0000000000001450                sm9_key_calculate
                0x000000000000158a                sm9_key_generation
                0x0000000000001650                sm9_reset_ctx
                0x00000000000016b6                sm9_set_r
                0x00000000000016e4                sm9_userA_exchangeR
                0x0000000000001824                sm9_userB_exchangeR
                0x0000000000001968                sm9_userA_exchangeSK
                0x0000000000001b70                sm9_userB_exchangeSK
                0x0000000000001d66                sm9_userA_exchangeS
                0x0000000000001ebc                sm9_userB_exchangeS
                0x0000000000002012                sm9_userA_exchangeConfirm
                0x0000000000002036                sm9_userB_exchangeConfirm
 .text          0x000000000000205c      0x47c ../talib1//libtalib1.a(sm2.o)
                0x000000000000205c                sm2_set_str
                0x0000000000002064                sm2_set_stren
                0x000000000000206e                sm2_encryption
                0x000000000000223c                sm2_decryption
                0x0000000000002428                sm2_en
                0x0000000000002480                sm2_de
 .text          0x00000000000024d8      0x2d4 ../talib1//libtalib1.a(otp.o)
                0x00000000000024d8                msg_context_init
                0x0000000000002500                msg_context_move
                0x000000000000252c                msg_context_free
                0x0000000000002530                otp_context_init
                0x0000000000002594                otp_context_hmac
                0x000000000000262e                otp_context_equal
                0x00000000000026ca                otp_context_update
                0x000000000000274e                otp_cons_init
                0x0000000000002780                otp_cons_search
 .text          0x00000000000027ac      0x27c ../talib1//libtalib1.a(pkey.o)
                0x00000000000027ac                Cnode_init
                0x0000000000002868                Cnode_insert
                0x00000000000028a8                Cnode_update
                0x00000000000028c4                Cnode_sort
                0x0000000000002916                Nnode_init
                0x000000000000295a                Nnode_search
                0x0000000000002988                Nnode_update
                0x00000000000029c2                cau_enpkey
                0x00000000000029d6                cau_depkey
                0x00000000000029ea                format_print
 .text          0x0000000000002a28     0x10a8 ../talib1//libtalib1.a(bn.o)
                0x0000000000002a28                CBigIntInit
                0x0000000000002a3e                Cmp
                0x0000000000002a7c                Mov_Big_Big
                0x0000000000002aa0                Mov_Big_Long
                0x0000000000002ad6                Add_Big_Big
                0x0000000000002b68                Add_Big_Long
                0x0000000000002bf2                Sub_Big_Big
                0x0000000000002cb8                Sub_Big_Long
                0x0000000000002d58                Mul_Big_Long
                0x0000000000002dfc                Mul_Big_Big
                0x0000000000002f14                Div_Big_Long
                0x0000000000002fae                Div_Big_Big
                0x0000000000003170                Mod_Big_Big
                0x00000000000032e2                Mod_Big_Long
                0x000000000000332a                Get
                0x00000000000033d4                Put
                0x00000000000034d4                PutFieldElement
                0x00000000000035dc                Inv
                0x000000000000388c                Exp
 .text          0x0000000000003ad0      0xfc8 ../talib1//libtalib1.a(bn_field2.o)
                0x0000000000003ad0                BNField2_init
                0x0000000000003ae4                F2_construct
                0x0000000000003bd8                F2_construct_I
                0x0000000000003c64                F2_assign
                0x0000000000003ca8                F2_add
                0x0000000000003db4                F2_add_I
                0x0000000000003e64                CBigInt_substract
                0x0000000000003ff8                F2_substract
                0x0000000000004058                F2_substract_I
                0x00000000000040a6                F2_isZero
                0x0000000000004118                F2_isOne
                0x0000000000004188                F2_equal
                0x00000000000041e4                CBigInt_neg
                0x0000000000004230                F2_negate
                0x00000000000042a4                F2_frobenius
                0x0000000000004330                F2_GFrobenius
                0x00000000000043d0                F2_multiply
                0x000000000000454e                F2_multiply_I
                0x00000000000045d6                F2_multiply_i
                0x000000000000464c                F2_multiply_u
                0x00000000000046e0                F2_square
                0x00000000000047ea                F2_inverse
                0x0000000000004948                F2_toString
                0x00000000000049a4                F2_normorlize
 .text          0x0000000000004a98     0x17c0 ../talib1//libtalib1.a(bn_field12.o)
                0x0000000000004a98                BNField12_init
                0x0000000000004ab4                F12_construct
                0x0000000000004b20                F12_normorlize
                0x0000000000004b8c                F12_assign
                0x0000000000004bf8                F12_assign_1
                0x0000000000004d18                F12_add
                0x0000000000004db8                F12_add_F4
                0x0000000000004e36                F12_substract
                0x0000000000004ed6                F12_substract_F4
                0x0000000000004f54                F12_isZero
                0x0000000000004fc4                F12_isOne
                0x0000000000005034                F12_equal
                0x00000000000050d4                F12_negate
                0x0000000000005140                F12_frobenius
                0x0000000000005210                F12_GFrobenius
                0x000000000000533c                F12_multiply
                0x000000000000570e                F12_multiply_F4
                0x00000000000057ac                F12_multiply_i
                0x0000000000005828                F12_multiply_I
                0x00000000000058c4                F12_square
                0x0000000000005bca                F12_inverse
                0x0000000000005eee                F12_exp
                0x0000000000006034                F12_toString_d
                0x00000000000060c4                F12_toString
 .text          0x0000000000006258     0x12bc ../talib1//libtalib1.a(bn_point.o)
                0x0000000000006258                BNPoint_init
                0x0000000000006274                P_construct
                0x00000000000063c8                P_construct_xy
                0x00000000000064c8                P_assign
                0x0000000000006526                P_isZero
                0x0000000000006574                P_normorlize
                0x0000000000006744                P_isNormal
                0x00000000000067b8                P_equal
                0x00000000000068b6                P_negate
                0x0000000000006914                P_twice
                0x0000000000006c5c                P_add
                0x0000000000007178                P_multiply
                0x0000000000007288                P_isOnBNCurve
                0x0000000000007444                Format_64_Char
                0x000000000000748c                P_toString
 .text          0x0000000000007514     0x11dc ../talib1//libtalib1.a(bn_point2.o)
                0x0000000000007514                BNPoint2_init
                0x00000000000075c0                P2_construct
                0x000000000000761e                P2_construct_xy
                0x00000000000076a4                P2_assign
                0x0000000000007702                P2_isZero
                0x0000000000007726                P2_normorlize
                0x0000000000007884                P2_isNormal
                0x00000000000078ce                P2_equal
                0x00000000000079da                P2_negate
                0x0000000000007a38                P2_twice
                0x0000000000007cc8                P2_add
                0x0000000000008180                P2_multiply
                0x00000000000082b4                P2_isOnBNTCurve
                0x0000000000008424                P2_frobenius
                0x0000000000008574                P2_toString_d
                0x0000000000008614                P2_toString
 .text          0x00000000000086f0      0xffc ../talib1//libtalib1.a(bn_pairing.o)
                0x00000000000086f0                Line_Funtion
                0x0000000000008c74                Final_exp
                0x000000000000900c                Pairing_opt
                0x0000000000009374                Pairing_Rate
 .text          0x00000000000096ec      0x6ac ../talib1//libtalib1.a(sm3.o)
                0x0000000000009aaa                sm3_init
                0x0000000000009b00                sm3_update
                0x0000000000009b8a                sm3_final
                0x0000000000009c68                sm3
                0x0000000000009caa                sm3_hmac_init
                0x0000000000009d22                sm3_hmac_update
                0x0000000000009d26                sm3_hmac_final
                0x0000000000009d66                sm3_hmac
 .text          0x0000000000009d98      0x6ec ../talib1//libtalib1.a(utility.o)
                0x0000000000009d98                Bytes_XOR
                0x0000000000009dae                Bytes_Equal
                0x0000000000009dca                printByte
                0x0000000000009dec                HextoByte
                0x0000000000009e6e                DwordtoByte
                0x0000000000009e9c                BytetoDwordbyte
                0x0000000000009ec2                F12toByte
                0x000000000000a06c                PtoByte
                0x000000000000a0c4                KDF
                0x000000000000a196                Hash_1
                0x000000000000a2e8                convert_UnCharToStr
                0x000000000000a338                convert_StrToUnChar
                0x000000000000a384                convert_unCharToBNPoint
                0x000000000000a3d4                convert_unCharToBNPoint2
 .text          0x000000000000a484      0xa8c ../talib1//libtalib1.a(bn_field4.o)
                0x000000000000a484                BNField4_init
                0x000000000000a498                F4_construct
                0x000000000000a4de                F4_normorlize
                0x000000000000a524                F4_construct_F2
                0x000000000000a58c                F4_assign
                0x000000000000a5d2                F4_add
                0x000000000000a63a                F4_add_F2
                0x000000000000a692                F4_substract
                0x000000000000a6fa                F4_substract_F2
                0x000000000000a752                F4_isZero
                0x000000000000a796                F4_isOne
                0x000000000000a7da                F4_equal
                0x000000000000a83e                F4_negate
                0x000000000000a884                F4_frobenius
                0x000000000000a904                F4_GFrobenius
                0x000000000000a9a4                F4_multiply
                0x000000000000ab20                F4_multiply_F2
                0x000000000000ab88                F4_multiply_i
                0x000000000000abd4                F4_multiply_I
                0x000000000000ac3a                F4_multiply_v
                0x000000000000acb6                F4_square
                0x000000000000adaa                F4_inverse
                0x000000000000aeac                F4_toString
 .text          0x000000000000af10       0x88 ../talib1//libtalib1.a(libmath.o)
                0x000000000000af10                Ceil
                0x000000000000af5c                Floor
 .text          0x000000000000af98       0xd8 /home/kidds/testedoptee/optee_os/out/arm/export-ta_arm32/lib/libutils.a(memcpy.o)
                0x000000000000af98                memcpy
 .text.__aeabi_ldivmod
                0x000000000000b070       0x18 /home/kidds/testedoptee/optee_os/out/arm/export-ta_arm32/lib/libutils.a(arm32_aeabi_ldivmod_a32.o)
                0x000000000000b070                __aeabi_ldivmod
 .text.__aeabi_uldivmod
                0x000000000000b088       0x18 /home/kidds/testedoptee/optee_os/out/arm/export-ta_arm32/lib/libutils.a(arm32_aeabi_ldivmod_a32.o)
                0x000000000000b088                __aeabi_uldivmod
 .text          0x000000000000b0a0       0x38 /home/kidds/testedoptee/optee_os/out/arm/export-ta_arm32/lib/libutee.a(assert.o)
                0x000000000000b0a0                _assert_log
                0x000000000000b0c8                _assert_break
 .text          0x000000000000b0d8       0x9c /home/kidds/testedoptee/optee_os/out/arm/export-ta_arm32/lib/libutee.a(trace_ext.o)
                0x000000000000b0d8                trace_ext_puts
                0x000000000000b0ec                trace_ext_get_thread_id
                0x000000000000b0f2                printf
                0x000000000000b12c                puts
                0x000000000000b150                putchar
 .text          0x000000000000b174      0x488 /home/kidds/testedoptee/optee_os/out/arm/export-ta_arm32/lib/libutee.a(tee_api.o)
                0x000000000000b1d8                TEE_CloseTASession
                0x000000000000b1ec                TEE_GetCancellationFlag
                0x000000000000b208                TEE_UnmaskCancellation
                0x000000000000b224                TEE_MaskCancellation
                0x000000000000b240                TEE_CheckMemoryAccessRights
                0x000000000000b37c                TEE_OpenTASession
                0x000000000000b410                TEE_InvokeTACommand
                0x000000000000b4c4                TEE_SetInstanceData
                0x000000000000b4d0                TEE_GetInstanceData
                0x000000000000b4dc                TEE_MemMove
                0x000000000000b4e0                TEE_MemCompare
                0x000000000000b4e4                TEE_MemFill
                0x000000000000b4e8                TEE_GetSystemTime
                0x000000000000b4fe                TEE_Wait
                0x000000000000b51c                TEE_GetTAPersistentTime
                0x000000000000b558                TEE_SetTAPersistentTime
                0x000000000000b580                TEE_GetREETime
                0x000000000000b596                TEE_Malloc
                0x000000000000b5e0                TEE_Realloc
                0x000000000000b5e4                TEE_Free
                0x000000000000b5e8                TEE_CacheClean
                0x000000000000b5ee                TEE_CacheFlush
                0x000000000000b5f4                TEE_CacheInvalidate
 .text          0x000000000000b5fc     0x1b4c /home/kidds/testedoptee/optee_os/out/arm/export-ta_arm32/lib/libutee.a(tee_api_operations.o)
                0x000000000000b750                TEE_FreeOperation
                0x000000000000b776                TEE_AllocateOperation
                0x000000000000bf20                TEE_GetOperationInfo
                0x000000000000bf50                TEE_GetOperationInfoMultiple
                0x000000000000c024                TEE_ResetOperation
                0x000000000000c064                TEE_SetOperationKey
                0x000000000000c0fc                TEE_SetOperationKey2
                0x000000000000c1f4                TEE_CopyOperation
                0x000000000000c2a8                TEE_DigestUpdate
                0x000000000000c2d8                TEE_DigestDoFinal
                0x000000000000c35c                TEE_CipherInit
                0x000000000000c3b2                TEE_CipherUpdate
                0x000000000000c4a4                TEE_CipherDoFinal
                0x000000000000c5e0                TEE_MACInit
                0x000000000000c636                TEE_MACUpdate
                0x000000000000c684                TEE_MACComputeFinal
                0x000000000000c700                TEE_MACCompareFinal
                0x000000000000c768                TEE_AEInit
                0x000000000000c7d8                TEE_AEUpdateAAD
                0x000000000000c81e                TEE_AEUpdate
                0x000000000000c8fc                TEE_AEEncryptFinal
                0x000000000000ca1c                TEE_AEDecryptFinal
                0x000000000000cb1c                TEE_AsymmetricEncrypt
                0x000000000000cbdc                TEE_AsymmetricDecrypt
                0x000000000000cc9c                TEE_AsymmetricSignDigest
                0x000000000000cd58                TEE_AsymmetricVerifyDigest
                0x000000000000ce00                TEE_DeriveKey
                0x000000000000cee0                TEE_GenerateRandom
                0x000000000000cef2                rand
                0x000000000000cf0a                TEE_IsAlgorithmSupported
 .text          0x000000000000d148       0xd8 /home/kidds/testedoptee/optee_os/out/arm/export-ta_arm32/lib/libutee.a(tee_api_panic.o)
                0x000000000000d168                TEE_Panic
                0x000000000000d176                __utee_check_outbuf_annotation
                0x000000000000d1a4                __utee_check_instring_annotation
                0x000000000000d1bc                __utee_check_outstring_annotation
                0x000000000000d1e8                __utee_check_out_annotation
                0x000000000000d1fa                __utee_check_attr_in_annotation
                0x000000000000d20e                __utee_check_inout_annotation
 .text          0x000000000000d220      0x15c /home/kidds/testedoptee/optee_os/out/arm/export-ta_arm32/lib/libutee.a(tee_system_pta.o)
                0x000000000000d270                tee_map_zi
                0x000000000000d2a6                tee_unmap
                0x000000000000d2f4                tee_invoke_supp_plugin
 .text          0x000000000000d37c        0x0 /home/kidds/testedoptee/optee_os/out/arm/export-ta_arm32/lib/libutee.a(utee_syscalls_a32.o)
 .text._utee_panic
                0x000000000000d37c       0x14 /home/kidds/testedoptee/optee_os/out/arm/export-ta_arm32/lib/libutee.a(utee_syscalls_a32.o)
                0x000000000000d37c                _utee_panic
 .text._utee_return
                0x000000000000d390       0x14 /home/kidds/testedoptee/optee_os/out/arm/export-ta_arm32/lib/libutee.a(utee_syscalls_a32.o)
                0x000000000000d390                _utee_return
 .text._utee_log
                0x000000000000d3a4       0x14 /home/kidds/testedoptee/optee_os/out/arm/export-ta_arm32/lib/libutee.a(utee_syscalls_a32.o)
                0x000000000000d3a4                _utee_log
 .text.__utee_panic
                0x000000000000d3b8       0x14 /home/kidds/testedoptee/optee_os/out/arm/export-ta_arm32/lib/libutee.a(utee_syscalls_a32.o)
                0x000000000000d3b8                __utee_panic
 .text._utee_get_property
                0x000000000000d3cc       0x18 /home/kidds/testedoptee/optee_os/out/arm/export-ta_arm32/lib/libutee.a(utee_syscalls_a32.o)
                0x000000000000d3cc                _utee_get_property
 .text._utee_get_property_name_to_index
                0x000000000000d3e4       0x14 /home/kidds/testedoptee/optee_os/out/arm/export-ta_arm32/lib/libutee.a(utee_syscalls_a32.o)
                0x000000000000d3e4                _utee_get_property_name_to_index
 .text._utee_open_ta_session
                0x000000000000d3f8       0x18 /home/kidds/testedoptee/optee_os/out/arm/export-ta_arm32/lib/libutee.a(utee_syscalls_a32.o)
                0x000000000000d3f8                _utee_open_ta_session
 .text._utee_close_ta_session
                0x000000000000d410       0x14 /home/kidds/testedoptee/optee_os/out/arm/export-ta_arm32/lib/libutee.a(utee_syscalls_a32.o)
                0x000000000000d410                _utee_close_ta_session
 .text._utee_invoke_ta_command
                0x000000000000d424       0x18 /home/kidds/testedoptee/optee_os/out/arm/export-ta_arm32/lib/libutee.a(utee_syscalls_a32.o)
                0x000000000000d424                _utee_invoke_ta_command
 .text._utee_get_cancellation_flag
                0x000000000000d43c       0x14 /home/kidds/testedoptee/optee_os/out/arm/export-ta_arm32/lib/libutee.a(utee_syscalls_a32.o)
                0x000000000000d43c                _utee_get_cancellation_flag
 .text._utee_check_access_rights
                0x000000000000d450       0x14 /home/kidds/testedoptee/optee_os/out/arm/export-ta_arm32/lib/libutee.a(utee_syscalls_a32.o)
                0x000000000000d450                _utee_check_access_rights
 .text._utee_unmask_cancellation
                0x000000000000d464       0x14 /home/kidds/testedoptee/optee_os/out/arm/export-ta_arm32/lib/libutee.a(utee_syscalls_a32.o)
                0x000000000000d464                _utee_unmask_cancellation
 .text._utee_mask_cancellation
                0x000000000000d478       0x14 /home/kidds/testedoptee/optee_os/out/arm/export-ta_arm32/lib/libutee.a(utee_syscalls_a32.o)
                0x000000000000d478                _utee_mask_cancellation
 .text._utee_wait
                0x000000000000d48c       0x14 /home/kidds/testedoptee/optee_os/out/arm/export-ta_arm32/lib/libutee.a(utee_syscalls_a32.o)
                0x000000000000d48c                _utee_wait
 .text._utee_get_time
                0x000000000000d4a0       0x14 /home/kidds/testedoptee/optee_os/out/arm/export-ta_arm32/lib/libutee.a(utee_syscalls_a32.o)
                0x000000000000d4a0                _utee_get_time
 .text._utee_set_ta_time
                0x000000000000d4b4       0x14 /home/kidds/testedoptee/optee_os/out/arm/export-ta_arm32/lib/libutee.a(utee_syscalls_a32.o)
                0x000000000000d4b4                _utee_set_ta_time
 .text._utee_cryp_state_alloc
                0x000000000000d4c8       0x18 /home/kidds/testedoptee/optee_os/out/arm/export-ta_arm32/lib/libutee.a(utee_syscalls_a32.o)
                0x000000000000d4c8                _utee_cryp_state_alloc
 .text._utee_cryp_state_copy
                0x000000000000d4e0       0x14 /home/kidds/testedoptee/optee_os/out/arm/export-ta_arm32/lib/libutee.a(utee_syscalls_a32.o)
                0x000000000000d4e0                _utee_cryp_state_copy
 .text._utee_cryp_state_free
                0x000000000000d4f4       0x14 /home/kidds/testedoptee/optee_os/out/arm/export-ta_arm32/lib/libutee.a(utee_syscalls_a32.o)
                0x000000000000d4f4                _utee_cryp_state_free
 .text._utee_hash_init
                0x000000000000d508       0x14 /home/kidds/testedoptee/optee_os/out/arm/export-ta_arm32/lib/libutee.a(utee_syscalls_a32.o)
                0x000000000000d508                _utee_hash_init
 .text._utee_hash_update
                0x000000000000d51c       0x14 /home/kidds/testedoptee/optee_os/out/arm/export-ta_arm32/lib/libutee.a(utee_syscalls_a32.o)
                0x000000000000d51c                _utee_hash_update
 .text._utee_hash_final
                0x000000000000d530       0x18 /home/kidds/testedoptee/optee_os/out/arm/export-ta_arm32/lib/libutee.a(utee_syscalls_a32.o)
                0x000000000000d530                _utee_hash_final
 .text._utee_cipher_init
                0x000000000000d548       0x14 /home/kidds/testedoptee/optee_os/out/arm/export-ta_arm32/lib/libutee.a(utee_syscalls_a32.o)
                0x000000000000d548                _utee_cipher_init
 .text._utee_cipher_update
                0x000000000000d55c       0x18 /home/kidds/testedoptee/optee_os/out/arm/export-ta_arm32/lib/libutee.a(utee_syscalls_a32.o)
                0x000000000000d55c                _utee_cipher_update
 .text._utee_cipher_final
                0x000000000000d574       0x18 /home/kidds/testedoptee/optee_os/out/arm/export-ta_arm32/lib/libutee.a(utee_syscalls_a32.o)
                0x000000000000d574                _utee_cipher_final
 .text._utee_cryp_obj_get_info
                0x000000000000d58c       0x14 /home/kidds/testedoptee/optee_os/out/arm/export-ta_arm32/lib/libutee.a(utee_syscalls_a32.o)
                0x000000000000d58c                _utee_cryp_obj_get_info
 .text._utee_cryp_obj_restrict_usage
                0x000000000000d5a0       0x14 /home/kidds/testedoptee/optee_os/out/arm/export-ta_arm32/lib/libutee.a(utee_syscalls_a32.o)
                0x000000000000d5a0                _utee_cryp_obj_restrict_usage
 .text._utee_cryp_obj_get_attr
                0x000000000000d5b4       0x14 /home/kidds/testedoptee/optee_os/out/arm/export-ta_arm32/lib/libutee.a(utee_syscalls_a32.o)
                0x000000000000d5b4                _utee_cryp_obj_get_attr
 .text._utee_cryp_obj_alloc
                0x000000000000d5c8       0x14 /home/kidds/testedoptee/optee_os/out/arm/export-ta_arm32/lib/libutee.a(utee_syscalls_a32.o)
                0x000000000000d5c8                _utee_cryp_obj_alloc
 .text._utee_cryp_obj_close
                0x000000000000d5dc       0x14 /home/kidds/testedoptee/optee_os/out/arm/export-ta_arm32/lib/libutee.a(utee_syscalls_a32.o)
                0x000000000000d5dc                _utee_cryp_obj_close
 .text._utee_cryp_obj_reset
                0x000000000000d5f0       0x14 /home/kidds/testedoptee/optee_os/out/arm/export-ta_arm32/lib/libutee.a(utee_syscalls_a32.o)
                0x000000000000d5f0                _utee_cryp_obj_reset
 .text._utee_cryp_obj_populate
                0x000000000000d604       0x14 /home/kidds/testedoptee/optee_os/out/arm/export-ta_arm32/lib/libutee.a(utee_syscalls_a32.o)
                0x000000000000d604                _utee_cryp_obj_populate
 .text._utee_cryp_obj_copy
                0x000000000000d618       0x14 /home/kidds/testedoptee/optee_os/out/arm/export-ta_arm32/lib/libutee.a(utee_syscalls_a32.o)
                0x000000000000d618                _utee_cryp_obj_copy
 .text._utee_cryp_derive_key
                0x000000000000d62c       0x14 /home/kidds/testedoptee/optee_os/out/arm/export-ta_arm32/lib/libutee.a(utee_syscalls_a32.o)
                0x000000000000d62c                _utee_cryp_derive_key
 .text._utee_cryp_random_number_generate
                0x000000000000d640       0x14 /home/kidds/testedoptee/optee_os/out/arm/export-ta_arm32/lib/libutee.a(utee_syscalls_a32.o)
                0x000000000000d640                _utee_cryp_random_number_generate
 .text._utee_authenc_init
                0x000000000000d654       0x18 /home/kidds/testedoptee/optee_os/out/arm/export-ta_arm32/lib/libutee.a(utee_syscalls_a32.o)
                0x000000000000d654                _utee_authenc_init
 .text._utee_authenc_update_aad
                0x000000000000d66c       0x14 /home/kidds/testedoptee/optee_os/out/arm/export-ta_arm32/lib/libutee.a(utee_syscalls_a32.o)
                0x000000000000d66c                _utee_authenc_update_aad
 .text._utee_authenc_update_payload
                0x000000000000d680       0x18 /home/kidds/testedoptee/optee_os/out/arm/export-ta_arm32/lib/libutee.a(utee_syscalls_a32.o)
                0x000000000000d680                _utee_authenc_update_payload
 .text._utee_authenc_enc_final
                0x000000000000d698       0x18 /home/kidds/testedoptee/optee_os/out/arm/export-ta_arm32/lib/libutee.a(utee_syscalls_a32.o)
                0x000000000000d698                _utee_authenc_enc_final
 .text._utee_authenc_dec_final
                0x000000000000d6b0       0x18 /home/kidds/testedoptee/optee_os/out/arm/export-ta_arm32/lib/libutee.a(utee_syscalls_a32.o)
                0x000000000000d6b0                _utee_authenc_dec_final
 .text._utee_asymm_operate
                0x000000000000d6c8       0x18 /home/kidds/testedoptee/optee_os/out/arm/export-ta_arm32/lib/libutee.a(utee_syscalls_a32.o)
                0x000000000000d6c8                _utee_asymm_operate
 .text._utee_asymm_verify
                0x000000000000d6e0       0x18 /home/kidds/testedoptee/optee_os/out/arm/export-ta_arm32/lib/libutee.a(utee_syscalls_a32.o)
                0x000000000000d6e0                _utee_asymm_verify
 .text._utee_storage_obj_open
                0x000000000000d6f8       0x18 /home/kidds/testedoptee/optee_os/out/arm/export-ta_arm32/lib/libutee.a(utee_syscalls_a32.o)
                0x000000000000d6f8                _utee_storage_obj_open
 .text._utee_storage_obj_create
                0x000000000000d710       0x18 /home/kidds/testedoptee/optee_os/out/arm/export-ta_arm32/lib/libutee.a(utee_syscalls_a32.o)
                0x000000000000d710                _utee_storage_obj_create
 .text._utee_storage_obj_del
                0x000000000000d728       0x14 /home/kidds/testedoptee/optee_os/out/arm/export-ta_arm32/lib/libutee.a(utee_syscalls_a32.o)
                0x000000000000d728                _utee_storage_obj_del
 .text._utee_storage_obj_rename
                0x000000000000d73c       0x14 /home/kidds/testedoptee/optee_os/out/arm/export-ta_arm32/lib/libutee.a(utee_syscalls_a32.o)
                0x000000000000d73c                _utee_storage_obj_rename
 .text._utee_storage_alloc_enum
                0x000000000000d750       0x14 /home/kidds/testedoptee/optee_os/out/arm/export-ta_arm32/lib/libutee.a(utee_syscalls_a32.o)
                0x000000000000d750                _utee_storage_alloc_enum
 .text._utee_storage_free_enum
                0x000000000000d764       0x14 /home/kidds/testedoptee/optee_os/out/arm/export-ta_arm32/lib/libutee.a(utee_syscalls_a32.o)
                0x000000000000d764                _utee_storage_free_enum
 .text._utee_storage_reset_enum
                0x000000000000d778       0x14 /home/kidds/testedoptee/optee_os/out/arm/export-ta_arm32/lib/libutee.a(utee_syscalls_a32.o)
                0x000000000000d778                _utee_storage_reset_enum
 .text._utee_storage_start_enum
                0x000000000000d78c       0x14 /home/kidds/testedoptee/optee_os/out/arm/export-ta_arm32/lib/libutee.a(utee_syscalls_a32.o)
                0x000000000000d78c                _utee_storage_start_enum
 .text._utee_storage_next_enum
                0x000000000000d7a0       0x14 /home/kidds/testedoptee/optee_os/out/arm/export-ta_arm32/lib/libutee.a(utee_syscalls_a32.o)
                0x000000000000d7a0                _utee_storage_next_enum
 .text._utee_storage_obj_read
                0x000000000000d7b4       0x14 /home/kidds/testedoptee/optee_os/out/arm/export-ta_arm32/lib/libutee.a(utee_syscalls_a32.o)
                0x000000000000d7b4                _utee_storage_obj_read
 .text._utee_storage_obj_write
                0x000000000000d7c8       0x14 /home/kidds/testedoptee/optee_os/out/arm/export-ta_arm32/lib/libutee.a(utee_syscalls_a32.o)
                0x000000000000d7c8                _utee_storage_obj_write
 .text._utee_storage_obj_trunc
                0x000000000000d7dc       0x14 /home/kidds/testedoptee/optee_os/out/arm/export-ta_arm32/lib/libutee.a(utee_syscalls_a32.o)
                0x000000000000d7dc                _utee_storage_obj_trunc
 .text._utee_storage_obj_seek
                0x000000000000d7f0       0x14 /home/kidds/testedoptee/optee_os/out/arm/export-ta_arm32/lib/libutee.a(utee_syscalls_a32.o)
                0x000000000000d7f0                _utee_storage_obj_seek
 .text._utee_cryp_obj_generate_key
                0x000000000000d804       0x14 /home/kidds/testedoptee/optee_os/out/arm/export-ta_arm32/lib/libutee.a(utee_syscalls_a32.o)
                0x000000000000d804                _utee_cryp_obj_generate_key
 .text._utee_cache_operation
                0x000000000000d818       0x14 /home/kidds/testedoptee/optee_os/out/arm/export-ta_arm32/lib/libutee.a(utee_syscalls_a32.o)
                0x000000000000d818                _utee_cache_operation
 .text          0x000000000000d82c      0x4ac /home/kidds/testedoptee/optee_os/out/arm/export-ta_arm32/lib/libutee.a(user_ta_entry.o)
                0x000000000000d9fc                __utee_call_elf_init_fn
                0x000000000000dab4                __utee_call_elf_fini_fn
                0x000000000000db30                __utee_entry
 .text.unlikely
                0x000000000000dcd8       0x18 /home/kidds/testedoptee/optee_os/out/arm/export-ta_arm32/lib/libutee.a(abort.o)
                0x000000000000dcd8                abort
 .text          0x000000000000dcf0     0x11d4 /home/kidds/testedoptee/optee_os/out/arm/export-ta_arm32/lib/libutee.a(tee_api_arith_mpi.o)
                0x000000000000e2e8                _TEE_MathAPI_Init
                0x000000000000e32c                TEE_BigIntInit
                0x000000000000e364                TEE_BigIntConvertFromOctetString
                0x000000000000e3bc                TEE_BigIntConvertToOctetString
                0x000000000000e414                TEE_BigIntConvertFromS32
                0x000000000000e464                TEE_BigIntConvertToS32
                0x000000000000e4c0                TEE_BigIntCmp
                0x000000000000e4f6                TEE_BigIntCmpS32
                0x000000000000e628                TEE_BigIntShiftRight
                0x000000000000e738                TEE_BigIntGetBit
                0x000000000000e762                TEE_BigIntGetBitCount
                0x000000000000e784                TEE_BigIntAdd
                0x000000000000e7a4                TEE_BigIntSub
                0x000000000000e7c4                TEE_BigIntNeg
                0x000000000000e838                TEE_BigIntMul
                0x000000000000e8e0                TEE_BigIntSquare
                0x000000000000e8e6                TEE_BigIntDiv
                0x000000000000e9d4                TEE_BigIntMod
                0x000000000000ea24                TEE_BigIntAddMod
                0x000000000000ea40                TEE_BigIntSubMod
                0x000000000000ea5c                TEE_BigIntMulMod
                0x000000000000ea78                TEE_BigIntSquareMod
                0x000000000000ea80                TEE_BigIntInvMod
                0x000000000000eb40                TEE_BigIntRelativePrime
                0x000000000000ebbc                TEE_BigIntComputeExtendedGcd
                0x000000000000ed58                TEE_BigIntIsProbablePrime
                0x000000000000ed88                TEE_BigIntInitFMM
                0x000000000000ed8c                TEE_BigIntInitFMMContext
                0x000000000000ed8e                TEE_BigIntFMMSizeInU32
                0x000000000000ed96                TEE_BigIntFMMContextSizeInU32
                0x000000000000ed9a                TEE_BigIntConvertToFMM
                0x000000000000ed9e                TEE_BigIntConvertFromFMM
                0x000000000000ee04                TEE_BigIntComputeFMM
 .text          0x000000000000eec4      0x7f0 /home/kidds/testedoptee/optee_os/out/arm/export-ta_arm32/lib/libutee.a(tee_api_objects.o)
                0x000000000000eec4                __utee_from_attr
                0x000000000000ef02                TEE_GetObjectInfo
                0x000000000000ef2c                TEE_GetObjectInfo1
                0x000000000000ef4c                TEE_RestrictObjectUsage1
                0x000000000000ef6c                TEE_RestrictObjectUsage
                0x000000000000ef98                TEE_GetObjectBufferAttribute
                0x000000000000f010                TEE_GetObjectValueAttribute
                0x000000000000f0ac                TEE_CloseObject
                0x000000000000f0c0                TEE_AllocateTransientObject
                0x000000000000f100                TEE_FreeTransientObject
                0x000000000000f130                TEE_ResetTransientObject
                0x000000000000f160                TEE_PopulateTransientObject
                0x000000000000f1d8                TEE_InitRefAttribute
                0x000000000000f1fa                TEE_InitValueAttribute
                0x000000000000f21c                TEE_CopyObjectAttributes1
                0x000000000000f284                TEE_CopyObjectAttributes
                0x000000000000f2b4                TEE_GenerateKey
                0x000000000000f308                TEE_OpenPersistentObject
                0x000000000000f378                TEE_CreatePersistentObject
                0x000000000000f400                TEE_CloseAndDeletePersistentObject1
                0x000000000000f424                TEE_CloseAndDeletePersistentObject
                0x000000000000f43a                TEE_RenamePersistentObject
                0x000000000000f474                TEE_AllocatePersistentObjectEnumerator
                0x000000000000f4a8                TEE_FreePersistentObjectEnumerator
                0x000000000000f4bc                TEE_ResetPersistentObjectEnumerator
                0x000000000000f4d0                TEE_StartPersistentObjectEnumerator
                0x000000000000f4fc                TEE_GetNextPersistentObject
                0x000000000000f56c                TEE_ReadObjectData
                0x000000000000f5c0                TEE_WriteObjectData
                0x000000000000f600                TEE_TruncateObjectData
                0x000000000000f638                TEE_SeekObjectData
 .text          0x000000000000f6b4      0x240 /home/kidds/testedoptee/optee_os/out/arm/export-ta_arm32/lib/libutee.a(tcb.o)
                0x000000000000f6b4                __utee_tcb_init
                0x000000000000f834                __tls_get_addr
                0x000000000000f84c                dl_iterate_phdr
 .text          0x000000000000f8f4     0x2804 /home/kidds/testedoptee/optee_os/out/arm/export-ta_arm32/lib/libmbedtls.a(bignum.o)
                0x000000000000fcf8                mbedtls_mpi_init
                0x000000000000fd04                mbedtls_mpi_init_mempool
                0x000000000000fd2c                mbedtls_mpi_free
                0x000000000000fd70                mbedtls_mpi_grow
                0x000000000000fe08                mbedtls_mpi_shrink
                0x000000000000febc                mbedtls_mpi_copy
                0x000000000000ff16                mbedtls_mpi_swap
                0x000000000000ff44                mbedtls_mpi_safe_cond_assign
                0x000000000000ffaa                mbedtls_mpi_safe_cond_swap
                0x0000000000010034                mbedtls_mpi_lset
                0x000000000001006c                mbedtls_mpi_get_bit
                0x000000000001008e                mbedtls_mpi_set_bit
                0x00000000000100e0                mbedtls_mpi_lsb
                0x0000000000010112                mbedtls_mpi_bitlen
                0x0000000000010148                mbedtls_mpi_size
                0x0000000000010154                mbedtls_mpi_read_binary_le
                0x00000000000101b8                mbedtls_mpi_read_binary
                0x000000000001022e                mbedtls_mpi_write_binary_le
                0x0000000000010298                mbedtls_mpi_write_binary
                0x0000000000010302                mbedtls_mpi_shift_l
                0x00000000000103a4                mbedtls_mpi_shift_r
                0x000000000001041c                mbedtls_mpi_cmp_abs
                0x000000000001047e                mbedtls_mpi_cmp_mpi
                0x0000000000010504                mbedtls_mpi_lt_mpi_ct
                0x00000000000105ac                mbedtls_mpi_cmp_int
                0x00000000000105da                mbedtls_mpi_add_abs
                0x000000000001068a                mbedtls_mpi_sub_abs
                0x0000000000010706                mbedtls_mpi_add_mpi
                0x000000000001074e                mbedtls_mpi_sub_mpi
                0x0000000000010798                mbedtls_mpi_add_int
                0x00000000000107c6                mbedtls_mpi_sub_int
                0x00000000000107f4                mbedtls_mpi_mul_mpi
                0x00000000000108c2                mbedtls_mpi_mul_int
                0x00000000000108de                mbedtls_mpi_read_string
                0x0000000000010a06                mbedtls_mpi_div_mpi
                0x0000000000010d82                mbedtls_mpi_div_int
                0x0000000000010dae                mbedtls_mpi_mod_mpi
                0x0000000000010e12                mbedtls_mpi_mod_int
                0x0000000000010e80                mbedtls_mpi_write_string
                0x0000000000011034                mbedtls_mpi_montg_init
                0x000000000001105c                mbedtls_mpi_montmul
                0x0000000000011124                mbedtls_mpi_montred
                0x0000000000011146                mbedtls_mpi_exp_mod
                0x0000000000011584                mbedtls_mpi_gcd
                0x000000000001168c                mbedtls_mpi_fill_random
                0x0000000000011884                mbedtls_mpi_inv_mod
                0x0000000000011b7e                mbedtls_mpi_is_prime_ext
                0x0000000000011be2                mbedtls_mpi_is_prime
                0x0000000000011bec                mbedtls_mpi_gen_prime
                0x0000000000011dfc                mbedtls_mpi_self_test
 .text          0x00000000000120f8       0x14 /home/kidds/testedoptee/optee_os/out/arm/export-ta_arm32/lib/libmbedtls.a(platform_util.o)
                0x00000000000120f8                mbedtls_platform_zeroize
 .text          0x000000000001210c      0x93c /home/kidds/testedoptee/optee_os/out/arm/export-ta_arm32/lib/libutils.a(bget_malloc.o)
                0x000000000001213c                bget
                0x0000000000012344                bgetz
                0x00000000000123a4                brel
                0x00000000000125ac                bgetr
                0x0000000000012630                bpool
                0x00000000000126cc                bstats
                0x0000000000012730                malloc_reset_stats
                0x0000000000012744                malloc_get_stats
                0x0000000000012760                malloc
                0x0000000000012790                calloc
                0x00000000000127cc                realloc
                0x0000000000012800                memalign
                0x0000000000012840                free
                0x0000000000012854                free_wipe
                0x0000000000012868                malloc_add_pool
                0x0000000000012914                malloc_buffer_is_within_alloced
                0x00000000000129f4                malloc_buffer_overlaps_heap
 .text          0x0000000000012a48      0x754 /home/kidds/testedoptee/optee_os/out/arm/export-ta_arm32/lib/libutils.a(snprintk.o)
                0x0000000000012a48                __vsnprintf
                0x0000000000012a78                vsnprintk
                0x0000000000012a86                snprintk
                0x0000000000013184                __vsprintf
 .text          0x000000000001319c      0x188 /home/kidds/testedoptee/optee_os/out/arm/export-ta_arm32/lib/libutils.a(trace.o)
                0x000000000001319c                trace_set_level
                0x00000000000131b8                trace_get_level
                0x00000000000131cc                trace_vprintf
                0x0000000000013308                trace_printf
                0x0000000000013320                dhex_dump
 .text          0x0000000000013324      0x104 /home/kidds/testedoptee/optee_os/out/arm/export-ta_arm32/lib/libutils.a(mempool.o)
                0x0000000000013324                mempool_alloc_pool
                0x0000000000013368                mempool_alloc
                0x00000000000133d4                mempool_calloc
                0x00000000000133f8                mempool_free
 .text          0x0000000000013428        0xe ./user_ta_header.o
                0x0000000000013428                __ta_entry_c
                0x0000000000013432                tahead_get_trace_level
 .text          0x0000000000013436       0x34 /home/kidds/testedoptee/optee_os/out/arm/export-ta_arm32/lib/libutils.a(memmove.o)
                0x0000000000013436                memmove
 .text          0x000000000001346a       0x10 /home/kidds/testedoptee/optee_os/out/arm/export-ta_arm32/lib/libutils.a(memset.o)
                0x000000000001346a                memset
 .text          0x000000000001347a       0x10 /home/kidds/testedoptee/optee_os/out/arm/export-ta_arm32/lib/libutils.a(strcpy.o)
                0x000000000001347a                strcpy
 .text          0x000000000001348a       0x10 /home/kidds/testedoptee/optee_os/out/arm/export-ta_arm32/lib/libutils.a(strlen.o)
                0x000000000001348a                strlen
 .text          0x000000000001349a      0x134 /home/kidds/testedoptee/optee_os/out/arm/export-ta_arm32/lib/libutils.a(arm32_aeabi_ldivmod.o)
                0x0000000000013524                __ul_divmod
                0x000000000001355e                __l_divmod
 .text          0x00000000000135ce        0x8 /home/kidds/testedoptee/optee_os/out/arm/export-ta_arm32/lib/libutils.a(memzero_explicit.o)
                0x00000000000135ce                memzero_explicit
 .text          0x00000000000135d6        0x6 /home/kidds/testedoptee/optee_os/out/arm/export-ta_arm32/lib/libutils.a(aeabi_unwind.o)
                0x00000000000135d6                __aeabi_unwind_cpp_pr0
                0x00000000000135d8                __aeabi_unwind_cpp_pr1
                0x00000000000135da                __aeabi_unwind_cpp_pr2
 .text          0x00000000000135dc       0x2c /home/kidds/testedoptee/optee_os/out/arm/export-ta_arm32/lib/libutils.a(snprintf.o)
                0x00000000000135dc                snprintf
                0x00000000000135fa                vsnprintf
 .text          0x0000000000013608       0x48 /home/kidds/testedoptee/optee_os/out/arm/export-ta_arm32/lib/libutils.a(consttime_memcmp.o)
                0x0000000000013608                consttime_memcmp
 .text          0x0000000000013650       0x1c /home/kidds/testedoptee/optee_os/out/arm/export-ta_arm32/lib/libutils.a(memchr.o)
                0x0000000000013650                memchr
 .text          0x000000000001366c        0x0 ./ta_entry_a32.o
 .text          0x000000000001366c        0x0 /home/kidds/testedoptee/optee_os/out/arm/export-ta_arm32/lib/libutils.a(arm32_aeabi_ldivmod_a32.o)
 .text          0x000000000001366c        0x0 /home/kidds/testedoptee/optee_os/out/arm/export-ta_arm32/lib/libutee.a(abort.o)
 *fill*         0x000000000001366c        0x4 
 .text.__stub   0x0000000000013670       0x40 linker stubs
 *(SORT_BY_ALIGNMENT(.stub))
 *(SORT_BY_ALIGNMENT(.glue_7))
 .glue_7        0x00000000000136b0        0x0 linker stubs
 *(SORT_BY_ALIGNMENT(.glue_7t))
 .glue_7t       0x00000000000136b0        0x0 linker stubs
 *(SORT_BY_ALIGNMENT(.gnu.linkonce.t.*))
 *(SORT_BY_ALIGNMENT(.vfp11_veneer))
 .vfp11_veneer  0x00000000000136b0        0x0 linker stubs
                0x00000000000136b0                __text_end = .

.v4_bx          0x00000000000136b0        0x0
 .v4_bx         0x00000000000136b0        0x0 linker stubs

.iplt           0x00000000000136b0        0x0
 .iplt          0x00000000000136b0        0x0 ./ta2_main.o

.plt            0x00000000000136b0        0x0
 *(SORT_BY_ALIGNMENT(.plt))
 .plt           0x00000000000136b0        0x0 ./ta2_main.o

.eh_frame_hdr
 *(SORT_BY_ALIGNMENT(.eh_frame_hdr))
 *(SORT_BY_ALIGNMENT(.eh_frame_entry) SORT_BY_ALIGNMENT(.eh_frame_entry.*))

.eh_frame
 *(SORT_BY_ALIGNMENT(.eh_frame))
 *(SORT_BY_ALIGNMENT(.eh_frame.*))

.gcc_except_table
 *(SORT_BY_ALIGNMENT(.gcc_except_table) SORT_BY_ALIGNMENT(.gcc_except_table.*))

.rodata         0x00000000000136b0     0x1a32
 *(SORT_BY_ALIGNMENT(.gnu.linkonce.r.*))
 *(SORT_BY_ALIGNMENT(.rodata) SORT_BY_ALIGNMENT(.rodata.*))
 .rodata.ta2_main.c
                0x00000000000136b0       0x10 ./ta2_main.o
 .rodata.user_ta_header.c
                0x00000000000136c0       0x1b ./user_ta_header.o
                0x00000000000136c0                ta_num_props
                0x00000000000136d4                ta_heap_size
                0x00000000000136d8                trace_ext_prefix
 *fill*         0x00000000000136db        0x1 
 .rodata.sm4.c  0x00000000000136dc      0x1aa ../talib1//libtalib1.a(sm4.o)
 *fill*         0x0000000000013886        0x2 
 .rodata.mtwister.c
                0x0000000000013888        0x8 ../talib1//libtalib1.a(mtwister.o)
 .rodata.lib/libutee/tee_system_pta.c
                0x0000000000013890       0x31 /home/kidds/testedoptee/optee_os/out/arm/export-ta_arm32/lib/libutee.a(tee_system_pta.o)
 *fill*         0x00000000000138c1        0x3 
 .rodata.lib/libmbedtls/mbedtls/library/bignum.c
                0x00000000000138c4      0x2c4 /home/kidds/testedoptee/optee_os/out/arm/export-ta_arm32/lib/libmbedtls.a(bignum.o)
 .rodata.str1.1.ta2_main.c
                0x0000000000013b88      0x21b ./ta2_main.o
 .rodata.str1.1.user_ta_header.c
                0x0000000000013da3      0x108 ./user_ta_header.o
 .rodata.str1.1.params.c
                0x0000000000013eab      0x22b ../talib1//libtalib1.a(params.o)
                                        0x22f (size before relaxing)
 .rodata.str1.1.sm4.c
                0x00000000000140d6       0x15 ../talib1//libtalib1.a(sm4.o)
 .rodata.str1.1.sm9.c
                0x00000000000140eb      0x202 ../talib1//libtalib1.a(sm9.o)
 .rodata.str1.1.sm2.c
                0x00000000000142ed       0x7d ../talib1//libtalib1.a(sm2.o)
                                         0x7f (size before relaxing)
 .rodata.str1.1.otp.c
                0x000000000001436a       0x30 ../talib1//libtalib1.a(otp.o)
                                         0x31 (size before relaxing)
 .rodata.str1.1.pkey.c
                0x000000000001439a        0xd ../talib1//libtalib1.a(pkey.o)
 .rodata.str1.1.bn.c
                0x00000000000143a7       0x11 ../talib1//libtalib1.a(bn.o)
                                         0x13 (size before relaxing)
 .rodata.str1.1.bn_field2.c
                0x00000000000143b8        0xb ../talib1//libtalib1.a(bn_field2.o)
                                         0x5b (size before relaxing)
 .rodata.str1.1.bn_field12.c
                0x00000000000143c3       0x5e ../talib1//libtalib1.a(bn_field12.o)
                                        0x137 (size before relaxing)
 .rodata.str1.1.bn_point.c
                0x0000000000014421        0x2 ../talib1//libtalib1.a(bn_point.o)
 .rodata.str1.1.bn_point2.c
                0x0000000000014421       0x5e ../talib1//libtalib1.a(bn_point2.o)
                                          0x4 (size before relaxing)
 .rodata.sm3.c  0x0000000000014421       0x40 ../talib1//libtalib1.a(sm3.o)
 .rodata.str1.1.utility.c
                0x0000000000014461       0x26 ../talib1//libtalib1.a(utility.o)
                                         0x3c (size before relaxing)
 .rodata.str1.1.bn_field4.c
                0x0000000000014487       0x5c ../talib1//libtalib1.a(bn_field4.o)
                                         0xaa (size before relaxing)
 .rodata.str1.1.libmath.c
                0x00000000000144e3       0x12 ../talib1//libtalib1.a(libmath.o)
 .rodata.libmath.c
                0x00000000000144f5        0xb ../talib1//libtalib1.a(libmath.o)
 .rodata.str1.1.lib/libutee/assert.c
                0x0000000000014500       0x27 /home/kidds/testedoptee/optee_os/out/arm/export-ta_arm32/lib/libutee.a(assert.o)
 .rodata.str1.1.lib/libutee/trace_ext.c
                0x0000000000014527       0x27 /home/kidds/testedoptee/optee_os/out/arm/export-ta_arm32/lib/libutee.a(trace_ext.o)
                                          0x2 (size before relaxing)
 .rodata.str1.1.lib/libutee/tee_api.c
                0x0000000000014527       0x11 /home/kidds/testedoptee/optee_os/out/arm/export-ta_arm32/lib/libutee.a(tee_api.o)
 .rodata.lib/libutee/tee_api.c
                0x0000000000014538        0xb /home/kidds/testedoptee/optee_os/out/arm/export-ta_arm32/lib/libutee.a(tee_api.o)
 .rodata.str1.1.lib/libutee/tee_system_pta.c
                0x0000000000014543       0x55 /home/kidds/testedoptee/optee_os/out/arm/export-ta_arm32/lib/libutee.a(tee_system_pta.o)
 .rodata.str1.1.lib/libutee/arch/arm/user_ta_entry.c
                0x0000000000014598       0x19 /home/kidds/testedoptee/optee_os/out/arm/export-ta_arm32/lib/libutee.a(user_ta_entry.o)
 .rodata.lib/libutee/arch/arm/user_ta_entry.c
                0x00000000000145b1       0x16 /home/kidds/testedoptee/optee_os/out/arm/export-ta_arm32/lib/libutee.a(user_ta_entry.o)
 .rodata.str1.1.lib/libutee/abort.c
                0x00000000000145c7        0x7 /home/kidds/testedoptee/optee_os/out/arm/export-ta_arm32/lib/libutee.a(abort.o)
 .rodata.str1.1.lib/libutee/tee_api_arith_mpi.c
                0x00000000000145ce       0xb7 /home/kidds/testedoptee/optee_os/out/arm/export-ta_arm32/lib/libutee.a(tee_api_arith_mpi.o)
 .rodata.lib/libutee/tee_api_arith_mpi.c
                0x0000000000014685      0x13d /home/kidds/testedoptee/optee_os/out/arm/export-ta_arm32/lib/libutee.a(tee_api_arith_mpi.o)
 .rodata.str1.1.lib/libutee/arch/arm/tcb.c
                0x00000000000147c2       0x96 /home/kidds/testedoptee/optee_os/out/arm/export-ta_arm32/lib/libutee.a(tcb.o)
 .rodata.lib/libutee/arch/arm/tcb.c
                0x0000000000014858       0x20 /home/kidds/testedoptee/optee_os/out/arm/export-ta_arm32/lib/libutee.a(tcb.o)
 .rodata.str1.1.lib/libmbedtls/mbedtls/library/bignum.c
                0x0000000000014878      0x445 /home/kidds/testedoptee/optee_os/out/arm/export-ta_arm32/lib/libmbedtls.a(bignum.o)
                                        0x45d (size before relaxing)
 .rodata.str1.1.lib/libutils/isoc/bget_malloc.c
                0x0000000000014cbd      0x2b9 /home/kidds/testedoptee/optee_os/out/arm/export-ta_arm32/lib/libutils.a(bget_malloc.o)
                                        0x2c2 (size before relaxing)
 .rodata.lib/libutils/isoc/bget_malloc.c
                0x0000000000014f76       0x58 /home/kidds/testedoptee/optee_os/out/arm/export-ta_arm32/lib/libutils.a(bget_malloc.o)
 .rodata.str1.1.lib/libutils/ext/snprintk.c
                0x0000000000014fce       0x38 /home/kidds/testedoptee/optee_os/out/arm/export-ta_arm32/lib/libutils.a(snprintk.o)
 .rodata.lib/libutils/ext/snprintk.c
                0x0000000000015006       0x22 /home/kidds/testedoptee/optee_os/out/arm/export-ta_arm32/lib/libutils.a(snprintk.o)
 .rodata.str1.1.lib/libutils/ext/trace.c
                0x0000000000015028       0x1a /home/kidds/testedoptee/optee_os/out/arm/export-ta_arm32/lib/libutils.a(trace.o)
                                         0x1b (size before relaxing)
 .rodata.lib/libutils/ext/trace.c
                0x0000000000015042        0x5 /home/kidds/testedoptee/optee_os/out/arm/export-ta_arm32/lib/libutils.a(trace.o)
 .rodata.str1.1.lib/libutils/ext/mempool.c
                0x0000000000015047       0x7a /home/kidds/testedoptee/optee_os/out/arm/export-ta_arm32/lib/libutils.a(mempool.o)
 .rodata.lib/libutils/ext/mempool.c
                0x00000000000150c1       0x21 /home/kidds/testedoptee/optee_os/out/arm/export-ta_arm32/lib/libutils.a(mempool.o)

.gnu.version_d  0x00000000000150e4        0x0
 .gnu.version_d
                0x00000000000150e4        0x0 ./ta2_main.o

.gnu.version    0x00000000000150e2        0x0
 .gnu.version   0x00000000000150e2        0x0 ./ta2_main.o

.gnu.version_r  0x00000000000150e4        0x0
 .gnu.version_r
                0x00000000000150e4        0x0 ./ta2_main.o

.gnu.hash       0x00000000000150e4       0x2c
 .gnu.hash      0x00000000000150e4       0x2c ./ta2_main.o

.ARM.extab      0x0000000000015110      0x6c0
 *(SORT_BY_ALIGNMENT(.ARM.extab*) SORT_BY_ALIGNMENT(.gnu.linkonce.armextab.*))
 .ARM.extab     0x0000000000015110       0x24 ./ta2_main.o
 .ARM.extab     0x0000000000015134        0xc ./user_ta_header.o
 .ARM.extab     0x0000000000015140       0x84 ../talib1//libtalib1.a(sm9.o)
 .ARM.extab     0x00000000000151c4       0x30 ../talib1//libtalib1.a(sm2.o)
 .ARM.extab     0x00000000000151f4        0xc ../talib1//libtalib1.a(otp.o)
 .ARM.extab     0x0000000000015200       0xa8 ../talib1//libtalib1.a(bn.o)
 .ARM.extab     0x00000000000152a8       0x6c ../talib1//libtalib1.a(bn_field2.o)
 .ARM.extab     0x0000000000015314      0x108 ../talib1//libtalib1.a(bn_field12.o)
 .ARM.extab     0x000000000001541c       0x6c ../talib1//libtalib1.a(bn_point.o)
 .ARM.extab     0x0000000000015488       0x90 ../talib1//libtalib1.a(bn_point2.o)
 .ARM.extab     0x0000000000015518       0x30 ../talib1//libtalib1.a(bn_pairing.o)
 .ARM.extab     0x0000000000015548       0x18 ../talib1//libtalib1.a(utility.o)
 .ARM.extab     0x0000000000015560       0x24 ../talib1//libtalib1.a(mtwister.o)
 .ARM.extab     0x0000000000015584       0xfc ../talib1//libtalib1.a(bn_field4.o)
 .ARM.extab     0x0000000000015680       0x18 ../talib1//libtalib1.a(libmath.o)
 .ARM.extab.text.__aeabi_ldivmod
                0x0000000000015698        0xc /home/kidds/testedoptee/optee_os/out/arm/export-ta_arm32/lib/libutils.a(arm32_aeabi_ldivmod_a32.o)
 .ARM.extab.text.__aeabi_uldivmod
                0x00000000000156a4        0xc /home/kidds/testedoptee/optee_os/out/arm/export-ta_arm32/lib/libutils.a(arm32_aeabi_ldivmod_a32.o)
 .ARM.extab     0x00000000000156b0        0xc /home/kidds/testedoptee/optee_os/out/arm/export-ta_arm32/lib/libutee.a(assert.o)
 .ARM.extab     0x00000000000156bc        0xc /home/kidds/testedoptee/optee_os/out/arm/export-ta_arm32/lib/libutee.a(trace_ext.o)
 .ARM.extab     0x00000000000156c8       0x30 /home/kidds/testedoptee/optee_os/out/arm/export-ta_arm32/lib/libutee.a(tee_api.o)
 .ARM.extab     0x00000000000156f8        0xc /home/kidds/testedoptee/optee_os/out/arm/export-ta_arm32/lib/libutee.a(tee_api_operations.o)
 .ARM.extab     0x0000000000015704       0x24 /home/kidds/testedoptee/optee_os/out/arm/export-ta_arm32/lib/libutee.a(tee_api_panic.o)
 .ARM.extab.text._utee_panic
                0x0000000000015728        0xc /home/kidds/testedoptee/optee_os/out/arm/export-ta_arm32/lib/libutee.a(utee_syscalls_a32.o)
 .ARM.extab.text.unlikely
                0x0000000000015734        0xc /home/kidds/testedoptee/optee_os/out/arm/export-ta_arm32/lib/libutee.a(abort.o)
 .ARM.extab     0x0000000000015740       0x30 /home/kidds/testedoptee/optee_os/out/arm/export-ta_arm32/lib/libutee.a(tee_api_arith_mpi.o)
 .ARM.extab     0x0000000000015770       0x3c /home/kidds/testedoptee/optee_os/out/arm/export-ta_arm32/lib/libutee.a(tee_api_objects.o)
 .ARM.extab     0x00000000000157ac        0xc /home/kidds/testedoptee/optee_os/out/arm/export-ta_arm32/lib/libmbedtls.a(bignum.o)
 .ARM.extab     0x00000000000157b8        0xc /home/kidds/testedoptee/optee_os/out/arm/export-ta_arm32/lib/libutils.a(snprintf.o)
 .ARM.extab     0x00000000000157c4        0xc /home/kidds/testedoptee/optee_os/out/arm/export-ta_arm32/lib/libutils.a(snprintk.o)
 .ARM.extab.text.__ta_entry
                0x00000000000157d0        0x0 ./ta_entry_a32.o
 .ARM.extab     0x00000000000157d0        0x0 ../talib1//libtalib1.a(params.o)
 .ARM.extab     0x00000000000157d0        0x0 ../talib1//libtalib1.a(sm4.o)
 .ARM.extab     0x00000000000157d0        0x0 ../talib1//libtalib1.a(pkey.o)
 .ARM.extab     0x00000000000157d0        0x0 ../talib1//libtalib1.a(sm3.o)
 .ARM.extab     0x00000000000157d0        0x0 /home/kidds/testedoptee/optee_os/out/arm/export-ta_arm32/lib/libutils.a(memcpy.o)
 .ARM.extab     0x00000000000157d0        0x0 /home/kidds/testedoptee/optee_os/out/arm/export-ta_arm32/lib/libutils.a(memmove.o)
 .ARM.extab     0x00000000000157d0        0x0 /home/kidds/testedoptee/optee_os/out/arm/export-ta_arm32/lib/libutils.a(memset.o)
 .ARM.extab     0x00000000000157d0        0x0 /home/kidds/testedoptee/optee_os/out/arm/export-ta_arm32/lib/libutils.a(strcpy.o)
 .ARM.extab     0x00000000000157d0        0x0 /home/kidds/testedoptee/optee_os/out/arm/export-ta_arm32/lib/libutils.a(strlen.o)
 .ARM.extab     0x00000000000157d0        0x0 /home/kidds/testedoptee/optee_os/out/arm/export-ta_arm32/lib/libutils.a(arm32_aeabi_ldivmod.o)
 .ARM.extab     0x00000000000157d0        0x0 /home/kidds/testedoptee/optee_os/out/arm/export-ta_arm32/lib/libutils.a(memzero_explicit.o)
 .ARM.extab     0x00000000000157d0        0x0 /home/kidds/testedoptee/optee_os/out/arm/export-ta_arm32/lib/libutils.a(aeabi_unwind.o)
 .ARM.extab     0x00000000000157d0        0x0 /home/kidds/testedoptee/optee_os/out/arm/export-ta_arm32/lib/libutee.a(tee_system_pta.o)
 .ARM.extab.text._utee_return
                0x00000000000157d0        0x0 /home/kidds/testedoptee/optee_os/out/arm/export-ta_arm32/lib/libutee.a(utee_syscalls_a32.o)
 .ARM.extab.text._utee_log
                0x00000000000157d0        0x0 /home/kidds/testedoptee/optee_os/out/arm/export-ta_arm32/lib/libutee.a(utee_syscalls_a32.o)
 .ARM.extab.text.__utee_panic
                0x00000000000157d0        0x0 /home/kidds/testedoptee/optee_os/out/arm/export-ta_arm32/lib/libutee.a(utee_syscalls_a32.o)
 .ARM.extab.text._utee_get_property
                0x00000000000157d0        0x0 /home/kidds/testedoptee/optee_os/out/arm/export-ta_arm32/lib/libutee.a(utee_syscalls_a32.o)
 .ARM.extab.text._utee_get_property_name_to_index
                0x00000000000157d0        0x0 /home/kidds/testedoptee/optee_os/out/arm/export-ta_arm32/lib/libutee.a(utee_syscalls_a32.o)
 .ARM.extab.text._utee_open_ta_session
                0x00000000000157d0        0x0 /home/kidds/testedoptee/optee_os/out/arm/export-ta_arm32/lib/libutee.a(utee_syscalls_a32.o)
 .ARM.extab.text._utee_close_ta_session
                0x00000000000157d0        0x0 /home/kidds/testedoptee/optee_os/out/arm/export-ta_arm32/lib/libutee.a(utee_syscalls_a32.o)
 .ARM.extab.text._utee_invoke_ta_command
                0x00000000000157d0        0x0 /home/kidds/testedoptee/optee_os/out/arm/export-ta_arm32/lib/libutee.a(utee_syscalls_a32.o)
 .ARM.extab.text._utee_get_cancellation_flag
                0x00000000000157d0        0x0 /home/kidds/testedoptee/optee_os/out/arm/export-ta_arm32/lib/libutee.a(utee_syscalls_a32.o)
 .ARM.extab.text._utee_check_access_rights
                0x00000000000157d0        0x0 /home/kidds/testedoptee/optee_os/out/arm/export-ta_arm32/lib/libutee.a(utee_syscalls_a32.o)
 .ARM.extab.text._utee_unmask_cancellation
                0x00000000000157d0        0x0 /home/kidds/testedoptee/optee_os/out/arm/export-ta_arm32/lib/libutee.a(utee_syscalls_a32.o)
 .ARM.extab.text._utee_mask_cancellation
                0x00000000000157d0        0x0 /home/kidds/testedoptee/optee_os/out/arm/export-ta_arm32/lib/libutee.a(utee_syscalls_a32.o)
 .ARM.extab.text._utee_wait
                0x00000000000157d0        0x0 /home/kidds/testedoptee/optee_os/out/arm/export-ta_arm32/lib/libutee.a(utee_syscalls_a32.o)
 .ARM.extab.text._utee_get_time
                0x00000000000157d0        0x0 /home/kidds/testedoptee/optee_os/out/arm/export-ta_arm32/lib/libutee.a(utee_syscalls_a32.o)
 .ARM.extab.text._utee_set_ta_time
                0x00000000000157d0        0x0 /home/kidds/testedoptee/optee_os/out/arm/export-ta_arm32/lib/libutee.a(utee_syscalls_a32.o)
 .ARM.extab.text._utee_cryp_state_alloc
                0x00000000000157d0        0x0 /home/kidds/testedoptee/optee_os/out/arm/export-ta_arm32/lib/libutee.a(utee_syscalls_a32.o)
 .ARM.extab.text._utee_cryp_state_copy
                0x00000000000157d0        0x0 /home/kidds/testedoptee/optee_os/out/arm/export-ta_arm32/lib/libutee.a(utee_syscalls_a32.o)
 .ARM.extab.text._utee_cryp_state_free
                0x00000000000157d0        0x0 /home/kidds/testedoptee/optee_os/out/arm/export-ta_arm32/lib/libutee.a(utee_syscalls_a32.o)
 .ARM.extab.text._utee_hash_init
                0x00000000000157d0        0x0 /home/kidds/testedoptee/optee_os/out/arm/export-ta_arm32/lib/libutee.a(utee_syscalls_a32.o)
 .ARM.extab.text._utee_hash_update
                0x00000000000157d0        0x0 /home/kidds/testedoptee/optee_os/out/arm/export-ta_arm32/lib/libutee.a(utee_syscalls_a32.o)
 .ARM.extab.text._utee_hash_final
                0x00000000000157d0        0x0 /home/kidds/testedoptee/optee_os/out/arm/export-ta_arm32/lib/libutee.a(utee_syscalls_a32.o)
 .ARM.extab.text._utee_cipher_init
                0x00000000000157d0        0x0 /home/kidds/testedoptee/optee_os/out/arm/export-ta_arm32/lib/libutee.a(utee_syscalls_a32.o)
 .ARM.extab.text._utee_cipher_update
                0x00000000000157d0        0x0 /home/kidds/testedoptee/optee_os/out/arm/export-ta_arm32/lib/libutee.a(utee_syscalls_a32.o)
 .ARM.extab.text._utee_cipher_final
                0x00000000000157d0        0x0 /home/kidds/testedoptee/optee_os/out/arm/export-ta_arm32/lib/libutee.a(utee_syscalls_a32.o)
 .ARM.extab.text._utee_cryp_obj_get_info
                0x00000000000157d0        0x0 /home/kidds/testedoptee/optee_os/out/arm/export-ta_arm32/lib/libutee.a(utee_syscalls_a32.o)
 .ARM.extab.text._utee_cryp_obj_restrict_usage
                0x00000000000157d0        0x0 /home/kidds/testedoptee/optee_os/out/arm/export-ta_arm32/lib/libutee.a(utee_syscalls_a32.o)
 .ARM.extab.text._utee_cryp_obj_get_attr
                0x00000000000157d0        0x0 /home/kidds/testedoptee/optee_os/out/arm/export-ta_arm32/lib/libutee.a(utee_syscalls_a32.o)
 .ARM.extab.text._utee_cryp_obj_alloc
                0x00000000000157d0        0x0 /home/kidds/testedoptee/optee_os/out/arm/export-ta_arm32/lib/libutee.a(utee_syscalls_a32.o)
 .ARM.extab.text._utee_cryp_obj_close
                0x00000000000157d0        0x0 /home/kidds/testedoptee/optee_os/out/arm/export-ta_arm32/lib/libutee.a(utee_syscalls_a32.o)
 .ARM.extab.text._utee_cryp_obj_reset
                0x00000000000157d0        0x0 /home/kidds/testedoptee/optee_os/out/arm/export-ta_arm32/lib/libutee.a(utee_syscalls_a32.o)
 .ARM.extab.text._utee_cryp_obj_populate
                0x00000000000157d0        0x0 /home/kidds/testedoptee/optee_os/out/arm/export-ta_arm32/lib/libutee.a(utee_syscalls_a32.o)
 .ARM.extab.text._utee_cryp_obj_copy
                0x00000000000157d0        0x0 /home/kidds/testedoptee/optee_os/out/arm/export-ta_arm32/lib/libutee.a(utee_syscalls_a32.o)
 .ARM.extab.text._utee_cryp_derive_key
                0x00000000000157d0        0x0 /home/kidds/testedoptee/optee_os/out/arm/export-ta_arm32/lib/libutee.a(utee_syscalls_a32.o)
 .ARM.extab.text._utee_cryp_random_number_generate
                0x00000000000157d0        0x0 /home/kidds/testedoptee/optee_os/out/arm/export-ta_arm32/lib/libutee.a(utee_syscalls_a32.o)
 .ARM.extab.text._utee_authenc_init
                0x00000000000157d0        0x0 /home/kidds/testedoptee/optee_os/out/arm/export-ta_arm32/lib/libutee.a(utee_syscalls_a32.o)
 .ARM.extab.text._utee_authenc_update_aad
                0x00000000000157d0        0x0 /home/kidds/testedoptee/optee_os/out/arm/export-ta_arm32/lib/libutee.a(utee_syscalls_a32.o)
 .ARM.extab.text._utee_authenc_update_payload
                0x00000000000157d0        0x0 /home/kidds/testedoptee/optee_os/out/arm/export-ta_arm32/lib/libutee.a(utee_syscalls_a32.o)
 .ARM.extab.text._utee_authenc_enc_final
                0x00000000000157d0        0x0 /home/kidds/testedoptee/optee_os/out/arm/export-ta_arm32/lib/libutee.a(utee_syscalls_a32.o)
 .ARM.extab.text._utee_authenc_dec_final
                0x00000000000157d0        0x0 /home/kidds/testedoptee/optee_os/out/arm/export-ta_arm32/lib/libutee.a(utee_syscalls_a32.o)
 .ARM.extab.text._utee_asymm_operate
                0x00000000000157d0        0x0 /home/kidds/testedoptee/optee_os/out/arm/export-ta_arm32/lib/libutee.a(utee_syscalls_a32.o)
 .ARM.extab.text._utee_asymm_verify
                0x00000000000157d0        0x0 /home/kidds/testedoptee/optee_os/out/arm/export-ta_arm32/lib/libutee.a(utee_syscalls_a32.o)
 .ARM.extab.text._utee_storage_obj_open
                0x00000000000157d0        0x0 /home/kidds/testedoptee/optee_os/out/arm/export-ta_arm32/lib/libutee.a(utee_syscalls_a32.o)
 .ARM.extab.text._utee_storage_obj_create
                0x00000000000157d0        0x0 /home/kidds/testedoptee/optee_os/out/arm/export-ta_arm32/lib/libutee.a(utee_syscalls_a32.o)
 .ARM.extab.text._utee_storage_obj_del
                0x00000000000157d0        0x0 /home/kidds/testedoptee/optee_os/out/arm/export-ta_arm32/lib/libutee.a(utee_syscalls_a32.o)
 .ARM.extab.text._utee_storage_obj_rename
                0x00000000000157d0        0x0 /home/kidds/testedoptee/optee_os/out/arm/export-ta_arm32/lib/libutee.a(utee_syscalls_a32.o)
 .ARM.extab.text._utee_storage_alloc_enum
                0x00000000000157d0        0x0 /home/kidds/testedoptee/optee_os/out/arm/export-ta_arm32/lib/libutee.a(utee_syscalls_a32.o)
 .ARM.extab.text._utee_storage_free_enum
                0x00000000000157d0        0x0 /home/kidds/testedoptee/optee_os/out/arm/export-ta_arm32/lib/libutee.a(utee_syscalls_a32.o)
 .ARM.extab.text._utee_storage_reset_enum
                0x00000000000157d0        0x0 /home/kidds/testedoptee/optee_os/out/arm/export-ta_arm32/lib/libutee.a(utee_syscalls_a32.o)
 .ARM.extab.text._utee_storage_start_enum
                0x00000000000157d0        0x0 /home/kidds/testedoptee/optee_os/out/arm/export-ta_arm32/lib/libutee.a(utee_syscalls_a32.o)
 .ARM.extab.text._utee_storage_next_enum
                0x00000000000157d0        0x0 /home/kidds/testedoptee/optee_os/out/arm/export-ta_arm32/lib/libutee.a(utee_syscalls_a32.o)
 .ARM.extab.text._utee_storage_obj_read
                0x00000000000157d0        0x0 /home/kidds/testedoptee/optee_os/out/arm/export-ta_arm32/lib/libutee.a(utee_syscalls_a32.o)
 .ARM.extab.text._utee_storage_obj_write
                0x00000000000157d0        0x0 /home/kidds/testedoptee/optee_os/out/arm/export-ta_arm32/lib/libutee.a(utee_syscalls_a32.o)
 .ARM.extab.text._utee_storage_obj_trunc
                0x00000000000157d0        0x0 /home/kidds/testedoptee/optee_os/out/arm/export-ta_arm32/lib/libutee.a(utee_syscalls_a32.o)
 .ARM.extab.text._utee_storage_obj_seek
                0x00000000000157d0        0x0 /home/kidds/testedoptee/optee_os/out/arm/export-ta_arm32/lib/libutee.a(utee_syscalls_a32.o)
 .ARM.extab.text._utee_cryp_obj_generate_key
                0x00000000000157d0        0x0 /home/kidds/testedoptee/optee_os/out/arm/export-ta_arm32/lib/libutee.a(utee_syscalls_a32.o)
 .ARM.extab.text._utee_cache_operation
                0x00000000000157d0        0x0 /home/kidds/testedoptee/optee_os/out/arm/export-ta_arm32/lib/libutee.a(utee_syscalls_a32.o)
 .ARM.extab     0x00000000000157d0        0x0 /home/kidds/testedoptee/optee_os/out/arm/export-ta_arm32/lib/libutee.a(user_ta_entry.o)
 .ARM.extab     0x00000000000157d0        0x0 /home/kidds/testedoptee/optee_os/out/arm/export-ta_arm32/lib/libutee.a(tcb.o)
 .ARM.extab     0x00000000000157d0        0x0 /home/kidds/testedoptee/optee_os/out/arm/export-ta_arm32/lib/libmbedtls.a(platform_util.o)
 .ARM.extab     0x00000000000157d0        0x0 /home/kidds/testedoptee/optee_os/out/arm/export-ta_arm32/lib/libutils.a(bget_malloc.o)
 .ARM.extab     0x00000000000157d0        0x0 /home/kidds/testedoptee/optee_os/out/arm/export-ta_arm32/lib/libutils.a(trace.o)
 .ARM.extab     0x00000000000157d0        0x0 /home/kidds/testedoptee/optee_os/out/arm/export-ta_arm32/lib/libutils.a(mempool.o)
 .ARM.extab     0x00000000000157d0        0x0 /home/kidds/testedoptee/optee_os/out/arm/export-ta_arm32/lib/libutils.a(consttime_memcmp.o)
 .ARM.extab     0x00000000000157d0        0x0 /home/kidds/testedoptee/optee_os/out/arm/export-ta_arm32/lib/libutils.a(memchr.o)
                [!provide]                        PROVIDE (__exidx_start = .)

.ARM.exidx      0x00000000000157d0      0xda0
 *(SORT_BY_ALIGNMENT(.ARM.exidx*) SORT_BY_ALIGNMENT(.gnu.linkonce.armexidx.*))
 .ARM.exidx     0x00000000000157f0       0x68 ./ta2_main.o
 .ARM.exidx     0x0000000000016508       0x10 ./user_ta_header.o
 .ARM.exidx.text.__ta_entry
                0x0000000000015858        0x8 ./ta_entry_a32.o
 .ARM.exidx     0x0000000000015860        0x8 ../talib1//libtalib1.a(params.o)
 .ARM.exidx     0x0000000000015868       0x38 ../talib1//libtalib1.a(sm4.o)
                                         0x48 (size before relaxing)
 .ARM.exidx     0x00000000000158a0       0x68 ../talib1//libtalib1.a(sm9.o)
 .ARM.exidx     0x0000000000015908       0x28 ../talib1//libtalib1.a(sm2.o)
                                         0x30 (size before relaxing)
 .ARM.exidx     0x0000000000015930       0x48 ../talib1//libtalib1.a(otp.o)
 .ARM.exidx     0x0000000000015978       0x40 ../talib1//libtalib1.a(pkey.o)
                                         0x50 (size before relaxing)
 .ARM.exidx     0x00000000000159b8       0x90 ../talib1//libtalib1.a(bn.o)
                                         0x98 (size before relaxing)
 .ARM.exidx     0x0000000000015a48       0xb8 ../talib1//libtalib1.a(bn_field2.o)
                                         0xc0 (size before relaxing)
 .ARM.exidx     0x0000000000015b00       0xc0 ../talib1//libtalib1.a(bn_field12.o)
 .ARM.exidx     0x0000000000015bc0       0x78 ../talib1//libtalib1.a(bn_point.o)
 .ARM.exidx     0x0000000000015c38       0x80 ../talib1//libtalib1.a(bn_point2.o)
 .ARM.exidx     0x0000000000015cb8       0x20 ../talib1//libtalib1.a(bn_pairing.o)
 .ARM.exidx     0x0000000000015cd8       0x48 ../talib1//libtalib1.a(sm3.o)
 .ARM.exidx     0x0000000000015d20       0x60 ../talib1//libtalib1.a(utility.o)
                                         0x70 (size before relaxing)
 .ARM.exidx     0x00000000000157d0       0x20 ../talib1//libtalib1.a(mtwister.o)
 .ARM.exidx     0x0000000000015d80       0xb8 ../talib1//libtalib1.a(bn_field4.o)
 .ARM.exidx     0x0000000000015e38       0x10 ../talib1//libtalib1.a(libmath.o)
 .ARM.exidx     0x0000000000015e48        0x8 /home/kidds/testedoptee/optee_os/out/arm/export-ta_arm32/lib/libutils.a(memcpy.o)
 .ARM.exidx     0x0000000000016518        0x8 /home/kidds/testedoptee/optee_os/out/arm/export-ta_arm32/lib/libutils.a(memmove.o)
 .ARM.exidx     0x0000000000016520        0x8 /home/kidds/testedoptee/optee_os/out/arm/export-ta_arm32/lib/libutils.a(memset.o)
 .ARM.exidx     0x0000000000016528        0x0 /home/kidds/testedoptee/optee_os/out/arm/export-ta_arm32/lib/libutils.a(strcpy.o)
                                          0x8 (size before relaxing)
 .ARM.exidx     0x0000000000016528        0x0 /home/kidds/testedoptee/optee_os/out/arm/export-ta_arm32/lib/libutils.a(strlen.o)
                                          0x8 (size before relaxing)
 .ARM.exidx.text.__aeabi_ldivmod
                0x0000000000015e50        0x8 /home/kidds/testedoptee/optee_os/out/arm/export-ta_arm32/lib/libutils.a(arm32_aeabi_ldivmod_a32.o)
 .ARM.exidx.text.__aeabi_uldivmod
                0x0000000000015e58        0x8 /home/kidds/testedoptee/optee_os/out/arm/export-ta_arm32/lib/libutils.a(arm32_aeabi_ldivmod_a32.o)
 .ARM.exidx     0x0000000000016528       0x18 /home/kidds/testedoptee/optee_os/out/arm/export-ta_arm32/lib/libutils.a(arm32_aeabi_ldivmod.o)
 .ARM.exidx     0x0000000000016540        0x8 /home/kidds/testedoptee/optee_os/out/arm/export-ta_arm32/lib/libutils.a(memzero_explicit.o)
 .ARM.exidx     0x0000000000016548        0x0 /home/kidds/testedoptee/optee_os/out/arm/export-ta_arm32/lib/libutils.a(aeabi_unwind.o)
                                         0x18 (size before relaxing)
 .ARM.exidx     0x0000000000015e60       0x10 /home/kidds/testedoptee/optee_os/out/arm/export-ta_arm32/lib/libutee.a(assert.o)
 .ARM.exidx     0x0000000000015e70       0x28 /home/kidds/testedoptee/optee_os/out/arm/export-ta_arm32/lib/libutee.a(trace_ext.o)
 .ARM.exidx     0x0000000000015e98       0x78 /home/kidds/testedoptee/optee_os/out/arm/export-ta_arm32/lib/libutee.a(tee_api.o)
                                         0xc8 (size before relaxing)
 .ARM.exidx     0x0000000000015f10       0xd8 /home/kidds/testedoptee/optee_os/out/arm/export-ta_arm32/lib/libutee.a(tee_api_operations.o)
                                         0xf8 (size before relaxing)
 .ARM.exidx     0x0000000000015fe8       0x40 /home/kidds/testedoptee/optee_os/out/arm/export-ta_arm32/lib/libutee.a(tee_api_panic.o)
                                         0x48 (size before relaxing)
 .ARM.exidx     0x0000000000016028       0x20 /home/kidds/testedoptee/optee_os/out/arm/export-ta_arm32/lib/libutee.a(tee_system_pta.o)
 .ARM.exidx.text._utee_panic
                0x0000000000016048        0x8 /home/kidds/testedoptee/optee_os/out/arm/export-ta_arm32/lib/libutee.a(utee_syscalls_a32.o)
 .ARM.exidx.text._utee_return
                0x0000000000016050        0x8 /home/kidds/testedoptee/optee_os/out/arm/export-ta_arm32/lib/libutee.a(utee_syscalls_a32.o)
 .ARM.exidx.text._utee_log
                0x0000000000016058        0x0 /home/kidds/testedoptee/optee_os/out/arm/export-ta_arm32/lib/libutee.a(utee_syscalls_a32.o)
                                          0x8 (size before relaxing)
 .ARM.exidx.text.__utee_panic
                0x0000000000016058        0x0 /home/kidds/testedoptee/optee_os/out/arm/export-ta_arm32/lib/libutee.a(utee_syscalls_a32.o)
                                          0x8 (size before relaxing)
 .ARM.exidx.text._utee_get_property
                0x0000000000016058        0x0 /home/kidds/testedoptee/optee_os/out/arm/export-ta_arm32/lib/libutee.a(utee_syscalls_a32.o)
                                          0x8 (size before relaxing)
 .ARM.exidx.text._utee_get_property_name_to_index
                0x0000000000016058        0x0 /home/kidds/testedoptee/optee_os/out/arm/export-ta_arm32/lib/libutee.a(utee_syscalls_a32.o)
                                          0x8 (size before relaxing)
 .ARM.exidx.text._utee_open_ta_session
                0x0000000000016058        0x0 /home/kidds/testedoptee/optee_os/out/arm/export-ta_arm32/lib/libutee.a(utee_syscalls_a32.o)
                                          0x8 (size before relaxing)
 .ARM.exidx.text._utee_close_ta_session
                0x0000000000016058        0x0 /home/kidds/testedoptee/optee_os/out/arm/export-ta_arm32/lib/libutee.a(utee_syscalls_a32.o)
                                          0x8 (size before relaxing)
 .ARM.exidx.text._utee_invoke_ta_command
                0x0000000000016058        0x0 /home/kidds/testedoptee/optee_os/out/arm/export-ta_arm32/lib/libutee.a(utee_syscalls_a32.o)
                                          0x8 (size before relaxing)
 .ARM.exidx.text._utee_get_cancellation_flag
                0x0000000000016058        0x0 /home/kidds/testedoptee/optee_os/out/arm/export-ta_arm32/lib/libutee.a(utee_syscalls_a32.o)
                                          0x8 (size before relaxing)
 .ARM.exidx.text._utee_check_access_rights
                0x0000000000016058        0x0 /home/kidds/testedoptee/optee_os/out/arm/export-ta_arm32/lib/libutee.a(utee_syscalls_a32.o)
                                          0x8 (size before relaxing)
 .ARM.exidx.text._utee_unmask_cancellation
                0x0000000000016058        0x0 /home/kidds/testedoptee/optee_os/out/arm/export-ta_arm32/lib/libutee.a(utee_syscalls_a32.o)
                                          0x8 (size before relaxing)
 .ARM.exidx.text._utee_mask_cancellation
                0x0000000000016058        0x0 /home/kidds/testedoptee/optee_os/out/arm/export-ta_arm32/lib/libutee.a(utee_syscalls_a32.o)
                                          0x8 (size before relaxing)
 .ARM.exidx.text._utee_wait
                0x0000000000016058        0x0 /home/kidds/testedoptee/optee_os/out/arm/export-ta_arm32/lib/libutee.a(utee_syscalls_a32.o)
                                          0x8 (size before relaxing)
 .ARM.exidx.text._utee_get_time
                0x0000000000016058        0x0 /home/kidds/testedoptee/optee_os/out/arm/export-ta_arm32/lib/libutee.a(utee_syscalls_a32.o)
                                          0x8 (size before relaxing)
 .ARM.exidx.text._utee_set_ta_time
                0x0000000000016058        0x0 /home/kidds/testedoptee/optee_os/out/arm/export-ta_arm32/lib/libutee.a(utee_syscalls_a32.o)
                                          0x8 (size before relaxing)
 .ARM.exidx.text._utee_cryp_state_alloc
                0x0000000000016058        0x0 /home/kidds/testedoptee/optee_os/out/arm/export-ta_arm32/lib/libutee.a(utee_syscalls_a32.o)
                                          0x8 (size before relaxing)
 .ARM.exidx.text._utee_cryp_state_copy
                0x0000000000016058        0x0 /home/kidds/testedoptee/optee_os/out/arm/export-ta_arm32/lib/libutee.a(utee_syscalls_a32.o)
                                          0x8 (size before relaxing)
 .ARM.exidx.text._utee_cryp_state_free
                0x0000000000016058        0x0 /home/kidds/testedoptee/optee_os/out/arm/export-ta_arm32/lib/libutee.a(utee_syscalls_a32.o)
                                          0x8 (size before relaxing)
 .ARM.exidx.text._utee_hash_init
                0x0000000000016058        0x0 /home/kidds/testedoptee/optee_os/out/arm/export-ta_arm32/lib/libutee.a(utee_syscalls_a32.o)
                                          0x8 (size before relaxing)
 .ARM.exidx.text._utee_hash_update
                0x0000000000016058        0x0 /home/kidds/testedoptee/optee_os/out/arm/export-ta_arm32/lib/libutee.a(utee_syscalls_a32.o)
                                          0x8 (size before relaxing)
 .ARM.exidx.text._utee_hash_final
                0x0000000000016058        0x0 /home/kidds/testedoptee/optee_os/out/arm/export-ta_arm32/lib/libutee.a(utee_syscalls_a32.o)
                                          0x8 (size before relaxing)
 .ARM.exidx.text._utee_cipher_init
                0x0000000000016058        0x0 /home/kidds/testedoptee/optee_os/out/arm/export-ta_arm32/lib/libutee.a(utee_syscalls_a32.o)
                                          0x8 (size before relaxing)
 .ARM.exidx.text._utee_cipher_update
                0x0000000000016058        0x0 /home/kidds/testedoptee/optee_os/out/arm/export-ta_arm32/lib/libutee.a(utee_syscalls_a32.o)
                                          0x8 (size before relaxing)
 .ARM.exidx.text._utee_cipher_final
                0x0000000000016058        0x0 /home/kidds/testedoptee/optee_os/out/arm/export-ta_arm32/lib/libutee.a(utee_syscalls_a32.o)
                                          0x8 (size before relaxing)
 .ARM.exidx.text._utee_cryp_obj_get_info
                0x0000000000016058        0x0 /home/kidds/testedoptee/optee_os/out/arm/export-ta_arm32/lib/libutee.a(utee_syscalls_a32.o)
                                          0x8 (size before relaxing)
 .ARM.exidx.text._utee_cryp_obj_restrict_usage
                0x0000000000016058        0x0 /home/kidds/testedoptee/optee_os/out/arm/export-ta_arm32/lib/libutee.a(utee_syscalls_a32.o)
                                          0x8 (size before relaxing)
 .ARM.exidx.text._utee_cryp_obj_get_attr
                0x0000000000016058        0x0 /home/kidds/testedoptee/optee_os/out/arm/export-ta_arm32/lib/libutee.a(utee_syscalls_a32.o)
                                          0x8 (size before relaxing)
 .ARM.exidx.text._utee_cryp_obj_alloc
                0x0000000000016058        0x0 /home/kidds/testedoptee/optee_os/out/arm/export-ta_arm32/lib/libutee.a(utee_syscalls_a32.o)
                                          0x8 (size before relaxing)
 .ARM.exidx.text._utee_cryp_obj_close
                0x0000000000016058        0x0 /home/kidds/testedoptee/optee_os/out/arm/export-ta_arm32/lib/libutee.a(utee_syscalls_a32.o)
                                          0x8 (size before relaxing)
 .ARM.exidx.text._utee_cryp_obj_reset
                0x0000000000016058        0x0 /home/kidds/testedoptee/optee_os/out/arm/export-ta_arm32/lib/libutee.a(utee_syscalls_a32.o)
                                          0x8 (size before relaxing)
 .ARM.exidx.text._utee_cryp_obj_populate
                0x0000000000016058        0x0 /home/kidds/testedoptee/optee_os/out/arm/export-ta_arm32/lib/libutee.a(utee_syscalls_a32.o)
                                          0x8 (size before relaxing)
 .ARM.exidx.text._utee_cryp_obj_copy
                0x0000000000016058        0x0 /home/kidds/testedoptee/optee_os/out/arm/export-ta_arm32/lib/libutee.a(utee_syscalls_a32.o)
                                          0x8 (size before relaxing)
 .ARM.exidx.text._utee_cryp_derive_key
                0x0000000000016058        0x0 /home/kidds/testedoptee/optee_os/out/arm/export-ta_arm32/lib/libutee.a(utee_syscalls_a32.o)
                                          0x8 (size before relaxing)
 .ARM.exidx.text._utee_cryp_random_number_generate
                0x0000000000016058        0x0 /home/kidds/testedoptee/optee_os/out/arm/export-ta_arm32/lib/libutee.a(utee_syscalls_a32.o)
                                          0x8 (size before relaxing)
 .ARM.exidx.text._utee_authenc_init
                0x0000000000016058        0x0 /home/kidds/testedoptee/optee_os/out/arm/export-ta_arm32/lib/libutee.a(utee_syscalls_a32.o)
                                          0x8 (size before relaxing)
 .ARM.exidx.text._utee_authenc_update_aad
                0x0000000000016058        0x0 /home/kidds/testedoptee/optee_os/out/arm/export-ta_arm32/lib/libutee.a(utee_syscalls_a32.o)
                                          0x8 (size before relaxing)
 .ARM.exidx.text._utee_authenc_update_payload
                0x0000000000016058        0x0 /home/kidds/testedoptee/optee_os/out/arm/export-ta_arm32/lib/libutee.a(utee_syscalls_a32.o)
                                          0x8 (size before relaxing)
 .ARM.exidx.text._utee_authenc_enc_final
                0x0000000000016058        0x0 /home/kidds/testedoptee/optee_os/out/arm/export-ta_arm32/lib/libutee.a(utee_syscalls_a32.o)
                                          0x8 (size before relaxing)
 .ARM.exidx.text._utee_authenc_dec_final
                0x0000000000016058        0x0 /home/kidds/testedoptee/optee_os/out/arm/export-ta_arm32/lib/libutee.a(utee_syscalls_a32.o)
                                          0x8 (size before relaxing)
 .ARM.exidx.text._utee_asymm_operate
                0x0000000000016058        0x0 /home/kidds/testedoptee/optee_os/out/arm/export-ta_arm32/lib/libutee.a(utee_syscalls_a32.o)
                                          0x8 (size before relaxing)
 .ARM.exidx.text._utee_asymm_verify
                0x0000000000016058        0x0 /home/kidds/testedoptee/optee_os/out/arm/export-ta_arm32/lib/libutee.a(utee_syscalls_a32.o)
                                          0x8 (size before relaxing)
 .ARM.exidx.text._utee_storage_obj_open
                0x0000000000016058        0x0 /home/kidds/testedoptee/optee_os/out/arm/export-ta_arm32/lib/libutee.a(utee_syscalls_a32.o)
                                          0x8 (size before relaxing)
 .ARM.exidx.text._utee_storage_obj_create
                0x0000000000016058        0x0 /home/kidds/testedoptee/optee_os/out/arm/export-ta_arm32/lib/libutee.a(utee_syscalls_a32.o)
                                          0x8 (size before relaxing)
 .ARM.exidx.text._utee_storage_obj_del
                0x0000000000016058        0x0 /home/kidds/testedoptee/optee_os/out/arm/export-ta_arm32/lib/libutee.a(utee_syscalls_a32.o)
                                          0x8 (size before relaxing)
 .ARM.exidx.text._utee_storage_obj_rename
                0x0000000000016058        0x0 /home/kidds/testedoptee/optee_os/out/arm/export-ta_arm32/lib/libutee.a(utee_syscalls_a32.o)
                                          0x8 (size before relaxing)
 .ARM.exidx.text._utee_storage_alloc_enum
                0x0000000000016058        0x0 /home/kidds/testedoptee/optee_os/out/arm/export-ta_arm32/lib/libutee.a(utee_syscalls_a32.o)
                                          0x8 (size before relaxing)
 .ARM.exidx.text._utee_storage_free_enum
                0x0000000000016058        0x0 /home/kidds/testedoptee/optee_os/out/arm/export-ta_arm32/lib/libutee.a(utee_syscalls_a32.o)
                                          0x8 (size before relaxing)
 .ARM.exidx.text._utee_storage_reset_enum
                0x0000000000016058        0x0 /home/kidds/testedoptee/optee_os/out/arm/export-ta_arm32/lib/libutee.a(utee_syscalls_a32.o)
                                          0x8 (size before relaxing)
 .ARM.exidx.text._utee_storage_start_enum
                0x0000000000016058        0x0 /home/kidds/testedoptee/optee_os/out/arm/export-ta_arm32/lib/libutee.a(utee_syscalls_a32.o)
                                          0x8 (size before relaxing)
 .ARM.exidx.text._utee_storage_next_enum
                0x0000000000016058        0x0 /home/kidds/testedoptee/optee_os/out/arm/export-ta_arm32/lib/libutee.a(utee_syscalls_a32.o)
                                          0x8 (size before relaxing)
 .ARM.exidx.text._utee_storage_obj_read
                0x0000000000016058        0x0 /home/kidds/testedoptee/optee_os/out/arm/export-ta_arm32/lib/libutee.a(utee_syscalls_a32.o)
                                          0x8 (size before relaxing)
 .ARM.exidx.text._utee_storage_obj_write
                0x0000000000016058        0x0 /home/kidds/testedoptee/optee_os/out/arm/export-ta_arm32/lib/libutee.a(utee_syscalls_a32.o)
                                          0x8 (size before relaxing)
 .ARM.exidx.text._utee_storage_obj_trunc
                0x0000000000016058        0x0 /home/kidds/testedoptee/optee_os/out/arm/export-ta_arm32/lib/libutee.a(utee_syscalls_a32.o)
                                          0x8 (size before relaxing)
 .ARM.exidx.text._utee_storage_obj_seek
                0x0000000000016058        0x0 /home/kidds/testedoptee/optee_os/out/arm/export-ta_arm32/lib/libutee.a(utee_syscalls_a32.o)
                                          0x8 (size before relaxing)
 .ARM.exidx.text._utee_cryp_obj_generate_key
                0x0000000000016058        0x0 /home/kidds/testedoptee/optee_os/out/arm/export-ta_arm32/lib/libutee.a(utee_syscalls_a32.o)
                                          0x8 (size before relaxing)
 .ARM.exidx.text._utee_cache_operation
                0x0000000000016058        0x0 /home/kidds/testedoptee/optee_os/out/arm/export-ta_arm32/lib/libutee.a(utee_syscalls_a32.o)
                                          0x8 (size before relaxing)
 .ARM.exidx     0x0000000000016058       0x50 /home/kidds/testedoptee/optee_os/out/arm/export-ta_arm32/lib/libutee.a(user_ta_entry.o)
                                         0x58 (size before relaxing)
 .ARM.exidx.text.unlikely
                0x00000000000160a8        0x8 /home/kidds/testedoptee/optee_os/out/arm/export-ta_arm32/lib/libutee.a(abort.o)
 .ARM.exidx     0x00000000000160b0      0x108 /home/kidds/testedoptee/optee_os/out/arm/export-ta_arm32/lib/libutee.a(tee_api_arith_mpi.o)
                                        0x150 (size before relaxing)
 .ARM.exidx     0x00000000000161b8       0xd0 /home/kidds/testedoptee/optee_os/out/arm/export-ta_arm32/lib/libutee.a(tee_api_objects.o)
                                         0xf8 (size before relaxing)
 .ARM.exidx     0x0000000000016288       0x18 /home/kidds/testedoptee/optee_os/out/arm/export-ta_arm32/lib/libutee.a(tcb.o)
 .ARM.exidx     0x00000000000162a0      0x180 /home/kidds/testedoptee/optee_os/out/arm/export-ta_arm32/lib/libmbedtls.a(bignum.o)
                                        0x1c0 (size before relaxing)