Archive member included to satisfy reference by file (symbol)

../talib1//libtalib1.a(params.o)
                              ./ta_main.o (SM9Params_init)
../talib1//libtalib1.a(sm4.o)
                              ./ta_main.o (sm4_ecb_decryption)
../talib1//libtalib1.a(sm9.o)
                              ./ta_main.o (sm9_set_para)
../talib1//libtalib1.a(sm2.o)
                              ./ta_main.o (sm2_en)
../talib1//libtalib1.a(pkey.o)
                              ./ta_main.o (format_print)
../talib1//libtalib1.a(bn.o)  ../talib1//libtalib1.a(sm9.o) (CBigIntInit)
../talib1//libtalib1.a(bn_field2.o)
                              ../talib1//libtalib1.a(sm9.o) (F2_construct)
../talib1//libtalib1.a(bn_field12.o)
                              ../talib1//libtalib1.a(sm9.o) (BNField12_init)
../talib1//libtalib1.a(bn_point.o)
                              ../talib1//libtalib1.a(sm9.o) (BNPoint_init)
../talib1//libtalib1.a(bn_point2.o)
                              ../talib1//libtalib1.a(sm9.o) (P2_construct_xy)
../talib1//libtalib1.a(bn_pairing.o)
                              ../talib1//libtalib1.a(sm9.o) (Pairing_opt)
../talib1//libtalib1.a(sm3.o)
                              ../talib1//libtalib1.a(sm9.o) (sm3)
../talib1//libtalib1.a(utility.o)
                              ../talib1//libtalib1.a(sm2.o) (Bytes_XOR)
../talib1//libtalib1.a(bn_field4.o)
                              ../talib1//libtalib1.a(bn_field12.o) (BNField4_init)
../talib1//libtalib1.a(libmath.o)
                              ../talib1//libtalib1.a(utility.o) (Ceil)
../talib2//libtalib2.a(kem.o)
                              ./ta_main.o (pqcrystals_kyber512_ref_keypair)
../talib2//libtalib2.a(verify.o)
                              ../talib2//libtalib2.a(kem.o) (pqcrystals_kyber512_ref_verify)
../talib2//libtalib2.a(mtwister.o)
                              ../talib2//libtalib2.a(kem.o) (RandomGen)
../talib2//libtalib2.a(fips202.o)
                              ../talib2//libtalib2.a(kem.o) (pqcrystals_kyber_fips202_ref_shake256)
../talib2//libtalib2.a(indcpa.o)
                              ../talib2//libtalib2.a(kem.o) (pqcrystals_kyber512_ref_indcpa_keypair)
../talib2//libtalib2.a(symmetric-shake.o)
                              ../talib2//libtalib2.a(indcpa.o) (pqcrystals_kyber512_ref_kyber_shake128_absorb)
../talib2//libtalib2.a(poly.o)
                              ../talib2//libtalib2.a(indcpa.o) (pqcrystals_kyber512_ref_poly_compress)
../talib2//libtalib2.a(polyvec.o)
                              ../talib2//libtalib2.a(indcpa.o) (pqcrystals_kyber512_ref_polyvec_compress)
../talib2//libtalib2.a(cbd.o)
                              ../talib2//libtalib2.a(poly.o) (pqcrystals_kyber512_ref_poly_cbd_eta1)
../talib2//libtalib2.a(ntt.o)
                              ../talib2//libtalib2.a(poly.o) (pqcrystals_kyber512_ref_ntt)
../talib2//libtalib2.a(reduce.o)
                              ../talib2//libtalib2.a(poly.o) (pqcrystals_kyber512_ref_montgomery_reduce)
../talib3//libtalib3.a(sign.o)
                              ./ta_main.o (pqcrystals_dilithium2_ref_keypair)
../talib3//libtalib3.a(keyfind.o)
                              ./ta_main.o (sig_data_insert)
../talib3//libtalib3.a(poly.o)
                              ../talib3//libtalib3.a(sign.o) (pqcrystals_dilithium2_ref_poly_ntt)
../talib3//libtalib3.a(polyvec.o)
                              ../talib3//libtalib3.a(sign.o) (pqcrystals_dilithium2_ref_polyvec_matrix_expand)
../talib3//libtalib3.a(reduce.o)
                              ../talib3//libtalib3.a(poly.o) (pqcrystals_dilithium2_ref_montgomery_reduce)
../talib3//libtalib3.a(rounding.o)
                              ../talib3//libtalib3.a(poly.o) (pqcrystals_dilithium2_ref_power2round)
../talib3//libtalib3.a(packing.o)
                              ../talib3//libtalib3.a(sign.o) (pqcrystals_dilithium2_ref_pack_pk)
../talib3//libtalib3.a(fips202.o)
                              ../talib3//libtalib3.a(poly.o) (pqcrystals_dilithium_fips202_ref_shake128_squeezeblocks)
../talib3//libtalib3.a(ntt.o)
                              ../talib3//libtalib3.a(poly.o) (pqcrystals_dilithium2_ref_ntt)
../talib3//libtalib3.a(symmetric-shake.o)
                              ../talib3//libtalib3.a(poly.o) (pqcrystals_dilithium2_ref_dilithium_shake128_stream_init)
/home/kidds/testedoptee/optee_os/out/arm/export-ta_arm32/lib/libutils.a(bget_malloc.o)
                              ../talib3//libtalib3.a(keyfind.o) (malloc)
/home/kidds/testedoptee/optee_os/out/arm/export-ta_arm32/lib/libutils.a(memcpy.o)
                              ./ta_main.o (memcpy)
/home/kidds/testedoptee/optee_os/out/arm/export-ta_arm32/lib/libutils.a(memmove.o)
                              ../talib1//libtalib1.a(pkey.o) (memmove)
/home/kidds/testedoptee/optee_os/out/arm/export-ta_arm32/lib/libutils.a(memset.o)
                              ../talib1//libtalib1.a(sm4.o) (memset)
/home/kidds/testedoptee/optee_os/out/arm/export-ta_arm32/lib/libutils.a(strcpy.o)
[...]
Memory Configuration

Name             Origin             Length             Attributes
*default*        0x0000000000000000 0xffffffffffffffff

Linker script and memory map


.ta_head        0x0000000000000000       0x20
 *(SORT_BY_ALIGNMENT(.ta_head))
 .ta_head       0x0000000000000000       0x20 ./user_ta_header.o
                0x0000000000000000                ta_head

.text           0x0000000000000020    0x18a18
                0x0000000000000020                __text_start = .
 *(SORT_BY_ALIGNMENT(.text) SORT_BY_ALIGNMENT(.text.*))
 .text          0x0000000000000020      0x1c4 ../talib2//libtalib2.a(mtwister.o)
                0x0000000000000020                seedRand
                0x000000000000005e                genRandLong
                0x0000000000000170                genRand
                0x0000000000000190                RandomGen
 .text          0x00000000000001e4      0xc04 ./ta_main.o
                0x0000000000000328                TA_CreateEntryPoint
                0x000000000000033c                TA_DestroyEntryPoint
                0x0000000000000348                TA_OpenSessionEntryPoint
                0x000000000000035c                TA_CloseSessionEntryPoint
                0x0000000000000368                secure_write
                0x000000000000045c                secure_delete
                0x00000000000004c8                ta_identify_enkid
                0x00000000000005a8                ta_identify_depkey
                0x0000000000000688                ta_identify_exchangeR
                0x0000000000000838                ta_identify_Gensk_S
                0x000000000000099c                ta_identify_Confirm_S
                0x0000000000000a98                ta_save_opposigpk
                0x0000000000000aac                ta_sig_keypair
                0x0000000000000ac0                ta_kem_keypair
                0x0000000000000ad4                ta_authen_encape
                0x0000000000000c40                ta_authen_decape
                0x0000000000000d6c                TA_InvokeCommandEntryPoint
 .text.__ta_entry
                0x0000000000000de8        0x4 ./ta_entry_a32.o
                0x0000000000000de8                __ta_entry
 .text          0x0000000000000dec       0xf0 ../talib1//libtalib1.a(params.o)
                0x0000000000000dec                SM9Params_init
 .text          0x0000000000000edc      0x450 ../talib1//libtalib1.a(sm4.o)
                0x00000000000010fc                sm4_setkey_enc
                0x0000000000001104                sm4_setkey_dec
                0x000000000000112e                sm4_crypt_ecb
                0x0000000000001178                sm4_crypt_cbc
                0x0000000000001248                sm4_crypt_ctr
                0x00000000000012e4                sm4_ecb_encryption
                0x0000000000001308                sm4_ecb_decryption
 .text          0x000000000000132c      0xd88 ../talib1//libtalib1.a(sm9.o)
                0x000000000000132c                sm9_set_para
                0x00000000000014a8                sm9_key_calculate
                0x00000000000015e2                sm9_key_generation
                0x00000000000016a8                sm9_reset_ctx
                0x000000000000170e                sm9_set_r
                0x000000000000173c                sm9_userA_exchangeR
                0x000000000000187c                sm9_userB_exchangeR
                0x00000000000019c0                sm9_userA_exchangeSK
                0x0000000000001bc8                sm9_userB_exchangeSK
                0x0000000000001dbe                sm9_userA_exchangeS
                0x0000000000001f14                sm9_userB_exchangeS
                0x000000000000206a                sm9_userA_exchangeConfirm
                0x000000000000208e                sm9_userB_exchangeConfirm
 .text          0x00000000000020b4      0x47c ../talib1//libtalib1.a(sm2.o)
                0x00000000000020b4                sm2_set_str
                0x00000000000020bc                sm2_set_stren
                0x00000000000020c6                sm2_encryption
                0x0000000000002294                sm2_decryption
                0x0000000000002480                sm2_en
                0x00000000000024d8                sm2_de
 .text          0x0000000000002530      0x27c ../talib1//libtalib1.a(pkey.o)
                0x0000000000002530                Cnode_init
                0x00000000000025ec                Cnode_insert
                0x000000000000262c                Cnode_update
                0x0000000000002648                Cnode_sort
                0x000000000000269a                Nnode_init
                0x00000000000026de                Nnode_search
                0x000000000000270c                Nnode_update
                0x0000000000002746                cau_enpkey
                0x000000000000275a                cau_depkey
                0x000000000000276e                format_print
 .text          0x00000000000027ac     0x10a8 ../talib1//libtalib1.a(bn.o)
                0x00000000000027ac                CBigIntInit
                0x00000000000027c2                Cmp
                0x0000000000002800                Mov_Big_Big
                0x0000000000002824                Mov_Big_Long
                0x000000000000285a                Add_Big_Big
                0x00000000000028ec                Add_Big_Long
                0x0000000000002976                Sub_Big_Big
                0x0000000000002a3c                Sub_Big_Long
                0x0000000000002adc                Mul_Big_Long
                0x0000000000002b80                Mul_Big_Big
                0x0000000000002c98                Div_Big_Long
                0x0000000000002d32                Div_Big_Big
                0x0000000000002ef4                Mod_Big_Big
                0x0000000000003066                Mod_Big_Long
                0x00000000000030ae                Get
                0x0000000000003158                Put
                0x0000000000003258                PutFieldElement
                0x0000000000003360                Inv
                0x0000000000003610                Exp
 .text          0x0000000000003854      0xfc8 ../talib1//libtalib1.a(bn_field2.o)
                0x0000000000003854                BNField2_init
                0x0000000000003868                F2_construct
                0x000000000000395c                F2_construct_I
                0x00000000000039e8                F2_assign
                0x0000000000003a2c                F2_add
                0x0000000000003b38                F2_add_I
                0x0000000000003be8                CBigInt_substract
                0x0000000000003d7c                F2_substract
                0x0000000000003ddc                F2_substract_I
                0x0000000000003e2a                F2_isZero
                0x0000000000003e9c                F2_isOne
                0x0000000000003f0c                F2_equal
                0x0000000000003f68                CBigInt_neg
                0x0000000000003fb4                F2_negate
                0x0000000000004028                F2_frobenius
                0x00000000000040b4                F2_GFrobenius
                0x0000000000004154                F2_multiply
                0x00000000000042d2                F2_multiply_I
                0x000000000000435a                F2_multiply_i
                0x00000000000043d0                F2_multiply_u
                0x0000000000004464                F2_square
                0x000000000000456e                F2_inverse
                0x00000000000046cc                F2_toString
                0x0000000000004728                F2_normorlize
 .text          0x000000000000481c     0x17c0 ../talib1//libtalib1.a(bn_field12.o)
                0x000000000000481c                BNField12_init
                0x0000000000004838                F12_construct
                0x00000000000048a4                F12_normorlize
                0x0000000000004910                F12_assign
                0x000000000000497c                F12_assign_1
                0x0000000000004a9c                F12_add
                0x0000000000004b3c                F12_add_F4
                0x0000000000004bba                F12_substract
                0x0000000000004c5a                F12_substract_F4
                0x0000000000004cd8                F12_isZero
                0x0000000000004d48                F12_isOne
                0x0000000000004db8                F12_equal
                0x0000000000004e58                F12_negate
                0x0000000000004ec4                F12_frobenius
                0x0000000000004f94                F12_GFrobenius
                0x00000000000050c0                F12_multiply
                0x0000000000005492                F12_multiply_F4
                0x0000000000005530                F12_multiply_i
                0x00000000000055ac                F12_multiply_I
                0x0000000000005648                F12_square
                0x000000000000594e                F12_inverse
                0x0000000000005c72                F12_exp
                0x0000000000005db8                F12_toString_d
                0x0000000000005e48                F12_toString
 .text          0x0000000000005fdc     0x12bc ../talib1//libtalib1.a(bn_point.o)
                0x0000000000005fdc                BNPoint_init
                0x0000000000005ff8                P_construct
                0x000000000000614c                P_construct_xy
                0x000000000000624c                P_assign
                0x00000000000062aa                P_isZero
                0x00000000000062f8                P_normorlize
                0x00000000000064c8                P_isNormal
                0x000000000000653c                P_equal
                0x000000000000663a                P_negate
                0x0000000000006698                P_twice
                0x00000000000069e0                P_add
                0x0000000000006efc                P_multiply
                0x000000000000700c                P_isOnBNCurve
                0x00000000000071c8                Format_64_Char
                0x0000000000007210                P_toString
 .text          0x0000000000007298     0x11dc ../talib1//libtalib1.a(bn_point2.o)
                0x0000000000007298                BNPoint2_init
                0x0000000000007344                P2_construct
                0x00000000000073a2                P2_construct_xy
                0x0000000000007428                P2_assign
                0x0000000000007486                P2_isZero
                0x00000000000074aa                P2_normorlize
                0x0000000000007608                P2_isNormal
                0x0000000000007652                P2_equal
                0x000000000000775e                P2_negate
                0x00000000000077bc                P2_twice
                0x0000000000007a4c                P2_add
                0x0000000000007f04                P2_multiply
                0x0000000000008038                P2_isOnBNTCurve
                0x00000000000081a8                P2_frobenius
                0x00000000000082f8                P2_toString_d
                0x0000000000008398                P2_toString
 .text          0x0000000000008474      0xffc ../talib1//libtalib1.a(bn_pairing.o)
                0x0000000000008474                Line_Funtion
                0x00000000000089f8                Final_exp
                0x0000000000008d90                Pairing_opt
                0x00000000000090f8                Pairing_Rate
 .text          0x0000000000009470      0x6ac ../talib1//libtalib1.a(sm3.o)
                0x000000000000982e                sm3_init
                0x0000000000009884                sm3_update
                0x000000000000990e                sm3_final
                0x00000000000099ec                sm3
                0x0000000000009a2e                sm3_hmac_init
                0x0000000000009aa6                sm3_hmac_update
                0x0000000000009aaa                sm3_hmac_final
                0x0000000000009aea                sm3_hmac
 .text          0x0000000000009b1c      0x6ec ../talib1//libtalib1.a(utility.o)
                0x0000000000009b1c                Bytes_XOR
                0x0000000000009b32                Bytes_Equal
                0x0000000000009b4e                printByte
                0x0000000000009b70                HextoByte
                0x0000000000009bf2                DwordtoByte
                0x0000000000009c20                BytetoDwordbyte
                0x0000000000009c46                F12toByte
                0x0000000000009df0                PtoByte
                0x0000000000009e48                KDF
                0x0000000000009f1a                Hash_1
                0x000000000000a06c                convert_UnCharToStr
                0x000000000000a0bc                convert_StrToUnChar
                0x000000000000a108                convert_unCharToBNPoint
                0x000000000000a158                convert_unCharToBNPoint2
 .text          0x000000000000a208      0xa8c ../talib1//libtalib1.a(bn_field4.o)
                0x000000000000a208                BNField4_init
                0x000000000000a21c                F4_construct
                0x000000000000a262                F4_normorlize
                0x000000000000a2a8                F4_construct_F2
                0x000000000000a310                F4_assign
                0x000000000000a356                F4_add
                0x000000000000a3be                F4_add_F2
                0x000000000000a416                F4_substract
                0x000000000000a47e                F4_substract_F2
                0x000000000000a4d6                F4_isZero
                0x000000000000a51a                F4_isOne
                0x000000000000a55e                F4_equal
                0x000000000000a5c2                F4_negate
                0x000000000000a608                F4_frobenius
                0x000000000000a688                F4_GFrobenius
                0x000000000000a728                F4_multiply
                0x000000000000a8a4                F4_multiply_F2
                0x000000000000a90c                F4_multiply_i
                0x000000000000a958                F4_multiply_I
                0x000000000000a9be                F4_multiply_v
                0x000000000000aa3a                F4_square
                0x000000000000ab2e                F4_inverse
                0x000000000000ac30                F4_toString
 .text          0x000000000000ac94       0x88 ../talib1//libtalib1.a(libmath.o)
                0x000000000000ac94                Ceil
                0x000000000000ace0                Floor
 .text          0x000000000000ad1c      0x144 ../talib2//libtalib2.a(kem.o)
                0x000000000000ad1c                pqcrystals_kyber512_ref_keypair
                0x000000000000ad60                pqcrystals_kyber512_ref_enc
                0x000000000000add0                pqcrystals_kyber512_ref_dec
 .text          0x000000000000ae60     0x1898 ../talib2//libtalib2.a(fips202.o)
                0x000000000000c4d8                pqcrystals_kyber_fips202_ref_shake128_init
                0x000000000000c4f6                pqcrystals_kyber_fips202_ref_shake128_absorb
                0x000000000000c510                pqcrystals_kyber_fips202_ref_shake128_finalize
                0x000000000000c526                pqcrystals_kyber_fips202_ref_shake128_squeeze
                0x000000000000c53e                pqcrystals_kyber_fips202_ref_shake128_absorb_once
                0x000000000000c55a                pqcrystals_kyber_fips202_ref_shake128_squeezeblocks
                0x000000000000c55e                pqcrystals_kyber_fips202_ref_shake256_init
                0x000000000000c560                pqcrystals_kyber_fips202_ref_shake256_absorb
                0x000000000000c57a                pqcrystals_kyber_fips202_ref_shake256_finalize
                0x000000000000c590                pqcrystals_kyber_fips202_ref_shake256_squeeze
                0x000000000000c5a8                pqcrystals_kyber_fips202_ref_shake256_absorb_once
                0x000000000000c5c4                pqcrystals_kyber_fips202_ref_shake256_squeezeblocks
                0x000000000000c5c8                pqcrystals_kyber_fips202_ref_shake128
                0x000000000000c602                pqcrystals_kyber_fips202_ref_shake256
                0x000000000000c63c                pqcrystals_kyber_fips202_ref_sha3_256
                0x000000000000c69a                pqcrystals_kyber_fips202_ref_sha3_512
 .text          0x000000000000c6f8      0x370 ../talib2//libtalib2.a(indcpa.o)
                0x000000000000c74e                pqcrystals_kyber512_ref_gen_matrix
                0x000000000000c81a                pqcrystals_kyber512_ref_indcpa_keypair
                0x000000000000c8f4                pqcrystals_kyber512_ref_indcpa_enc
                0x000000000000ca04                pqcrystals_kyber512_ref_indcpa_dec
 .text          0x000000000000ca68      0x2cc ../talib2//libtalib2.a(poly.o)
                0x000000000000ca68                pqcrystals_kyber512_ref_poly_compress
                0x000000000000caee                pqcrystals_kyber512_ref_poly_decompress
                0x000000000000cb22                pqcrystals_kyber512_ref_poly_tobytes
                0x000000000000cb6e                pqcrystals_kyber512_ref_poly_frombytes
                0x000000000000cba2                pqcrystals_kyber512_ref_poly_frommsg
                0x000000000000cbd2                pqcrystals_kyber512_ref_poly_tomsg
                0x000000000000cc20                pqcrystals_kyber512_ref_poly_getnoise_eta1
                0x000000000000cc40                pqcrystals_kyber512_ref_poly_getnoise_eta2
                0x000000000000cc60                pqcrystals_kyber512_ref_poly_invntt_tomont
                0x000000000000cc64                pqcrystals_kyber512_ref_poly_basemul_montgomery
                0x000000000000ccb4                pqcrystals_kyber512_ref_poly_tomont
                0x000000000000ccd2                pqcrystals_kyber512_ref_poly_reduce
                0x000000000000ccea                pqcrystals_kyber512_ref_poly_ntt
                0x000000000000ccfc                pqcrystals_kyber512_ref_poly_add
                0x000000000000cd18                pqcrystals_kyber512_ref_poly_sub
 .text          0x000000000000cd34       0xb4 ../talib2//libtalib2.a(cbd.o)
                0x000000000000cd34                pqcrystals_kyber512_ref_poly_cbd_eta1
                0x000000000000cd90                pqcrystals_kyber512_ref_poly_cbd_eta2
 .text          0x000000000000cde8      0x1a8 ../talib2//libtalib2.a(ntt.o)
                0x000000000000cde8                pqcrystals_kyber512_ref_ntt
                0x000000000000ce78                pqcrystals_kyber512_ref_invntt
                0x000000000000cf3c                pqcrystals_kyber512_ref_basemul
 .text          0x000000000000cf90      0x53c ../talib3//libtalib3.a(sign.o)
                0x000000000000cf90                pqcrystals_dilithium2_ref_keypair
                0x000000000000d080                pqcrystals_dilithium2_ref_signature
                0x000000000000d2a8                pqcrystals_dilithium2_ref
                0x000000000000d2e0                pqcrystals_dilithium2_ref_verify
                0x000000000000d468                pqcrystals_dilithium2_ref_open
 .text          0x000000000000d4cc       0xc4 ../talib3//libtalib3.a(keyfind.o)
                0x000000000000d4cc                ID_Equal
                0x000000000000d4e8                sig_data_insert
                0x000000000000d550                sig_data_search
 .text          0x000000000000d590      0x950 ../talib3//libtalib3.a(poly.o)
                0x000000000000d640                pqcrystals_dilithium2_ref_poly_reduce
                0x000000000000d658                pqcrystals_dilithium2_ref_poly_caddq
                0x000000000000d670                pqcrystals_dilithium2_ref_poly_add
                0x000000000000d68c                pqcrystals_dilithium2_ref_poly_sub
                0x000000000000d6a8                pqcrystals_dilithium2_ref_poly_shiftl
                0x000000000000d6be                pqcrystals_dilithium2_ref_poly_ntt
                0x000000000000d6c2                pqcrystals_dilithium2_ref_poly_invntt_tomont
                0x000000000000d6c6                pqcrystals_dilithium2_ref_poly_pointwise_montgomery
                0x000000000000d6ee                pqcrystals_dilithium2_ref_poly_power2round
                0x000000000000d70c                pqcrystals_dilithium2_ref_poly_decompose
                0x000000000000d72a                pqcrystals_dilithium2_ref_poly_make_hint
                0x000000000000d758                pqcrystals_dilithium2_ref_poly_use_hint
                0x000000000000d77c                pqcrystals_dilithium2_ref_poly_chknorm
                0x000000000000d7ac                pqcrystals_dilithium2_ref_poly_uniform
                0x000000000000d83a                pqcrystals_dilithium2_ref_poly_uniform_eta
                0x000000000000d886                pqcrystals_dilithium2_ref_poly_challenge
                0x000000000000d948                pqcrystals_dilithium2_ref_polyeta_pack
                0x000000000000d9d0                pqcrystals_dilithium2_ref_polyeta_unpack
                0x000000000000da92                pqcrystals_dilithium2_ref_polyt1_pack
                0x000000000000dae8                pqcrystals_dilithium2_ref_polyt1_unpack
                0x000000000000db48                pqcrystals_dilithium2_ref_polyt0_pack
                0x000000000000dbfc                pqcrystals_dilithium2_ref_polyt0_unpack
                0x000000000000dd46                pqcrystals_dilithium2_ref_polyz_pack
                0x000000000000ddae                pqcrystals_dilithium2_ref_polyz_unpack
                0x000000000000de68                pqcrystals_dilithium2_ref_poly_uniform_gamma1
                0x000000000000de92                pqcrystals_dilithium2_ref_polyw1_pack
 .text          0x000000000000dee0       0x54 ../talib3//libtalib3.a(reduce.o)
                0x000000000000dee0                pqcrystals_dilithium2_ref_montgomery_reduce
                0x000000000000df00                pqcrystals_dilithium2_ref_reduce32
                0x000000000000df14                pqcrystals_dilithium2_ref_caddq
                0x000000000000df24                pqcrystals_dilithium2_ref_freeze
 .text          0x000000000000df34       0xa0 ../talib3//libtalib3.a(rounding.o)
                0x000000000000df34                pqcrystals_dilithium2_ref_power2round
                0x000000000000df48                pqcrystals_dilithium2_ref_decompose
                0x000000000000df88                pqcrystals_dilithium2_ref_make_hint
                0x000000000000dfa8                pqcrystals_dilithium2_ref_use_hint
 .text          0x000000000000dfd4     0x18a0 ../talib3//libtalib3.a(fips202.o)
                0x000000000000f654                pqcrystals_dilithium_fips202_ref_shake128_init
                0x000000000000f672                pqcrystals_dilithium_fips202_ref_shake128_absorb
                0x000000000000f68c                pqcrystals_dilithium_fips202_ref_shake128_finalize
                0x000000000000f6a2                pqcrystals_dilithium_fips202_ref_shake128_squeeze
                0x000000000000f6ba                pqcrystals_dilithium_fips202_ref_shake128_absorb_once
                0x000000000000f6d6                pqcrystals_dilithium_fips202_ref_shake128_squeezeblocks
                0x000000000000f6da                pqcrystals_dilithium_fips202_ref_shake256_init
                0x000000000000f6dc                pqcrystals_dilithium_fips202_ref_shake256_absorb
                0x000000000000f6f6                pqcrystals_dilithium_fips202_ref_shake256_finalize
                0x000000000000f70c                pqcrystals_dilithium_fips202_ref_shake256_squeeze
                0x000000000000f724                pqcrystals_dilithium_fips202_ref_shake256_absorb_once
                0x000000000000f740                pqcrystals_dilithium_fips202_ref_shake256_squeezeblocks
                0x000000000000f744                pqcrystals_dilithium_fips202_ref_shake128
                0x000000000000f77e                pqcrystals_dilithium_fips202_ref_shake256
                0x000000000000f7b8                pqcrystals_dilithium_fips202_ref_sha3_256
                0x000000000000f816                pqcrystals_dilithium_fips202_ref_sha3_512
 .text          0x000000000000f874      0x128 ../talib3//libtalib3.a(ntt.o)
                0x000000000000f874                pqcrystals_dilithium2_ref_ntt
                0x000000000000f8f0                pqcrystals_dilithium2_ref_invntt_tomont
 .text          0x000000000000f99c      0x93c /home/kidds/testedoptee/optee_os/out/arm/export-ta_arm32/lib/libutils.a(bget_malloc.o)
                0x000000000000f9cc                bget
                0x000000000000fbd4                bgetz
                0x000000000000fc34                brel
                0x000000000000fe3c                bgetr
                0x000000000000fec0                bpool
                0x000000000000ff5c                bstats
                0x000000000000ffc0                malloc_reset_stats
                0x000000000000ffd4                malloc_get_stats
                0x000000000000fff0                malloc
                0x0000000000010020                calloc
                0x000000000001005c                realloc
                0x0000000000010090                memalign
                0x00000000000100d0                free
                0x00000000000100e4                free_wipe
                0x00000000000100f8                malloc_add_pool
                0x00000000000101a4                malloc_buffer_is_within_alloced
                0x0000000000010284                malloc_buffer_overlaps_heap
 .text          0x00000000000102d8       0xd8 /home/kidds/testedoptee/optee_os/out/arm/export-ta_arm32/lib/libutils.a(memcpy.o)
                0x00000000000102d8                memcpy
 .text.__aeabi_ldivmod
                0x00000000000103b0       0x18 /home/kidds/testedoptee/optee_os/out/arm/export-ta_arm32/lib/libutils.a(arm32_aeabi_ldivmod_a32.o)
                0x00000000000103b0                __aeabi_ldivmod
 .text.__aeabi_uldivmod
                0x00000000000103c8       0x18 /home/kidds/testedoptee/optee_os/out/arm/export-ta_arm32/lib/libutils.a(arm32_aeabi_ldivmod_a32.o)
                0x00000000000103c8                __aeabi_uldivmod
 .text          0x00000000000103e0       0x38 /home/kidds/testedoptee/optee_os/out/arm/export-ta_arm32/lib/libutee.a(assert.o)
                0x00000000000103e0                _assert_log
                0x0000000000010408                _assert_break
 .text          0x0000000000010418       0x9c /home/kidds/testedoptee/optee_os/out/arm/export-ta_arm32/lib/libutee.a(trace_ext.o)
                0x0000000000010418                trace_ext_puts
                0x000000000001042c                trace_ext_get_thread_id
                0x0000000000010432                printf
                0x000000000001046c                puts
                0x0000000000010490                putchar
 .text          0x00000000000104b4      0x488 /home/kidds/testedoptee/optee_os/out/arm/export-ta_arm32/lib/libutee.a(tee_api.o)
                0x0000000000010518                TEE_CloseTASession
                0x000000000001052c                TEE_GetCancellationFlag
                0x0000000000010548                TEE_UnmaskCancellation
                0x0000000000010564                TEE_MaskCancellation
                0x0000000000010580                TEE_CheckMemoryAccessRights
                0x00000000000106bc                TEE_OpenTASession
                0x0000000000010750                TEE_InvokeTACommand
                0x0000000000010804                TEE_SetInstanceData
                0x0000000000010810                TEE_GetInstanceData
                0x000000000001081c                TEE_MemMove
                0x0000000000010820                TEE_MemCompare
                0x0000000000010824                TEE_MemFill
                0x0000000000010828                TEE_GetSystemTime
                0x000000000001083e                TEE_Wait
                0x000000000001085c                TEE_GetTAPersistentTime
                0x0000000000010898                TEE_SetTAPersistentTime
                0x00000000000108c0                TEE_GetREETime
                0x00000000000108d6                TEE_Malloc
                0x0000000000010920                TEE_Realloc
                0x0000000000010924                TEE_Free
                0x0000000000010928                TEE_CacheClean
                0x000000000001092e                TEE_CacheFlush
                0x0000000000010934                TEE_CacheInvalidate
 .text          0x000000000001093c     0x1b4c /home/kidds/testedoptee/optee_os/out/arm/export-ta_arm32/lib/libutee.a(tee_api_operations.o)
                0x0000000000010a90                TEE_FreeOperation
                0x0000000000010ab6                TEE_AllocateOperation
                0x0000000000011260                TEE_GetOperationInfo
                0x0000000000011290                TEE_GetOperationInfoMultiple
                0x0000000000011364                TEE_ResetOperation
                0x00000000000113a4                TEE_SetOperationKey
                0x000000000001143c                TEE_SetOperationKey2
                0x0000000000011534                TEE_CopyOperation
                0x00000000000115e8                TEE_DigestUpdate
                0x0000000000011618                TEE_DigestDoFinal
                0x000000000001169c                TEE_CipherInit
                0x00000000000116f2                TEE_CipherUpdate
                0x00000000000117e4                TEE_CipherDoFinal
                0x0000000000011920                TEE_MACInit
                0x0000000000011976                TEE_MACUpdate
                0x00000000000119c4                TEE_MACComputeFinal
                0x0000000000011a40                TEE_MACCompareFinal
                0x0000000000011aa8                TEE_AEInit
                0x0000000000011b18                TEE_AEUpdateAAD
                0x0000000000011b5e                TEE_AEUpdate
                0x0000000000011c3c                TEE_AEEncryptFinal
                0x0000000000011d5c                TEE_AEDecryptFinal
                0x0000000000011e5c                TEE_AsymmetricEncrypt
                0x0000000000011f1c                TEE_AsymmetricDecrypt
                0x0000000000011fdc                TEE_AsymmetricSignDigest
                0x0000000000012098                TEE_AsymmetricVerifyDigest
                0x0000000000012140                TEE_DeriveKey
                0x0000000000012220                TEE_GenerateRandom
                0x0000000000012232                rand
                0x000000000001224a                TEE_IsAlgorithmSupported
 .text          0x0000000000012488       0xd8 /home/kidds/testedoptee/optee_os/out/arm/export-ta_arm32/lib/libutee.a(tee_api_panic.o)
                0x00000000000124a8                TEE_Panic
                0x00000000000124b6                __utee_check_outbuf_annotation
                0x00000000000124e4                __utee_check_instring_annotation
                0x00000000000124fc                __utee_check_outstring_annotation
                0x0000000000012528                __utee_check_out_annotation
                0x000000000001253a                __utee_check_attr_in_annotation
                0x000000000001254e                __utee_check_inout_annotation
 .text          0x0000000000012560      0x15c /home/kidds/testedoptee/optee_os/out/arm/export-ta_arm32/lib/libutee.a(tee_system_pta.o)
                0x00000000000125b0                tee_map_zi
                0x00000000000125e6                tee_unmap
                0x0000000000012634                tee_invoke_supp_plugin
 .text          0x00000000000126bc        0x0 /home/kidds/testedoptee/optee_os/out/arm/export-ta_arm32/lib/libutee.a(utee_syscalls_a32.o)
 .text._utee_panic
                0x00000000000126bc       0x14 /home/kidds/testedoptee/optee_os/out/arm/export-ta_arm32/lib/libutee.a(utee_syscalls_a32.o)
                0x00000000000126bc                _utee_panic
 .text._utee_return
                0x00000000000126d0       0x14 /home/kidds/testedoptee/optee_os/out/arm/export-ta_arm32/lib/libutee.a(utee_syscalls_a32.o)
                0x00000000000126d0                _utee_return
 .text._utee_log
                0x00000000000126e4       0x14 /home/kidds/testedoptee/optee_os/out/arm/export-ta_arm32/lib/libutee.a(utee_syscalls_a32.o)
                0x00000000000126e4                _utee_log
 .text.__utee_panic
                0x00000000000126f8       0x14 /home/kidds/testedoptee/optee_os/out/arm/export-ta_arm32/lib/libutee.a(utee_syscalls_a32.o)
                0x00000000000126f8                __utee_panic
 .text._utee_get_property
                0x000000000001270c       0x18 /home/kidds/testedoptee/optee_os/out/arm/export-ta_arm32/lib/libutee.a(utee_syscalls_a32.o)
                0x000000000001270c                _utee_get_property
 .text._utee_get_property_name_to_index
                0x0000000000012724       0x14 /home/kidds/testedoptee/optee_os/out/arm/export-ta_arm32/lib/libutee.a(utee_syscalls_a32.o)
                0x0000000000012724                _utee_get_property_name_to_index
 .text._utee_open_ta_session
                0x0000000000012738       0x18 /home/kidds/testedoptee/optee_os/out/arm/export-ta_arm32/lib/libutee.a(utee_syscalls_a32.o)
                0x0000000000012738                _utee_open_ta_session
 .text._utee_close_ta_session
                0x0000000000012750       0x14 /home/kidds/testedoptee/optee_os/out/arm/export-ta_arm32/lib/libutee.a(utee_syscalls_a32.o)
                0x0000000000012750                _utee_close_ta_session
 .text._utee_invoke_ta_command
                0x0000000000012764       0x18 /home/kidds/testedoptee/optee_os/out/arm/export-ta_arm32/lib/libutee.a(utee_syscalls_a32.o)
                0x0000000000012764                _utee_invoke_ta_command
 .text._utee_get_cancellation_flag
                0x000000000001277c       0x14 /home/kidds/testedoptee/optee_os/out/arm/export-ta_arm32/lib/libutee.a(utee_syscalls_a32.o)
                0x000000000001277c                _utee_get_cancellation_flag
 .text._utee_check_access_rights
                0x0000000000012790       0x14 /home/kidds/testedoptee/optee_os/out/arm/export-ta_arm32/lib/libutee.a(utee_syscalls_a32.o)
                0x0000000000012790                _utee_check_access_rights
 .text._utee_unmask_cancellation
                0x00000000000127a4       0x14 /home/kidds/testedoptee/optee_os/out/arm/export-ta_arm32/lib/libutee.a(utee_syscalls_a32.o)
                0x00000000000127a4                _utee_unmask_cancellation
 .text._utee_mask_cancellation
                0x00000000000127b8       0x14 /home/kidds/testedoptee/optee_os/out/arm/export-ta_arm32/lib/libutee.a(utee_syscalls_a32.o)
                0x00000000000127b8                _utee_mask_cancellation
 .text._utee_wait
                0x00000000000127cc       0x14 /home/kidds/testedoptee/optee_os/out/arm/export-ta_arm32/lib/libutee.a(utee_syscalls_a32.o)
                0x00000000000127cc                _utee_wait
 .text._utee_get_time
                0x00000000000127e0       0x14 /home/kidds/testedoptee/optee_os/out/arm/export-ta_arm32/lib/libutee.a(utee_syscalls_a32.o)
                0x00000000000127e0                _utee_get_time
 .text._utee_set_ta_time
                0x00000000000127f4       0x14 /home/kidds/testedoptee/optee_os/out/arm/export-ta_arm32/lib/libutee.a(utee_syscalls_a32.o)
                0x00000000000127f4                _utee_set_ta_time
 .text._utee_cryp_state_alloc
                0x0000000000012808       0x18 /home/kidds/testedoptee/optee_os/out/arm/export-ta_arm32/lib/libutee.a(utee_syscalls_a32.o)
                0x0000000000012808                _utee_cryp_state_alloc
 .text._utee_cryp_state_copy
                0x0000000000012820       0x14 /home/kidds/testedoptee/optee_os/out/arm/export-ta_arm32/lib/libutee.a(utee_syscalls_a32.o)
                0x0000000000012820                _utee_cryp_state_copy
 .text._utee_cryp_state_free
                0x0000000000012834       0x14 /home/kidds/testedoptee/optee_os/out/arm/export-ta_arm32/lib/libutee.a(utee_syscalls_a32.o)
                0x0000000000012834                _utee_cryp_state_free
 .text._utee_hash_init
                0x0000000000012848       0x14 /home/kidds/testedoptee/optee_os/out/arm/export-ta_arm32/lib/libutee.a(utee_syscalls_a32.o)
                0x0000000000012848                _utee_hash_init
 .text._utee_hash_update
                0x000000000001285c       0x14 /home/kidds/testedoptee/optee_os/out/arm/export-ta_arm32/lib/libutee.a(utee_syscalls_a32.o)
                0x000000000001285c                _utee_hash_update
 .text._utee_hash_final
                0x0000000000012870       0x18 /home/kidds/testedoptee/optee_os/out/arm/export-ta_arm32/lib/libutee.a(utee_syscalls_a32.o)
                0x0000000000012870                _utee_hash_final
 .text._utee_cipher_init
                0x0000000000012888       0x14 /home/kidds/testedoptee/optee_os/out/arm/export-ta_arm32/lib/libutee.a(utee_syscalls_a32.o)
                0x0000000000012888                _utee_cipher_init
 .text._utee_cipher_update
                0x000000000001289c       0x18 /home/kidds/testedoptee/optee_os/out/arm/export-ta_arm32/lib/libutee.a(utee_syscalls_a32.o)
                0x000000000001289c                _utee_cipher_update
 .text._utee_cipher_final
                0x00000000000128b4       0x18 /home/kidds/testedoptee/optee_os/out/arm/export-ta_arm32/lib/libutee.a(utee_syscalls_a32.o)
                0x00000000000128b4                _utee_cipher_final
 .text._utee_cryp_obj_get_info
                0x00000000000128cc       0x14 /home/kidds/testedoptee/optee_os/out/arm/export-ta_arm32/lib/libutee.a(utee_syscalls_a32.o)
                0x00000000000128cc                _utee_cryp_obj_get_info
 .text._utee_cryp_obj_restrict_usage
                0x00000000000128e0       0x14 /home/kidds/testedoptee/optee_os/out/arm/export-ta_arm32/lib/libutee.a(utee_syscalls_a32.o)
                0x00000000000128e0                _utee_cryp_obj_restrict_usage
 .text._utee_cryp_obj_get_attr
                0x00000000000128f4       0x14 /home/kidds/testedoptee/optee_os/out/arm/export-ta_arm32/lib/libutee.a(utee_syscalls_a32.o)
                0x00000000000128f4                _utee_cryp_obj_get_attr
 .text._utee_cryp_obj_alloc
                0x0000000000012908       0x14 /home/kidds/testedoptee/optee_os/out/arm/export-ta_arm32/lib/libutee.a(utee_syscalls_a32.o)
                0x0000000000012908                _utee_cryp_obj_alloc
 .text._utee_cryp_obj_close
                0x000000000001291c       0x14 /home/kidds/testedoptee/optee_os/out/arm/export-ta_arm32/lib/libutee.a(utee_syscalls_a32.o)
                0x000000000001291c                _utee_cryp_obj_close
 .text._utee_cryp_obj_reset
                0x0000000000012930       0x14 /home/kidds/testedoptee/optee_os/out/arm/export-ta_arm32/lib/libutee.a(utee_syscalls_a32.o)
                0x0000000000012930                _utee_cryp_obj_reset
 .text._utee_cryp_obj_populate
                0x0000000000012944       0x14 /home/kidds/testedoptee/optee_os/out/arm/export-ta_arm32/lib/libutee.a(utee_syscalls_a32.o)
                0x0000000000012944                _utee_cryp_obj_populate
 .text._utee_cryp_obj_copy
                0x0000000000012958       0x14 /home/kidds/testedoptee/optee_os/out/arm/export-ta_arm32/lib/libutee.a(utee_syscalls_a32.o)
                0x0000000000012958                _utee_cryp_obj_copy
 .text._utee_cryp_derive_key
                0x000000000001296c       0x14 /home/kidds/testedoptee/optee_os/out/arm/export-ta_arm32/lib/libutee.a(utee_syscalls_a32.o)
                0x000000000001296c                _utee_cryp_derive_key
 .text._utee_cryp_random_number_generate
                0x0000000000012980       0x14 /home/kidds/testedoptee/optee_os/out/arm/export-ta_arm32/lib/libutee.a(utee_syscalls_a32.o)
                0x0000000000012980                _utee_cryp_random_number_generate
 .text._utee_authenc_init
                0x0000000000012994       0x18 /home/kidds/testedoptee/optee_os/out/arm/export-ta_arm32/lib/libutee.a(utee_syscalls_a32.o)
                0x0000000000012994                _utee_authenc_init
 .text._utee_authenc_update_aad
                0x00000000000129ac       0x14 /home/kidds/testedoptee/optee_os/out/arm/export-ta_arm32/lib/libutee.a(utee_syscalls_a32.o)
                0x00000000000129ac                _utee_authenc_update_aad
 .text._utee_authenc_update_payload
                0x00000000000129c0       0x18 /home/kidds/testedoptee/optee_os/out/arm/export-ta_arm32/lib/libutee.a(utee_syscalls_a32.o)
                0x00000000000129c0                _utee_authenc_update_payload
 .text._utee_authenc_enc_final
                0x00000000000129d8       0x18 /home/kidds/testedoptee/optee_os/out/arm/export-ta_arm32/lib/libutee.a(utee_syscalls_a32.o)
                0x00000000000129d8                _utee_authenc_enc_final
 .text._utee_authenc_dec_final
                0x00000000000129f0       0x18 /home/kidds/testedoptee/optee_os/out/arm/export-ta_arm32/lib/libutee.a(utee_syscalls_a32.o)
                0x00000000000129f0                _utee_authenc_dec_final
 .text._utee_asymm_operate
                0x0000000000012a08       0x18 /home/kidds/testedoptee/optee_os/out/arm/export-ta_arm32/lib/libutee.a(utee_syscalls_a32.o)
                0x0000000000012a08                _utee_asymm_operate
 .text._utee_asymm_verify
                0x0000000000012a20       0x18 /home/kidds/testedoptee/optee_os/out/arm/export-ta_arm32/lib/libutee.a(utee_syscalls_a32.o)
                0x0000000000012a20                _utee_asymm_verify
 .text._utee_storage_obj_open
                0x0000000000012a38       0x18 /home/kidds/testedoptee/optee_os/out/arm/export-ta_arm32/lib/libutee.a(utee_syscalls_a32.o)
                0x0000000000012a38                _utee_storage_obj_open
 .text._utee_storage_obj_create
                0x0000000000012a50       0x18 /home/kidds/testedoptee/optee_os/out/arm/export-ta_arm32/lib/libutee.a(utee_syscalls_a32.o)
                0x0000000000012a50                _utee_storage_obj_create
 .text._utee_storage_obj_del
                0x0000000000012a68       0x14 /home/kidds/testedoptee/optee_os/out/arm/export-ta_arm32/lib/libutee.a(utee_syscalls_a32.o)
                0x0000000000012a68                _utee_storage_obj_del
 .text._utee_storage_obj_rename
                0x0000000000012a7c       0x14 /home/kidds/testedoptee/optee_os/out/arm/export-ta_arm32/lib/libutee.a(utee_syscalls_a32.o)
                0x0000000000012a7c                _utee_storage_obj_rename
 .text._utee_storage_alloc_enum
                0x0000000000012a90       0x14 /home/kidds/testedoptee/optee_os/out/arm/export-ta_arm32/lib/libutee.a(utee_syscalls_a32.o)
                0x0000000000012a90                _utee_storage_alloc_enum
 .text._utee_storage_free_enum
                0x0000000000012aa4       0x14 /home/kidds/testedoptee/optee_os/out/arm/export-ta_arm32/lib/libutee.a(utee_syscalls_a32.o)
                0x0000000000012aa4                _utee_storage_free_enum
 .text._utee_storage_reset_enum
                0x0000000000012ab8       0x14 /home/kidds/testedoptee/optee_os/out/arm/export-ta_arm32/lib/libutee.a(utee_syscalls_a32.o)
                0x0000000000012ab8                _utee_storage_reset_enum
 .text._utee_storage_start_enum
                0x0000000000012acc       0x14 /home/kidds/testedoptee/optee_os/out/arm/export-ta_arm32/lib/libutee.a(utee_syscalls_a32.o)
                0x0000000000012acc                _utee_storage_start_enum
 .text._utee_storage_next_enum
                0x0000000000012ae0       0x14 /home/kidds/testedoptee/optee_os/out/arm/export-ta_arm32/lib/libutee.a(utee_syscalls_a32.o)
                0x0000000000012ae0                _utee_storage_next_enum
 .text._utee_storage_obj_read
                0x0000000000012af4       0x14 /home/kidds/testedoptee/optee_os/out/arm/export-ta_arm32/lib/libutee.a(utee_syscalls_a32.o)
                0x0000000000012af4                _utee_storage_obj_read
 .text._utee_storage_obj_write
                0x0000000000012b08       0x14 /home/kidds/testedoptee/optee_os/out/arm/export-ta_arm32/lib/libutee.a(utee_syscalls_a32.o)
                0x0000000000012b08                _utee_storage_obj_write
 .text._utee_storage_obj_trunc
                0x0000000000012b1c       0x14 /home/kidds/testedoptee/optee_os/out/arm/export-ta_arm32/lib/libutee.a(utee_syscalls_a32.o)
                0x0000000000012b1c                _utee_storage_obj_trunc
 .text._utee_storage_obj_seek
                0x0000000000012b30       0x14 /home/kidds/testedoptee/optee_os/out/arm/export-ta_arm32/lib/libutee.a(utee_syscalls_a32.o)
                0x0000000000012b30                _utee_storage_obj_seek
 .text._utee_cryp_obj_generate_key
                0x0000000000012b44       0x14 /home/kidds/testedoptee/optee_os/out/arm/export-ta_arm32/lib/libutee.a(utee_syscalls_a32.o)
                0x0000000000012b44                _utee_cryp_obj_generate_key
 .text._utee_cache_operation
                0x0000000000012b58       0x14 /home/kidds/testedoptee/optee_os/out/arm/export-ta_arm32/lib/libutee.a(utee_syscalls_a32.o)
                0x0000000000012b58                _utee_cache_operation
 .text          0x0000000000012b6c      0x4ac /home/kidds/testedoptee/optee_os/out/arm/export-ta_arm32/lib/libutee.a(user_ta_entry.o)
                0x0000000000012d3c                __utee_call_elf_init_fn
                0x0000000000012df4                __utee_call_elf_fini_fn
                0x0000000000012e70                __utee_entry
 .text.unlikely
                0x0000000000013018       0x18 /home/kidds/testedoptee/optee_os/out/arm/export-ta_arm32/lib/libutee.a(abort.o)
                0x0000000000013018                abort
 .text          0x0000000000013030     0x11d4 /home/kidds/testedoptee/optee_os/out/arm/export-ta_arm32/lib/libutee.a(tee_api_arith_mpi.o)
                0x0000000000013628                _TEE_MathAPI_Init
                0x000000000001366c                TEE_BigIntInit
                0x00000000000136a4                TEE_BigIntConvertFromOctetString
                0x00000000000136fc                TEE_BigIntConvertToOctetString
                0x0000000000013754                TEE_BigIntConvertFromS32
                0x00000000000137a4                TEE_BigIntConvertToS32
                0x0000000000013800                TEE_BigIntCmp
                0x0000000000013836                TEE_BigIntCmpS32
                0x0000000000013968                TEE_BigIntShiftRight
                0x0000000000013a78                TEE_BigIntGetBit
                0x0000000000013aa2                TEE_BigIntGetBitCount
                0x0000000000013ac4                TEE_BigIntAdd
                0x0000000000013ae4                TEE_BigIntSub
                0x0000000000013b04                TEE_BigIntNeg
                0x0000000000013b78                TEE_BigIntMul
                0x0000000000013c20                TEE_BigIntSquare
                0x0000000000013c26                TEE_BigIntDiv
                0x0000000000013d14                TEE_BigIntMod
                0x0000000000013d64                TEE_BigIntAddMod
                0x0000000000013d80                TEE_BigIntSubMod
                0x0000000000013d9c                TEE_BigIntMulMod
                0x0000000000013db8                TEE_BigIntSquareMod
                0x0000000000013dc0                TEE_BigIntInvMod
                0x0000000000013e80                TEE_BigIntRelativePrime
                0x0000000000013efc                TEE_BigIntComputeExtendedGcd
                0x0000000000014098                TEE_BigIntIsProbablePrime
                0x00000000000140c8                TEE_BigIntInitFMM
                0x00000000000140cc                TEE_BigIntInitFMMContext
                0x00000000000140ce                TEE_BigIntFMMSizeInU32
                0x00000000000140d6                TEE_BigIntFMMContextSizeInU32
                0x00000000000140da                TEE_BigIntConvertToFMM
                0x00000000000140de                TEE_BigIntConvertFromFMM
                0x0000000000014144                TEE_BigIntComputeFMM
 .text          0x0000000000014204      0x7f0 /home/kidds/testedoptee/optee_os/out/arm/export-ta_arm32/lib/libutee.a(tee_api_objects.o)
                0x0000000000014204                __utee_from_attr
                0x0000000000014242                TEE_GetObjectInfo
                0x000000000001426c                TEE_GetObjectInfo1
                0x000000000001428c                TEE_RestrictObjectUsage1
                0x00000000000142ac                TEE_RestrictObjectUsage
                0x00000000000142d8                TEE_GetObjectBufferAttribute
                0x0000000000014350                TEE_GetObjectValueAttribute
                0x00000000000143ec                TEE_CloseObject
                0x0000000000014400                TEE_AllocateTransientObject
                0x0000000000014440                TEE_FreeTransientObject
                0x0000000000014470                TEE_ResetTransientObject
                0x00000000000144a0                TEE_PopulateTransientObject
                0x0000000000014518                TEE_InitRefAttribute
                0x000000000001453a                TEE_InitValueAttribute
                0x000000000001455c                TEE_CopyObjectAttributes1
                0x00000000000145c4                TEE_CopyObjectAttributes
                0x00000000000145f4                TEE_GenerateKey
                0x0000000000014648                TEE_OpenPersistentObject
                0x00000000000146b8                TEE_CreatePersistentObject
                0x0000000000014740                TEE_CloseAndDeletePersistentObject1
                0x0000000000014764                TEE_CloseAndDeletePersistentObject
                0x000000000001477a                TEE_RenamePersistentObject
                0x00000000000147b4                TEE_AllocatePersistentObjectEnumerator
                0x00000000000147e8                TEE_FreePersistentObjectEnumerator
                0x00000000000147fc                TEE_ResetPersistentObjectEnumerator
                0x0000000000014810                TEE_StartPersistentObjectEnumerator
                0x000000000001483c                TEE_GetNextPersistentObject
                0x00000000000148ac                TEE_ReadObjectData
                0x0000000000014900                TEE_WriteObjectData
                0x0000000000014940                TEE_TruncateObjectData
                0x0000000000014978                TEE_SeekObjectData
 .text          0x00000000000149f4      0x240 /home/kidds/testedoptee/optee_os/out/arm/export-ta_arm32/lib/libutee.a(tcb.o)
                0x00000000000149f4                __utee_tcb_init
                0x0000000000014b74                __tls_get_addr
                0x0000000000014b8c                dl_iterate_phdr
 .text          0x0000000000014c34     0x2804 /home/kidds/testedoptee/optee_os/out/arm/export-ta_arm32/lib/libmbedtls.a(bignum.o)
                0x0000000000015038                mbedtls_mpi_init
                0x0000000000015044                mbedtls_mpi_init_mempool
                0x000000000001506c                mbedtls_mpi_free
                0x00000000000150b0                mbedtls_mpi_grow
                0x0000000000015148                mbedtls_mpi_shrink
                0x00000000000151fc                mbedtls_mpi_copy
                0x0000000000015256                mbedtls_mpi_swap
                0x0000000000015284                mbedtls_mpi_safe_cond_assign
                0x00000000000152ea                mbedtls_mpi_safe_cond_swap
                0x0000000000015374                mbedtls_mpi_lset
                0x00000000000153ac                mbedtls_mpi_get_bit
                0x00000000000153ce                mbedtls_mpi_set_bit
                0x0000000000015420                mbedtls_mpi_lsb
                0x0000000000015452                mbedtls_mpi_bitlen
                0x0000000000015488                mbedtls_mpi_size
                0x0000000000015494                mbedtls_mpi_read_binary_le
                0x00000000000154f8                mbedtls_mpi_read_binary
                0x000000000001556e                mbedtls_mpi_write_binary_le
                0x00000000000155d8                mbedtls_mpi_write_binary
                0x0000000000015642                mbedtls_mpi_shift_l
                0x00000000000156e4                mbedtls_mpi_shift_r
                0x000000000001575c                mbedtls_mpi_cmp_abs
                0x00000000000157be                mbedtls_mpi_cmp_mpi
                0x0000000000015844                mbedtls_mpi_lt_mpi_ct
                0x00000000000158ec                mbedtls_mpi_cmp_int
                0x000000000001591a                mbedtls_mpi_add_abs
                0x00000000000159ca                mbedtls_mpi_sub_abs
                0x0000000000015a46                mbedtls_mpi_add_mpi
                0x0000000000015a8e                mbedtls_mpi_sub_mpi
                0x0000000000015ad8                mbedtls_mpi_add_int
                0x0000000000015b06                mbedtls_mpi_sub_int
                0x0000000000015b34                mbedtls_mpi_mul_mpi
                0x0000000000015c02                mbedtls_mpi_mul_int
                0x0000000000015c1e                mbedtls_mpi_read_string
                0x0000000000015d46                mbedtls_mpi_div_mpi
                0x00000000000160c2                mbedtls_mpi_div_int
                0x00000000000160ee                mbedtls_mpi_mod_mpi
                0x0000000000016152                mbedtls_mpi_mod_int
                0x00000000000161c0                mbedtls_mpi_write_string
                0x0000000000016374                mbedtls_mpi_montg_init
                0x000000000001639c                mbedtls_mpi_montmul
                0x0000000000016464                mbedtls_mpi_montred
                0x0000000000016486                mbedtls_mpi_exp_mod
                0x00000000000168c4                mbedtls_mpi_gcd
                0x00000000000169cc                mbedtls_mpi_fill_random
                0x0000000000016bc4                mbedtls_mpi_inv_mod
                0x0000000000016ebe                mbedtls_mpi_is_prime_ext
                0x0000000000016f22                mbedtls_mpi_is_prime
                0x0000000000016f2c                mbedtls_mpi_gen_prime
                0x000000000001713c                mbedtls_mpi_self_test
 .text          0x0000000000017438       0x14 /home/kidds/testedoptee/optee_os/out/arm/export-ta_arm32/lib/libmbedtls.a(platform_util.o)
                0x0000000000017438                mbedtls_platform_zeroize
 .text          0x000000000001744c      0x754 /home/kidds/testedoptee/optee_os/out/arm/export-ta_arm32/lib/libutils.a(snprintk.o)
                0x000000000001744c                __vsnprintf
                0x000000000001747c                vsnprintk
                0x000000000001748a                snprintk
                0x0000000000017b88                __vsprintf
 .text          0x0000000000017ba0      0x188 /home/kidds/testedoptee/optee_os/out/arm/export-ta_arm32/lib/libutils.a(trace.o)
                0x0000000000017ba0                trace_set_level
                0x0000000000017bbc                trace_get_level
                0x0000000000017bd0                trace_vprintf
                0x0000000000017d0c                trace_printf
                0x0000000000017d24                dhex_dump
 .text          0x0000000000017d28      0x104 /home/kidds/testedoptee/optee_os/out/arm/export-ta_arm32/lib/libutils.a(mempool.o)
                0x0000000000017d28                mempool_alloc_pool
                0x0000000000017d6c                mempool_alloc
                0x0000000000017dd8                mempool_calloc
                0x0000000000017dfc                mempool_free
 .text          0x0000000000017e2c        0xe ./user_ta_header.o
                0x0000000000017e2c                __ta_entry_c
                0x0000000000017e36                tahead_get_trace_level
 .text          0x0000000000017e3a       0x42 ../talib2//libtalib2.a(verify.o)
                0x0000000000017e3a                pqcrystals_kyber512_ref_verify
                0x0000000000017e5a                pqcrystals_kyber512_ref_cmov
 .text          0x0000000000017e7c       0x54 ../talib2//libtalib2.a(symmetric-shake.o)
                0x0000000000017e7c                pqcrystals_kyber512_ref_kyber_shake128_absorb
                0x0000000000017ea6                pqcrystals_kyber512_ref_kyber_shake256_prf
 .text          0x0000000000017ed0      0x1fa ../talib2//libtalib2.a(polyvec.o)
                0x0000000000017ed0                pqcrystals_kyber512_ref_polyvec_compress
                0x0000000000017f72                pqcrystals_kyber512_ref_polyvec_decompress
                0x0000000000018004                pqcrystals_kyber512_ref_polyvec_tobytes
                0x000000000001801e                pqcrystals_kyber512_ref_polyvec_frombytes
                0x0000000000018038                pqcrystals_kyber512_ref_polyvec_ntt
                0x000000000001804c                pqcrystals_kyber512_ref_polyvec_invntt_tomont
                0x0000000000018060                pqcrystals_kyber512_ref_polyvec_basemul_acc_montgomery
                0x0000000000018096                pqcrystals_kyber512_ref_polyvec_reduce
                0x00000000000180aa                pqcrystals_kyber512_ref_polyvec_add
 .text          0x00000000000180ca       0x3c ../talib2//libtalib2.a(reduce.o)
                0x00000000000180ca                pqcrystals_kyber512_ref_montgomery_reduce
                0x00000000000180e6                pqcrystals_kyber512_ref_barrett_reduce
 .text          0x0000000000018106      0x3a2 ../talib3//libtalib3.a(polyvec.o)
                0x0000000000018106                pqcrystals_dilithium2_ref_polyvec_matrix_expand
                0x0000000000018136                pqcrystals_dilithium2_ref_polyvecl_uniform_eta
                0x0000000000018156                pqcrystals_dilithium2_ref_polyvecl_uniform_gamma1
                0x0000000000018178                pqcrystals_dilithium2_ref_polyvecl_reduce
                0x000000000001819c                pqcrystals_dilithium2_ref_polyvecl_add
                0x00000000000181bc                pqcrystals_dilithium2_ref_polyvecl_ntt
                0x00000000000181e0                pqcrystals_dilithium2_ref_polyvecl_invntt_tomont
                0x0000000000018204                pqcrystals_dilithium2_ref_polyvecl_pointwise_poly_montgomery
                0x0000000000018224                pqcrystals_dilithium2_ref_polyvecl_pointwise_acc_montgomery
                0x0000000000018262                pqcrystals_dilithium2_ref_polyvec_matrix_pointwise_montgomery
                0x0000000000018286                pqcrystals_dilithium2_ref_polyvecl_chknorm
                0x00000000000182a8                pqcrystals_dilithium2_ref_polyveck_uniform_eta
                0x00000000000182c8                pqcrystals_dilithium2_ref_polyveck_reduce
                0x00000000000182ec                pqcrystals_dilithium2_ref_polyveck_caddq
                0x0000000000018310                pqcrystals_dilithium2_ref_polyveck_add
                0x0000000000018330                pqcrystals_dilithium2_ref_polyveck_sub
                0x0000000000018350                pqcrystals_dilithium2_ref_polyveck_shiftl
                0x0000000000018374                pqcrystals_dilithium2_ref_polyveck_ntt
                0x0000000000018398                pqcrystals_dilithium2_ref_polyveck_invntt_tomont
                0x00000000000183bc                pqcrystals_dilithium2_ref_polyveck_pointwise_poly_montgomery
                0x00000000000183dc                pqcrystals_dilithium2_ref_polyveck_chknorm
                0x00000000000183fe                pqcrystals_dilithium2_ref_polyveck_power2round
                0x000000000001841e                pqcrystals_dilithium2_ref_polyveck_decompose
                0x000000000001843e                pqcrystals_dilithium2_ref_polyveck_make_hint
                0x000000000001846a                pqcrystals_dilithium2_ref_polyveck_use_hint
                0x000000000001848a                pqcrystals_dilithium2_ref_polyveck_pack_w1
 .text          0x00000000000184a8      0x2be ../talib3//libtalib3.a(packing.o)
                0x00000000000184a8                pqcrystals_dilithium2_ref_pack_pk
                0x00000000000184de                pqcrystals_dilithium2_ref_unpack_pk
                0x0000000000018514                pqcrystals_dilithium2_ref_pack_sk
                0x00000000000185a2                pqcrystals_dilithium2_ref_unpack_sk
                0x0000000000018632                pqcrystals_dilithium2_ref_pack_sig
                0x00000000000186ac                pqcrystals_dilithium2_ref_unpack_sig
 .text          0x0000000000018766       0x58 ../talib3//libtalib3.a(symmetric-shake.o)
                0x0000000000018766                pqcrystals_dilithium2_ref_dilithium_shake128_stream_init
                0x0000000000018792                pqcrystals_dilithium2_ref_dilithium_shake256_stream_init
 .text          0x00000000000187be       0x34 /home/kidds/testedoptee/optee_os/out/arm/export-ta_arm32/lib/libutils.a(memmove.o)
                0x00000000000187be                memmove
 .text          0x00000000000187f2       0x10 /home/kidds/testedoptee/optee_os/out/arm/export-ta_arm32/lib/libutils.a(memset.o)
                0x00000000000187f2                memset
 .text          0x0000000000018802       0x10 /home/kidds/testedoptee/optee_os/out/arm/export-ta_arm32/lib/libutils.a(strcpy.o)
                0x0000000000018802                strcpy
 .text          0x0000000000018812       0x10 /home/kidds/testedoptee/optee_os/out/arm/export-ta_arm32/lib/libutils.a(strlen.o)
                0x0000000000018812                strlen
 .text          0x0000000000018822      0x134 /home/kidds/testedoptee/optee_os/out/arm/export-ta_arm32/lib/libutils.a(arm32_aeabi_ldivmod.o)
                0x00000000000188ac                __ul_divmod
                0x00000000000188e6                __l_divmod
 .text          0x0000000000018956        0x8 /home/kidds/testedoptee/optee_os/out/arm/export-ta_arm32/lib/libutils.a(memzero_explicit.o)
                0x0000000000018956                memzero_explicit
 .text          0x000000000001895e        0x6 /home/kidds/testedoptee/optee_os/out/arm/export-ta_arm32/lib/libutils.a(aeabi_unwind.o)
                0x000000000001895e                __aeabi_unwind_cpp_pr0
                0x0000000000018960                __aeabi_unwind_cpp_pr1
                0x0000000000018962                __aeabi_unwind_cpp_pr2
 .text          0x0000000000018964       0x2c /home/kidds/testedoptee/optee_os/out/arm/export-ta_arm32/lib/libutils.a(snprintf.o)
                0x0000000000018964                snprintf
                0x0000000000018982                vsnprintf
 .text          0x0000000000018990       0x48 /home/kidds/testedoptee/optee_os/out/arm/export-ta_arm32/lib/libutils.a(consttime_memcmp.o)
                0x0000000000018990                consttime_memcmp
 .text          0x00000000000189d8       0x1c /home/kidds/testedoptee/optee_os/out/arm/export-ta_arm32/lib/libutils.a(memchr.o)
                0x00000000000189d8                memchr
 .text          0x00000000000189f4        0x0 ./ta_entry_a32.o
 .text          0x00000000000189f4        0x0 /home/kidds/testedoptee/optee_os/out/arm/export-ta_arm32/lib/libutils.a(arm32_aeabi_ldivmod_a32.o)
 .text          0x00000000000189f4        0x0 /home/kidds/testedoptee/optee_os/out/arm/export-ta_arm32/lib/libutee.a(abort.o)
 *fill*         0x00000000000189f4        0x4 
 .text.__stub   0x00000000000189f8       0x40 linker stubs
 *(SORT_BY_ALIGNMENT(.stub))
 *(SORT_BY_ALIGNMENT(.glue_7))
 .glue_7        0x0000000000018a38        0x0 linker stubs
 *(SORT_BY_ALIGNMENT(.glue_7t))
 .glue_7t       0x0000000000018a38        0x0 linker stubs
 *(SORT_BY_ALIGNMENT(.gnu.linkonce.t.*))
 *(SORT_BY_ALIGNMENT(.vfp11_veneer))
 .vfp11_veneer  0x0000000000018a38        0x0 linker stubs
                0x0000000000018a38                __text_end = .

.v4_bx          0x0000000000018a38        0x0
 .v4_bx         0x0000000000018a38        0x0 linker stubs

.iplt           0x0000000000018a38        0x0
 .iplt          0x0000000000018a38        0x0 ./ta_main.o

.plt            0x0000000000018a38        0x0
 *(SORT_BY_ALIGNMENT(.plt))
 .plt           0x0000000000018a38        0x0 ./ta_main.o

.eh_frame_hdr
 *(SORT_BY_ALIGNMENT(.eh_frame_hdr))
 *(SORT_BY_ALIGNMENT(.eh_frame_entry) SORT_BY_ALIGNMENT(.eh_frame_entry.*))

.eh_frame
 *(SORT_BY_ALIGNMENT(.eh_frame))
 *(SORT_BY_ALIGNMENT(.eh_frame.*))

.gcc_except_table
 *(SORT_BY_ALIGNMENT(.gcc_except_table) SORT_BY_ALIGNMENT(.gcc_except_table.*))

.rodata         0x0000000000018a38     0x1fc9
 *(SORT_BY_ALIGNMENT(.gnu.linkonce.r.*))
 *(SORT_BY_ALIGNMENT(.rodata) SORT_BY_ALIGNMENT(.rodata.*))
 .rodata.fips202.c
                0x0000000000018a38       0xc0 ../talib2//libtalib2.a(fips202.o)
 .rodata.fips202.c
                0x0000000000018af8       0xc0 ../talib3//libtalib3.a(fips202.o)
                0x0000000000018af8                pqcrystals_dilithium_fips202_ref_KeccakF_RoundConstants
 .rodata.ta_main.c
                0x0000000000018bb8       0x10 ./ta_main.o
 .rodata.user_ta_header.c
                0x0000000000018bc8       0x1b ./user_ta_header.o
                0x0000000000018bc8                ta_num_props
                0x0000000000018bdc                ta_heap_size
                0x0000000000018be0                trace_ext_prefix
 *fill*         0x0000000000018be3        0x1 
 .rodata.sm4.c  0x0000000000018be4      0x1aa ../talib1//libtalib1.a(sm4.o)
 *fill*         0x0000000000018d8e        0x2 
 .rodata.mtwister.c
                0x0000000000018d90        0x8 ../talib2//libtalib2.a(mtwister.o)
 .rodata.ntt.c  0x0000000000018d98      0x400 ../talib3//libtalib3.a(ntt.o)
 .rodata.lib/libutee/tee_system_pta.c
                0x0000000000019198       0x31 /home/kidds/testedoptee/optee_os/out/arm/export-ta_arm32/lib/libutee.a(tee_system_pta.o)
 *fill*         0x00000000000191c9        0x3 
 .rodata.lib/libmbedtls/mbedtls/library/bignum.c
                0x00000000000191cc      0x2c4 /home/kidds/testedoptee/optee_os/out/arm/export-ta_arm32/lib/libmbedtls.a(bignum.o)
 .rodata.ntt.c  0x0000000000019490      0x100 ../talib2//libtalib2.a(ntt.o)
                0x0000000000019490                pqcrystals_kyber512_ref_zetas
 .rodata.str1.1.ta_main.c
                0x0000000000019590      0x151 ./ta_main.o
 .rodata.str1.1.user_ta_header.c
                0x00000000000196e1      0x108 ./user_ta_header.o
 .rodata.str1.1.params.c
                0x00000000000197e9      0x22b ../talib1//libtalib1.a(params.o)
                                        0x22f (size before relaxing)
 .rodata.str1.1.sm4.c
                0x0000000000019a14       0x15 ../talib1//libtalib1.a(sm4.o)
 .rodata.str1.1.sm9.c
                0x0000000000019a29      0x202 ../talib1//libtalib1.a(sm9.o)
 .rodata.str1.1.sm2.c
                0x0000000000019c2b       0x7d ../talib1//libtalib1.a(sm2.o)
                                         0x7f (size before relaxing)
 .rodata.str1.1.pkey.c
                0x0000000000019ca8        0xd ../talib1//libtalib1.a(pkey.o)
 .rodata.str1.1.bn.c
                0x0000000000019cb5       0x11 ../talib1//libtalib1.a(bn.o)
                                         0x13 (size before relaxing)
 .rodata.str1.1.bn_field2.c
                0x0000000000019cc6        0xb ../talib1//libtalib1.a(bn_field2.o)
                                         0x5b (size before relaxing)
 .rodata.str1.1.bn_field12.c
                0x0000000000019cd1       0x5e ../talib1//libtalib1.a(bn_field12.o)
                                        0x137 (size before relaxing)
 .rodata.str1.1.bn_point.c
                0x0000000000019d2f        0x2 ../talib1//libtalib1.a(bn_point.o)
 .rodata.str1.1.bn_point2.c
                0x0000000000019d2f       0x5e ../talib1//libtalib1.a(bn_point2.o)
                                          0x4 (size before relaxing)
 .rodata.sm3.c  0x0000000000019d2f       0x40 ../talib1//libtalib1.a(sm3.o)
 .rodata.str1.1.utility.c
                0x0000000000019d6f       0x2b ../talib1//libtalib1.a(utility.o)
                                         0x3c (size before relaxing)
 .rodata.str1.1.bn_field4.c
                0x0000000000019d9a       0x5c ../talib1//libtalib1.a(bn_field4.o)
                                         0xaa (size before relaxing)
 .rodata.str1.1.libmath.c
                0x0000000000019df6       0x12 ../talib1//libtalib1.a(libmath.o)
 .rodata.libmath.c
                0x0000000000019e08        0xb ../talib1//libtalib1.a(libmath.o)
 .rodata.str1.1.keyfind.c
                0x0000000000019e13        0xc ../talib3//libtalib3.a(keyfind.o)
 .rodata.str1.1.lib/libutils/isoc/bget_malloc.c
                0x0000000000019e1f      0x2b9 /home/kidds/testedoptee/optee_os/out/arm/export-ta_arm32/lib/libutils.a(bget_malloc.o)
                                        0x2c2 (size before relaxing)
 .rodata.lib/libutils/isoc/bget_malloc.c
                0x000000000001a0d8       0x58 /home/kidds/testedoptee/optee_os/out/arm/export-ta_arm32/lib/libutils.a(bget_malloc.o)
 .rodata.str1.1.lib/libutee/assert.c
                0x000000000001a130       0x27 /home/kidds/testedoptee/optee_os/out/arm/export-ta_arm32/lib/libutee.a(assert.o)
 .rodata.str1.1.lib/libutee/trace_ext.c
                0x000000000001a157       0x27 /home/kidds/testedoptee/optee_os/out/arm/export-ta_arm32/lib/libutee.a(trace_ext.o)
                                          0x2 (size before relaxing)
 .rodata.str1.1.lib/libutee/tee_api.c
                0x000000000001a157       0x11 /home/kidds/testedoptee/optee_os/out/arm/export-ta_arm32/lib/libutee.a(tee_api.o)
 .rodata.lib/libutee/tee_api.c
                0x000000000001a168        0xb /home/kidds/testedoptee/optee_os/out/arm/export-ta_arm32/lib/libutee.a(tee_api.o)
 .rodata.str1.1.lib/libutee/tee_system_pta.c
                0x000000000001a173       0x55 /home/kidds/testedoptee/optee_os/out/arm/export-ta_arm32/lib/libutee.a(tee_system_pta.o)
 .rodata.str1.1.lib/libutee/arch/arm/user_ta_entry.c
                0x000000000001a1c8       0x19 /home/kidds/testedoptee/optee_os/out/arm/export-ta_arm32/lib/libutee.a(user_ta_entry.o)
 .rodata.lib/libutee/arch/arm/user_ta_entry.c
                0x000000000001a1e1       0x16 /home/kidds/testedoptee/optee_os/out/arm/export-ta_arm32/lib/libutee.a(user_ta_entry.o)
 .rodata.str1.1.lib/libutee/abort.c
                0x000000000001a1f7        0x7 /home/kidds/testedoptee/optee_os/out/arm/export-ta_arm32/lib/libutee.a(abort.o)
 .rodata.str1.1.lib/libutee/tee_api_arith_mpi.c
                0x000000000001a1fe       0xb7 /home/kidds/testedoptee/optee_os/out/arm/export-ta_arm32/lib/libutee.a(tee_api_arith_mpi.o)
 .rodata.lib/libutee/tee_api_arith_mpi.c
                0x000000000001a2b5      0x13d /home/kidds/testedoptee/optee_os/out/arm/export-ta_arm32/lib/libutee.a(tee_api_arith_mpi.o)
 .rodata.str1.1.lib/libutee/arch/arm/tcb.c
                0x000000000001a3f2       0x96 /home/kidds/testedoptee/optee_os/out/arm/export-ta_arm32/lib/libutee.a(tcb.o)
 .rodata.lib/libutee/arch/arm/tcb.c
                0x000000000001a488       0x20 /home/kidds/testedoptee/optee_os/out/arm/export-ta_arm32/lib/libutee.a(tcb.o)
 .rodata.str1.1.lib/libmbedtls/mbedtls/library/bignum.c
                0x000000000001a4a8      0x445 /home/kidds/testedoptee/optee_os/out/arm/export-ta_arm32/lib/libmbedtls.a(bignum.o)
                                        0x45d (size before relaxing)
 .rodata.str1.1.lib/libutils/ext/snprintk.c
                0x000000000001a8ed       0x38 /home/kidds/testedoptee/optee_os/out/arm/export-ta_arm32/lib/libutils.a(snprintk.o)
 .rodata.lib/libutils/ext/snprintk.c
                0x000000000001a925       0x22 /home/kidds/testedoptee/optee_os/out/arm/export-ta_arm32/lib/libutils.a(snprintk.o)
 .rodata.str1.1.lib/libutils/ext/trace.c
                0x000000000001a947       0x1a /home/kidds/testedoptee/optee_os/out/arm/export-ta_arm32/lib/libutils.a(trace.o)
                                         0x1b (size before relaxing)
 .rodata.lib/libutils/ext/trace.c
                0x000000000001a961        0x5 /home/kidds/testedoptee/optee_os/out/arm/export-ta_arm32/lib/libutils.a(trace.o)
 .rodata.str1.1.lib/libutils/ext/mempool.c
                0x000000000001a966       0x7a /home/kidds/testedoptee/optee_os/out/arm/export-ta_arm32/lib/libutils.a(mempool.o)
 .rodata.lib/libutils/ext/mempool.c
                0x000000000001a9e0       0x21 /home/kidds/testedoptee/optee_os/out/arm/export-ta_arm32/lib/libutils.a(mempool.o)

.gnu.version_d  0x000000000001aa04        0x0
 .gnu.version_d
                0x000000000001aa04        0x0 ./ta_main.o

.gnu.version    0x000000000001aa02        0x0
 .gnu.version   0x000000000001aa02        0x0 ./ta_main.o

.gnu.version_r  0x000000000001aa04        0x0
 .gnu.version_r
                0x000000000001aa04        0x0 ./ta_main.o

.gnu.hash       0x000000000001aa04       0x2c
 .gnu.hash      0x000000000001aa04       0x2c ./ta_main.o

.ARM.extab      0x000000000001aa30      0x774
 *(SORT_BY_ALIGNMENT(.ARM.extab*) SORT_BY_ALIGNMENT(.gnu.linkonce.armextab.*))
 .ARM.extab     0x000000000001aa30       0x84 ./ta_main.o
 .ARM.extab     0x000000000001aab4        0xc ./user_ta_header.o
 .ARM.extab     0x000000000001aac0       0x84 ../talib1//libtalib1.a(sm9.o)
 .ARM.extab     0x000000000001ab44       0x30 ../talib1//libtalib1.a(sm2.o)
 .ARM.extab     0x000000000001ab74       0xa8 ../talib1//libtalib1.a(bn.o)
 .ARM.extab     0x000000000001ac1c       0x6c ../talib1//libtalib1.a(bn_field2.o)
 .ARM.extab     0x000000000001ac88      0x108 ../talib1//libtalib1.a(bn_field12.o)
 .ARM.extab     0x000000000001ad90       0x6c ../talib1//libtalib1.a(bn_point.o)
 .ARM.extab     0x000000000001adfc       0x90 ../talib1//libtalib1.a(bn_point2.o)
 .ARM.extab     0x000000000001ae8c       0x30 ../talib1//libtalib1.a(bn_pairing.o)
 .ARM.extab     0x000000000001aebc       0x18 ../talib1//libtalib1.a(utility.o)
 .ARM.extab     0x000000000001aed4       0xfc ../talib1//libtalib1.a(bn_field4.o)
 .ARM.extab     0x000000000001afd0       0x18 ../talib1//libtalib1.a(libmath.o)
 .ARM.extab     0x000000000001afe8       0x24 ../talib2//libtalib2.a(mtwister.o)
 .ARM.extab     0x000000000001b00c       0x24 ../talib2//libtalib2.a(indcpa.o)
 .ARM.extab     0x000000000001b030       0x24 ../talib3//libtalib3.a(sign.o)
 .ARM.extab     0x000000000001b054        0xc ../talib3//libtalib3.a(poly.o)
 .ARM.extab     0x000000000001b060        0xc ../talib3//libtalib3.a(reduce.o)
 .ARM.extab.text.__aeabi_ldivmod
                0x000000000001b06c        0xc /home/kidds/testedoptee/optee_os/out/arm/export-ta_arm32/lib/libutils.a(arm32_aeabi_ldivmod_a32.o)
 .ARM.extab.text.__aeabi_uldivmod
                0x000000000001b078        0xc /home/kidds/testedoptee/optee_os/out/arm/export-ta_arm32/lib/libutils.a(arm32_aeabi_ldivmod_a32.o)
 .ARM.extab     0x000000000001b084        0xc /home/kidds/testedoptee/optee_os/out/arm/export-ta_arm32/lib/libutee.a(assert.o)
 .ARM.extab     0x000000000001b090        0xc /home/kidds/testedoptee/optee_os/out/arm/export-ta_arm32/lib/libutee.a(trace_ext.o)
 .ARM.extab     0x000000000001b09c       0x30 /home/kidds/testedoptee/optee_os/out/arm/export-ta_arm32/lib/libutee.a(tee_api.o)
 .ARM.extab     0x000000000001b0cc        0xc /home/kidds/testedoptee/optee_os/out/arm/export-ta_arm32/lib/libutee.a(tee_api_operations.o)
 .ARM.extab     0x000000000001b0d8       0x24 /home/kidds/testedoptee/optee_os/out/arm/export-ta_arm32/lib/libutee.a(tee_api_panic.o)
 .ARM.extab.text._utee_panic
                0x000000000001b0fc        0xc /home/kidds/testedoptee/optee_os/out/arm/export-ta_arm32/lib/libutee.a(utee_syscalls_a32.o)
 .ARM.extab.text.unlikely
                0x000000000001b108        0xc /home/kidds/testedoptee/optee_os/out/arm/export-ta_arm32/lib/libutee.a(abort.o)
 .ARM.extab     0x000000000001b114       0x30 /home/kidds/testedoptee/optee_os/out/arm/export-ta_arm32/lib/libutee.a(tee_api_arith_mpi.o)
 .ARM.extab     0x000000000001b144       0x3c /home/kidds/testedoptee/optee_os/out/arm/export-ta_arm32/lib/libutee.a(tee_api_objects.o)
 .ARM.extab     0x000000000001b180        0xc /home/kidds/testedoptee/optee_os/out/arm/export-ta_arm32/lib/libmbedtls.a(bignum.o)
 .ARM.extab     0x000000000001b18c        0xc /home/kidds/testedoptee/optee_os/out/arm/export-ta_arm32/lib/libutils.a(snprintf.o)
 .ARM.extab     0x000000000001b198        0xc /home/kidds/testedoptee/optee_os/out/arm/export-ta_arm32/lib/libutils.a(snprintk.o)
 .ARM.extab.text.__ta_entry
                0x000000000001b1a4        0x0 ./ta_entry_a32.o
 .ARM.extab     0x000000000001b1a4        0x0 ../talib1//libtalib1.a(params.o)
 .ARM.extab     0x000000000001b1a4        0x0 ../talib1//libtalib1.a(sm4.o)
 .ARM.extab     0x000000000001b1a4        0x0 ../talib1//libtalib1.a(pkey.o)
 .ARM.extab     0x000000000001b1a4        0x0 ../talib1//libtalib1.a(sm3.o)
 .ARM.extab     0x000000000001b1a4        0x0 ../talib2//libtalib2.a(kem.o)
 .ARM.extab     0x000000000001b1a4        0x0 ../talib2//libtalib2.a(verify.o)
 .ARM.extab     0x000000000001b1a4        0x0 ../talib2//libtalib2.a(fips202.o)
 .ARM.extab     0x000000000001b1a4        0x0 ../talib2//libtalib2.a(symmetric-shake.o)
 .ARM.extab     0x000000000001b1a4        0x0 ../talib2//libtalib2.a(poly.o)
 .ARM.extab     0x000000000001b1a4        0x0 ../talib2//libtalib2.a(polyvec.o)
 .ARM.extab     0x000000000001b1a4        0x0 ../talib2//libtalib2.a(cbd.o)
 .ARM.extab     0x000000000001b1a4        0x0 ../talib2//libtalib2.a(ntt.o)
 .ARM.extab     0x000000000001b1a4        0x0 ../talib2//libtalib2.a(reduce.o)
 .ARM.extab     0x000000000001b1a4        0x0 ../talib3//libtalib3.a(keyfind.o)
 .ARM.extab     0x000000000001b1a4        0x0 ../talib3//libtalib3.a(polyvec.o)
 .ARM.extab     0x000000000001b1a4        0x0 ../talib3//libtalib3.a(rounding.o)
 .ARM.extab     0x000000000001b1a4        0x0 ../talib3//libtalib3.a(packing.o)
 .ARM.extab     0x000000000001b1a4        0x0 ../talib3//libtalib3.a(fips202.o)
 .ARM.extab     0x000000000001b1a4        0x0 ../talib3//libtalib3.a(ntt.o)
 .ARM.extab     0x000000000001b1a4        0x0 ../talib3//libtalib3.a(symmetric-shake.o)
 .ARM.extab     0x000000000001b1a4        0x0 /home/kidds/testedoptee/optee_os/out/arm/export-ta_arm32/lib/libutils.a(bget_malloc.o)
 .ARM.extab     0x000000000001b1a4        0x0 /home/kidds/testedoptee/optee_os/out/arm/export-ta_arm32/lib/libutils.a(memcpy.o)
 .ARM.extab     0x000000000001b1a4        0x0 /home/kidds/testedoptee/optee_os/out/arm/export-ta_arm32/lib/libutils.a(memmove.o)
 .ARM.extab     0x000000000001b1a4        0x0 /home/kidds/testedoptee/optee_os/out/arm/export-ta_arm32/lib/libutils.a(memset.o)
 .ARM.extab     0x000000000001b1a4        0x0 /home/kidds/testedoptee/optee_os/out/arm/export-ta_arm32/lib/libutils.a(strcpy.o)
 .ARM.extab     0x000000000001b1a4        0x0 /home/kidds/testedoptee/optee_os/out/arm/export-ta_arm32/lib/libutils.a(strlen.o)
 .ARM.extab     0x000000000001b1a4        0x0 /home/kidds/testedoptee/optee_os/out/arm/export-ta_arm32/lib/libutils.a(arm32_aeabi_ldivmod.o)
 .ARM.extab     0x000000000001b1a4        0x0 /home/kidds/testedoptee/optee_os/out/arm/export-ta_arm32/lib/libutils.a(memzero_explicit.o)
 .ARM.extab     0x000000000001b1a4        0x0 /home/kidds/testedoptee/optee_os/out/arm/export-ta_arm32/lib/libutils.a(aeabi_unwind.o)
 .ARM.extab     0x000000000001b1a4        0x0 /home/kidds/testedoptee/optee_os/out/arm/export-ta_arm32/lib/libutee.a(tee_system_pta.o)
 .ARM.extab.text._utee_return
                0x000000000001b1a4        0x0 /home/kidds/testedoptee/optee_os/out/arm/export-ta_arm32/lib/libutee.a(utee_syscalls_a32.o)
 .ARM.extab.text._utee_log
                0x000000000001b1a4        0x0 /home/kidds/testedoptee/optee_os/out/arm/export-ta_arm32/lib/libutee.a(utee_syscalls_a32.o)
 .ARM.extab.text.__utee_panic
                0x000000000001b1a4        0x0 /home/kidds/testedoptee/optee_os/out/arm/export-ta_arm32/lib/libutee.a(utee_syscalls_a32.o)
 .ARM.extab.text._utee_get_property
                0x000000000001b1a4        0x0 /home/kidds/testedoptee/optee_os/out/arm/export-ta_arm32/lib/libutee.a(utee_syscalls_a32.o)
 .ARM.extab.text._utee_get_property_name_to_index
                0x000000000001b1a4        0x0 /home/kidds/testedoptee/optee_os/out/arm/export-ta_arm32/lib/libutee.a(utee_syscalls_a32.o)
 .ARM.extab.text._utee_open_ta_session
                0x000000000001b1a4        0x0 /home/kidds/testedoptee/optee_os/out/arm/export-ta_arm32/lib/libutee.a(utee_syscalls_a32.o)
 .ARM.extab.text._utee_close_ta_session
                0x000000000001b1a4        0x0 /home/kidds/testedoptee/optee_os/out/arm/export-ta_arm32/lib/libutee.a(utee_syscalls_a32.o)
 .ARM.extab.text._utee_invoke_ta_command
                0x000000000001b1a4        0x0 /home/kidds/testedoptee/optee_os/out/arm/export-ta_arm32/lib/libutee.a(utee_syscalls_a32.o)
 .ARM.extab.text._utee_get_cancellation_flag
                0x000000000001b1a4        0x0 /home/kidds/testedoptee/optee_os/out/arm/export-ta_arm32/lib/libutee.a(utee_syscalls_a32.o)
 .ARM.extab.text._utee_check_access_rights
                0x000000000001b1a4        0x0 /home/kidds/testedoptee/optee_os/out/arm/export-ta_arm32/lib/libutee.a(utee_syscalls_a32.o)
 .ARM.extab.text._utee_unmask_cancellation
                0x000000000001b1a4        0x0 /home/kidds/testedoptee/optee_os/out/arm/export-ta_arm32/lib/libutee.a(utee_syscalls_a32.o)
 .ARM.extab.text._utee_mask_cancellation
                0x000000000001b1a4        0x0 /home/kidds/testedoptee/optee_os/out/arm/export-ta_arm32/lib/libutee.a(utee_syscalls_a32.o)
 .ARM.extab.text._utee_wait
                0x000000000001b1a4        0x0 /home/kidds/testedoptee/optee_os/out/arm/export-ta_arm32/lib/libutee.a(utee_syscalls_a32.o)
 .ARM.extab.text._utee_get_time
                0x000000000001b1a4        0x0 /home/kidds/testedoptee/optee_os/out/arm/export-ta_arm32/lib/libutee.a(utee_syscalls_a32.o)
 .ARM.extab.text._utee_set_ta_time
                0x000000000001b1a4        0x0 /home/kidds/testedoptee/optee_os/out/arm/export-ta_arm32/lib/libutee.a(utee_syscalls_a32.o)
 .ARM.extab.text._utee_cryp_state_alloc
                0x000000000001b1a4        0x0 /home/kidds/testedoptee/optee_os/out/arm/export-ta_arm32/lib/libutee.a(utee_syscalls_a32.o)
 .ARM.extab.text._utee_cryp_state_copy
                0x000000000001b1a4        0x0 /home/kidds/testedoptee/optee_os/out/arm/export-ta_arm32/lib/libutee.a(utee_syscalls_a32.o)
 .ARM.extab.text._utee_cryp_state_free
                0x000000000001b1a4        0x0 /home/kidds/testedoptee/optee_os/out/arm/export-ta_arm32/lib/libutee.a(utee_syscalls_a32.o)
 .ARM.extab.text._utee_hash_init
                0x000000000001b1a4        0x0 /home/kidds/testedoptee/optee_os/out/arm/export-ta_arm32/lib/libutee.a(utee_syscalls_a32.o)
 .ARM.extab.text._utee_hash_update
                0x000000000001b1a4        0x0 /home/kidds/testedoptee/optee_os/out/arm/export-ta_arm32/lib/libutee.a(utee_syscalls_a32.o)
 .ARM.extab.text._utee_hash_final
                0x000000000001b1a4        0x0 /home/kidds/testedoptee/optee_os/out/arm/export-ta_arm32/lib/libutee.a(utee_syscalls_a32.o)
 .ARM.extab.text._utee_cipher_init
                0x000000000001b1a4        0x0 /home/kidds/testedoptee/optee_os/out/arm/export-ta_arm32/lib/libutee.a(utee_syscalls_a32.o)
 .ARM.extab.text._utee_cipher_update
                0x000000000001b1a4        0x0 /home/kidds/testedoptee/optee_os/out/arm/export-ta_arm32/lib/libutee.a(utee_syscalls_a32.o)
 .ARM.extab.text._utee_cipher_final
                0x000000000001b1a4        0x0 /home/kidds/testedoptee/optee_os/out/arm/export-ta_arm32/lib/libutee.a(utee_syscalls_a32.o)
 .ARM.extab.text._utee_cryp_obj_get_info
                0x000000000001b1a4        0x0 /home/kidds/testedoptee/optee_os/out/arm/export-ta_arm32/lib/libutee.a(utee_syscalls_a32.o)
 .ARM.extab.text._utee_cryp_obj_restrict_usage
                0x000000000001b1a4        0x0 /home/kidds/testedoptee/optee_os/out/arm/export-ta_arm32/lib/libutee.a(utee_syscalls_a32.o)
 .ARM.extab.text._utee_cryp_obj_get_attr
                0x000000000001b1a4        0x0 /home/kidds/testedoptee/optee_os/out/arm/export-ta_arm32/lib/libutee.a(utee_syscalls_a32.o)
 .ARM.extab.text._utee_cryp_obj_alloc
                0x000000000001b1a4        0x0 /home/kidds/testedoptee/optee_os/out/arm/export-ta_arm32/lib/libutee.a(utee_syscalls_a32.o)
 .ARM.extab.text._utee_cryp_obj_close
                0x000000000001b1a4        0x0 /home/kidds/testedoptee/optee_os/out/arm/export-ta_arm32/lib/libutee.a(utee_syscalls_a32.o)
 .ARM.extab.text._utee_cryp_obj_reset
                0x000000000001b1a4        0x0 /home/kidds/testedoptee/optee_os/out/arm/export-ta_arm32/lib/libutee.a(utee_syscalls_a32.o)
 .ARM.extab.text._utee_cryp_obj_populate
                0x000000000001b1a4        0x0 /home/kidds/testedoptee/optee_os/out/arm/export-ta_arm32/lib/libutee.a(utee_syscalls_a32.o)
 .ARM.extab.text._utee_cryp_obj_copy
                0x000000000001b1a4        0x0 /home/kidds/testedoptee/optee_os/out/arm/export-ta_arm32/lib/libutee.a(utee_syscalls_a32.o)
 .ARM.extab.text._utee_cryp_derive_key
                0x000000000001b1a4        0x0 /home/kidds/testedoptee/optee_os/out/arm/export-ta_arm32/lib/libutee.a(utee_syscalls_a32.o)
 .ARM.extab.text._utee_cryp_random_number_generate
                0x000000000001b1a4        0x0 /home/kidds/testedoptee/optee_os/out/arm/export-ta_arm32/lib/libutee.a(utee_syscalls_a32.o)
 .ARM.extab.text._utee_authenc_init
                0x000000000001b1a4        0x0 /home/kidds/testedoptee/optee_os/out/arm/export-ta_arm32/lib/libutee.a(utee_syscalls_a32.o)
 .ARM.extab.text._utee_authenc_update_aad
                0x000000000001b1a4        0x0 /home/kidds/testedoptee/optee_os/out/arm/export-ta_arm32/lib/libutee.a(utee_syscalls_a32.o)
 .ARM.extab.text._utee_authenc_update_payload
                0x000000000001b1a4        0x0 /home/kidds/testedoptee/optee_os/out/arm/export-ta_arm32/lib/libutee.a(utee_syscalls_a32.o)
 .ARM.extab.text._utee_authenc_enc_final
                0x000000000001b1a4        0x0 /home/kidds/testedoptee/optee_os/out/arm/export-ta_arm32/lib/libutee.a(utee_syscalls_a32.o)
 .ARM.extab.text._utee_authenc_dec_final
                0x000000000001b1a4        0x0 /home/kidds/testedoptee/optee_os/out/arm/export-ta_arm32/lib/libutee.a(utee_syscalls_a32.o)
 .ARM.extab.text._utee_asymm_operate
                0x000000000001b1a4        0x0 /home/kidds/testedoptee/optee_os/out/arm/export-ta_arm32/lib/libutee.a(utee_syscalls_a32.o)
 .ARM.extab.text._utee_asymm_verify
                0x000000000001b1a4        0x0 /home/kidds/testedoptee/optee_os/out/arm/export-ta_arm32/lib/libutee.a(utee_syscalls_a32.o)
 .ARM.extab.text._utee_storage_obj_open
                0x000000000001b1a4        0x0 /home/kidds/testedoptee/optee_os/out/arm/export-ta_arm32/lib/libutee.a(utee_syscalls_a32.o)
 .ARM.extab.text._utee_storage_obj_create
                0x000000000001b1a4        0x0 /home/kidds/testedoptee/optee_os/out/arm/export-ta_arm32/lib/libutee.a(utee_syscalls_a32.o)
 .ARM.extab.text._utee_storage_obj_del
                0x000000000001b1a4        0x0 /home/kidds/testedoptee/optee_os/out/arm/export-ta_arm32/lib/libutee.a(utee_syscalls_a32.o)
 .ARM.extab.text._utee_storage_obj_rename
                0x000000000001b1a4        0x0 /home/kidds/testedoptee/optee_os/out/arm/export-ta_arm32/lib/libutee.a(utee_syscalls_a32.o)
 .ARM.extab.text._utee_storage_alloc_enum
                0x000000000001b1a4        0x0 /home/kidds/testedoptee/optee_os/out/arm/export-ta_arm32/lib/libutee.a(utee_syscalls_a32.o)
 .ARM.extab.text._utee_storage_free_enum
                0x000000000001b1a4        0x0 /home/kidds/testedoptee/optee_os/out/arm/export-ta_arm32/lib/libutee.a(utee_syscalls_a32.o)
 .ARM.extab.text._utee_storage_reset_enum
                0x000000000001b1a4        0x0 /home/kidds/testedoptee/optee_os/out/arm/export-ta_arm32/lib/libutee.a(utee_syscalls_a32.o)
 .ARM.extab.text._utee_storage_start_enum
                0x000000000001b1a4        0x0 /home/kidds/testedoptee/optee_os/out/arm/export-ta_arm32/lib/libutee.a(utee_syscalls_a32.o)
 .ARM.extab.text._utee_storage_next_enum
                0x000000000001b1a4        0x0 /home/kidds/testedoptee/optee_os/out/arm/export-ta_arm32/lib/libutee.a(utee_syscalls_a32.o)
 .ARM.extab.text._utee_storage_obj_read
                0x000000000001b1a4        0x0 /home/kidds/testedoptee/optee_os/out/arm/export-ta_arm32/lib/libutee.a(utee_syscalls_a32.o)
 .ARM.extab.text._utee_storage_obj_write
                0x000000000001b1a4        0x0 /home/kidds/testedoptee/optee_os/out/arm/export-ta_arm32/lib/libutee.a(utee_syscalls_a32.o)
 .ARM.extab.text._utee_storage_obj_trunc
                0x000000000001b1a4        0x0 /home/kidds/testedoptee/optee_os/out/arm/export-ta_arm32/lib/libutee.a(utee_syscalls_a32.o)
 .ARM.extab.text._utee_storage_obj_seek
                0x000000000001b1a4        0x0 /home/kidds/testedoptee/optee_os/out/arm/export-ta_arm32/lib/libutee.a(utee_syscalls_a32.o)
 .ARM.extab.text._utee_cryp_obj_generate_key
                0x000000000001b1a4        0x0 /home/kidds/testedoptee/optee_os/out/arm/export-ta_arm32/lib/libutee.a(utee_syscalls_a32.o)
 .ARM.extab.text._utee_cache_operation
                0x000000000001b1a4        0x0 /home/kidds/testedoptee/optee_os/out/arm/export-ta_arm32/lib/libutee.a(utee_syscalls_a32.o)
 .ARM.extab     0x000000000001b1a4        0x0 /home/kidds/testedoptee/optee_os/out/arm/export-ta_arm32/lib/libutee.a(user_ta_entry.o)
 .ARM.extab     0x000000000001b1a4        0x0 /home/kidds/testedoptee/optee_os/out/arm/export-ta_arm32/lib/libutee.a(tcb.o)
 .ARM.extab     0x000000000001b1a4        0x0 /home/kidds/testedoptee/optee_os/out/arm/export-ta_arm32/lib/libmbedtls.a(platform_util.o)
 .ARM.extab     0x000000000001b1a4        0x0 /home/kidds/testedoptee/optee_os/out/arm/export-ta_arm32/lib/libutils.a(trace.o)
 .ARM.extab     0x000000000001b1a4        0x0 /home/kidds/testedoptee/optee_os/out/arm/export-ta_arm32/lib/libutils.a(mempool.o)
 .ARM.extab     0x000000000001b1a4        0x0 /home/kidds/testedoptee/optee_os/out/arm/export-ta_arm32/lib/libutils.a(consttime_memcmp.o)
 .ARM.extab     0x000000000001b1a4        0x0 /home/kidds/testedoptee/optee_os/out/arm/export-ta_arm32/lib/libutils.a(memchr.o)
                [!provide]                        PROVIDE (__exidx_start = .)

.ARM.exidx      0x000000000001b1a4     0x1140
 *(SORT_BY_ALIGNMENT(.ARM.exidx*) SORT_BY_ALIGNMENT(.gnu.linkonce.armexidx.*))
 .ARM.exidx     0x000000000001b1c4       0x90 ./ta_main.o
                                         0xa0 (size before relaxing)
 .ARM.exidx     0x000000000001c17c       0x10 ./user_ta_header.o
 .ARM.exidx.text.__ta_entry
                0x000000000001b254        0x8 ./ta_entry_a32.o
 .ARM.exidx     0x000000000001b25c        0x8 ../talib1//libtalib1.a(params.o)
 .ARM.exidx     0x000000000001b264       0x38 ../talib1//libtalib1.a(sm4.o)
                                         0x48 (size before relaxing)
 .ARM.exidx     0x000000000001b29c       0x68 ../talib1//libtalib1.a(sm9.o)
 .ARM.exidx     0x000000000001b304       0x28 ../talib1//libtalib1.a(sm2.o)
                                         0x30 (size before relaxing)
 .ARM.exidx     0x000000000001b32c       0x40 ../talib1//libtalib1.a(pkey.o)
                                         0x50 (size before relaxing)
 .ARM.exidx     0x000000000001b36c       0x90 ../talib1//libtalib1.a(bn.o)
                                         0x98 (size before relaxing)
 .ARM.exidx     0x000000000001b3fc       0xb8 ../talib1//libtalib1.a(bn_field2.o)
                                         0xc0 (size before relaxing)
 .ARM.exidx     0x000000000001b4b4       0xc0 ../talib1//libtalib1.a(bn_field12.o)
 .ARM.exidx     0x000000000001b574       0x78 ../talib1//libtalib1.a(bn_point.o)
 .ARM.exidx     0x000000000001b5ec       0x80 ../talib1//libtalib1.a(bn_point2.o)
 .ARM.exidx     0x000000000001b66c       0x20 ../talib1//libtalib1.a(bn_pairing.o)
 .ARM.exidx     0x000000000001b68c       0x48 ../talib1//libtalib1.a(sm3.o)
 .ARM.exidx     0x000000000001b6d4       0x60 ../talib1//libtalib1.a(utility.o)
                                         0x70 (size before relaxing)
 .ARM.exidx     0x000000000001b734       0xb8 ../talib1//libtalib1.a(bn_field4.o)
 .ARM.exidx     0x000000000001b7ec       0x10 ../talib1//libtalib1.a(libmath.o)
 .ARM.exidx     0x000000000001b7fc       0x18 ../talib2//libtalib2.a(kem.o)
 .ARM.exidx     0x000000000001c18c        0x8 ../talib2//libtalib2.a(verify.o)
                                         0x10 (size before relaxing)
 .ARM.exidx     0x000000000001b1a4       0x20 ../talib2//libtalib2.a(mtwister.o)
 .ARM.exidx     0x000000000001b814       0x78 ../talib2//libtalib2.a(fips202.o)
                                         0xb0 (size before relaxing)
 .ARM.exidx     0x000000000001b88c       0x28 ../talib2//libtalib2.a(indcpa.o)
 .ARM.exidx     0x000000000001c194        0x8 ../talib2//libtalib2.a(symmetric-shake.o)
                                         0x10 (size before relaxing)